$ cd /home/ivo/repo/rs-verified-der/lean && lake build DerVerified
⚠ [1512/1704] Replayed Aeneas.Std.Slice
warning: Aeneas/Std/Slice.lean:363:4: declaration uses `sorry`
warning: Aeneas/Std/Slice.lean:586:8: declaration uses `sorry`
⚠ [1591/1704] Replayed Aeneas.Std.StringIter
warning: Aeneas/Std/StringIter.lean:13:4: declaration uses `sorry`
⚠ [1694/1704] Replayed BigIntProofs
warning: BigIntProofs.lean:139:23: This simp argument is unused:
  ↓reduceIte

Hint: Omit it from the simp argument list.
  simp only [hempty,̵ ̵↓̵r̵e̵d̵u̵c̵e̵I̵t̵e̵]

Note: This linter can be disabled with `set_option linter.unusedSimpArgs false`
info: BigIntProofs.lean:186:0: 'DerVerified.BigInteger.is_negative_spec' depends on axioms: [propext,
 Classical.choice,
 Quot.sound,
 bitand_spec,
 first_spec,
 is_some_and_spec,
 Shared0U8.Insts.CoreOpsBitBitAndU8U8.bitand,
 core.option.Option.is_some_and,
 core.slice.Slice.first,
 bv8_and_0x80_eq_zero_iff._native.bv_decide.ax_1_5]
info: BigIntProofs.lean:187:0: 'DerVerified.BigInteger.validate_iff_minimal' depends on axioms: [propext,
 Classical.choice,
 Quot.sound,
 bv8_and_0x80_eq_zero_iff._native.bv_decide.ax_1_5]
info: BigIntProofs.lean:342:0: 'DerVerified.BigInteger.encode_minimal_integer_into_loop_spec' depends on axioms: [propext,
 Classical.choice,
 Quot.sound,
 bv8_and_0x80_eq_zero_iff._native.bv_decide.ax_1_5]
info: BigIntProofs.lean:391:0: 'DerVerified.BigInteger.encode_minimal_integer_into_spec' depends on axioms: [propext,
 Classical.choice,
 Quot.sound,
 bv8_and_0x80_eq_zero_iff._native.bv_decide.ax_1_5]
info: BigIntProofs.lean:413:0: 'DerVerified.BigInteger.encode_minimal_integer_into_roundtrip' depends on axioms: [propext,
 Classical.choice,
 Quot.sound,
 bv8_and_0x80_eq_zero_iff._native.bv_decide.ax_1_5]
info: BigIntProofs.lean:518:0: 'DerVerified.BigInteger.encode_minimal_integer_into_loop_fixed_point' depends on axioms: [propext,
 Classical.choice,
 Quot.sound,
 bv8_and_0x80_eq_zero_iff._native.bv_decide.ax_1_5]
info: BigIntProofs.lean:572:0: 'DerVerified.BigInteger.encode_minimal_integer_into_exact' depends on axioms: [propext,
 Classical.choice,
 Quot.sound,
 bv8_and_0x80_eq_zero_iff._native.bv_decide.ax_1_5]
info: BigIntProofs.lean:603:0: 'DerVerified.BigInteger.encode_minimal_integer_into_succeeds' depends on axioms: [propext,
 Classical.choice,
 Quot.sound,
 bv8_and_0x80_eq_zero_iff._native.bv_decide.ax_1_5]
info: BigIntProofs.lean:640:0: 'DerVerified.BigInteger.IsMinimalDer_two_case' depends on axioms: [propext, Classical.choice, Quot.sound]
ℹ [1696/1704] Replayed OidProofs
info: OidProofs.lean:258:0: 'DerVerified.Oid.validate_oid_loop_spec' depends on axioms: [propext,
 Classical.choice,
 Quot.sound,
 bv8_and_0x80_eq_zero_iff._native.bv_decide.ax_1_5]
info: OidProofs.lean:300:0: 'DerVerified.Oid.validate_iff_canonical' depends on axioms: [propext,
 Classical.choice,
 Quot.sound,
 bv8_and_0x80_eq_zero_iff._native.bv_decide.ax_1_5]
⚠ [1698/1704] Replayed TlvProofs
warning: TlvProofs.lean:128:8: `push_neg` has been deprecated. Prefer using `push Not` instead.
If you'd rather continue using `push_neg` in your project, you can implement it as follows:
```
open Lean.Parser.Tactic in
macro "push_neg" cfg:optConfig loc:(location)? : tactic =>
  `(tactic| push $cfg:optConfig Not $[$loc]?)
```
warning: TlvProofs.lean:108:5: unused variable `hi1`

Note: This linter can be disabled with `set_option linter.unusedVariables false`
warning: TlvProofs.lean:123:17: This simp argument is unused:
  hoeq

Hint: Omit it from the simp argument list.
  simp only [h̵o̵e̵q̵,̵ ̵WP.spec_ok]

Note: This linter can be disabled with `set_option linter.unusedSimpArgs false`
warning: TlvProofs.lean:134:17: This simp argument is unused:
  hoeq

Hint: Omit it from the simp argument list.
  simp only ̵[̵h̵o̵e̵q̵]̵

Note: This linter can be disabled with `set_option linter.unusedSimpArgs false`
warning: TlvProofs.lean:215:18: This simp argument is unused:
  hfirst

Hint: Omit it from the simp argument list.
  simp ̵[̵h̵f̵i̵r̵s̵t̵]̵

Note: This linter can be disabled with `set_option linter.unusedSimpArgs false`
warning: TlvProofs.lean:327:18: This simp argument is unused:
  hfirst

Hint: Omit it from the simp argument list.
  simp ̵[̵h̵f̵i̵r̵s̵t̵]̵

Note: This linter can be disabled with `set_option linter.unusedSimpArgs false`
info: TlvProofs.lean:527:0: 'DerVerified.Tlv.decode_tlv_structure' depends on axioms: [propext,
 Classical.choice,
 Quot.sound,
 first_spec,
 length_decode_total,
 length_decode_used_le,
 result_map_err_err_spec,
 result_map_err_ok_spec,
 try_from_u32_usize_spec,
 Usize.Insts.CoreConvertTryFromU32TryFromIntError.try_from,
 core.result.Result.map_err,
 core.slice.Slice.first]
⚠ [1700/1704] Replayed SequenceProofs
warning: SequenceProofs.lean:124:8: `push_neg` has been deprecated. Prefer using `push Not` instead.
If you'd rather continue using `push_neg` in your project, you can implement it as follows:
```
open Lean.Parser.Tactic in
macro "push_neg" cfg:optConfig loc:(location)? : tactic =>
  `(tactic| push $cfg:optConfig Not $[$loc]?)
```
warning: SequenceProofs.lean:104:5: unused variable `hi1`

Note: This linter can be disabled with `set_option linter.unusedVariables false`
warning: SequenceProofs.lean:119:17: This simp argument is unused:
  hoeq

Hint: Omit it from the simp argument list.
  simp only [h̵o̵e̵q̵,̵ ̵WP.spec_ok]

Note: This linter can be disabled with `set_option linter.unusedSimpArgs false`
warning: SequenceProofs.lean:130:17: This simp argument is unused:
  hoeq

Hint: Omit it from the simp argument list.
  simp only ̵[̵h̵o̵e̵q̵]̵

Note: This linter can be disabled with `set_option linter.unusedSimpArgs false`
warning: SequenceProofs.lean:210:18: This simp argument is unused:
  hfirst

Hint: Omit it from the simp argument list.
  simp ̵[̵h̵f̵i̵r̵s̵t̵]̵

Note: This linter can be disabled with `set_option linter.unusedSimpArgs false`
warning: SequenceProofs.lean:321:18: This simp argument is unused:
  hfirst

Hint: Omit it from the simp argument list.
  simp ̵[̵h̵f̵i̵r̵s̵t̵]̵

Note: This linter can be disabled with `set_option linter.unusedSimpArgs false`
warning: SequenceProofs.lean:669:17: This simp argument is unused:
  ho

Hint: Omit it from the simp argument list.
  simp only [h̵o̵,̵ ̵WP.spec_ok]

Note: This linter can be disabled with `set_option linter.unusedSimpArgs false`
warning: SequenceProofs.lean:678:17: This simp argument is unused:
  ho

Hint: Omit it from the simp argument list.
  simp only ̵[̵h̵o̵]̵

Note: This linter can be disabled with `set_option linter.unusedSimpArgs false`
warning: SequenceProofs.lean:699:17: This simp argument is unused:
  ho

Hint: Omit it from the simp argument list.
  simp only [h̵o̵,̵ ̵WP.spec_ok]

Note: This linter can be disabled with `set_option linter.unusedSimpArgs false`
info: SequenceProofs.lean:732:0: 'DerVerified.Sequence.decode_tlv_progress' depends on axioms: [propext,
 Classical.choice,
 Quot.sound,
 first_spec,
 length_decode_total,
 length_decode_used_le,
 result_map_err_err_spec,
 result_map_err_ok_spec,
 try_from_u32_usize_spec,
 Usize.Insts.CoreConvertTryFromU32TryFromIntError.try_from,
 core.result.Result.map_err,
 core.slice.Slice.first]
info: SequenceProofs.lean:733:0: 'DerVerified.Sequence.elements_next_progress' depends on axioms: [propext,
 Classical.choice,
 Quot.sound,
 first_spec,
 length_decode_total,
 length_decode_used_le,
 result_map_err_err_spec,
 result_map_err_ok_spec,
 try_from_u32_usize_spec,
 Usize.Insts.CoreConvertTryFromU32TryFromIntError.try_from,
 core.result.Result.map_err,
 core.slice.Slice.first]
info: SequenceProofs.lean:734:0: 'DerVerified.Sequence.decode_sequence_loop_spec' depends on axioms: [propext,
 Classical.choice,
 Quot.sound,
 first_spec,
 length_decode_total,
 length_decode_used_le,
 result_map_err_err_spec,
 result_map_err_ok_spec,
 try_from_u32_usize_spec,
 Usize.Insts.CoreConvertTryFromU32TryFromIntError.try_from,
 core.result.Result.map_err,
 core.slice.Slice.first]
info: SequenceProofs.lean:735:0: 'DerVerified.Sequence.decode_sequence_structure' depends on axioms: [propext,
 Classical.choice,
 Quot.sound,
 first_spec,
 length_decode_total,
 length_decode_used_le,
 result_map_err_err_spec,
 result_map_err_ok_spec,
 try_from_u32_usize_spec,
 Usize.Insts.CoreConvertTryFromU32TryFromIntError.try_from,
 core.result.Result.map_err,
 core.slice.Slice.first]
⚠ [1702/1704] Replayed TagProofs
warning: TagProofs.lean:118:8: `push_neg` has been deprecated. Prefer using `push Not` instead.
If you'd rather continue using `push_neg` in your project, you can implement it as follows:
```
open Lean.Parser.Tactic in
macro "push_neg" cfg:optConfig loc:(location)? : tactic =>
  `(tactic| push $cfg:optConfig Not $[$loc]?)
```
warning: TagProofs.lean:96:5: unused variable `hi1`

Note: This linter can be disabled with `set_option linter.unusedVariables false`
warning: TagProofs.lean:112:17: This simp argument is unused:
  hoeq

Hint: Omit it from the simp argument list.
  simp only [h̵o̵e̵q̵,̵ ̵WP.spec_ok]

Note: This linter can be disabled with `set_option linter.unusedSimpArgs false`
warning: TagProofs.lean:124:17: This simp argument is unused:
  hoeq

Hint: Omit it from the simp argument list.
  simp only ̵[̵h̵o̵e̵q̵]̵

Note: This linter can be disabled with `set_option linter.unusedSimpArgs false`
info: TagProofs.lean:185:0: 'DerVerified.Tag.decode_tag_loop_spec' depends on axioms: [propext, Classical.choice, Quot.sound]
warning: TagProofs.lean:217:18: This simp argument is unused:
  hfirst

Hint: Omit it from the simp argument list.
  simp ̵[̵h̵f̵i̵r̵s̵t̵]̵

Note: This linter can be disabled with `set_option linter.unusedSimpArgs false`
info: TagProofs.lean:257:0: 'DerVerified.Tag.tag_decode_total' depends on axioms: [propext,
 Classical.choice,
 Quot.sound,
 first_spec,
 core.slice.Slice.first]
warning: TagProofs.lean:343:18: This simp argument is unused:
  hfirst

Hint: Omit it from the simp argument list.
  simp ̵[̵h̵f̵i̵r̵s̵t̵]̵

Note: This linter can be disabled with `set_option linter.unusedSimpArgs false`
info: TagProofs.lean:370:0: 'DerVerified.Tag.tag_decode_used_bounds' depends on axioms: [propext,
 Classical.choice,
 Quot.sound,
 first_spec,
 core.slice.Slice.first]
✖ [1703/1704] Building LengthProofs (6.1s)
trace: .> LEAN_PATH=/home/ivo/repo/rs-verified-der/lean/.lake/packages/Cli/.lake/build/lib/lean:/home/ivo/repo/rs-verified-der/lean/.lake/packages/batteries/.lake/build/lib/lean:/home/ivo/repo/rs-verified-der/lean/.lake/packages/Qq/.lake/build/lib/lean:/home/ivo/repo/rs-verified-der/lean/.lake/packages/aesop/.lake/build/lib/lean:/home/ivo/repo/rs-verified-der/lean/.lake/packages/proofwidgets/.lake/build/lib/lean:/home/ivo/repo/rs-verified-der/lean/.lake/packages/importGraph/.lake/build/lib/lean:/home/ivo/repo/rs-verified-der/lean/.lake/packages/LeanSearchClient/.lake/build/lib/lean:/home/ivo/repo/rs-verified-der/lean/.lake/packages/plausible/.lake/build/lib/lean:/home/ivo/repo/rs-verified-der/lean/.lake/packages/mathlib/.lake/build/lib/lean:/home/ivo/Downloads/verified_rs_tools/aeneas/backends/lean/.lake/build/lib/lean:/home/ivo/repo/rs-verified-der/lean/.lake/build/lib/lean /home/ivo/.elan/toolchains/leanprover--lean4---v4.30.0-rc2/bin/lean /home/ivo/repo/rs-verified-der/lean/LengthProofs.lean -o /home/ivo/repo/rs-verified-der/lean/.lake/build/lib/lean/LengthProofs.olean -i /home/ivo/repo/rs-verified-der/lean/.lake/build/lib/lean/LengthProofs.ilean -c /home/ivo/repo/rs-verified-der/lean/.lake/build/ir/LengthProofs.c --setup /home/ivo/repo/rs-verified-der/lean/.lake/build/ir/LengthProofs.setup.json --json
warning: LengthProofs.lean:217:8: `List.take_succ` has been deprecated: Use `List.take_add_one` instead
error: LengthProofs.lean:812:4: unsolved goals
case h.e'_3
s : Slice U8
b : U8
hb : (↑s)[0]? = some b
hlt : ↑b < 128
i : U32
hi : i = UScalar.cast UScalarTy.U32 b
heq : core.result.Result.Ok (i, 1#usize) = core.result.Result.Ok (i, 1#usize)
hv : ↑i = ↑b
this : length.encode_length i ⦃ (re, relen) => ↑relen = 1 ∧ ∀ i < 1, (↑re)[i]! = (↑s)[i]! ⦄
⊢ (uncurry fun re relen => ↑relen = 2 ∧ (↑re)[0] = (↑s)[0]?.getD default) =
    uncurry fun re relen => ↑relen = 1 ∧ (↑re)[0] = (↑s)[0]?.getD default
error: LengthProofs.lean:865:16: unsolved goals
case h.e'_3
s : Slice U8
b : U8
hb : (↑s)[0]? = some b
hlt : ¬↑b < 128
h128 : ¬b = 128#u8
h255 : ¬b = 255#u8
i : U8
hi : ↑i = ↑(b &&& 127#u8)
_✝¹ : i.bv = b.bv &&& 127#u8.bv
nn : Usize
hnn : nn = UScalar.cast UScalarTy.Usize i
i2 : Usize
hi2 : ↑i2 = 1 + ↑nn
hbrange : 128 < ↑b ∧ ↑b < 255
hnnval : ↑nn = ↑b &&& 127
hnn1 : 1 ≤ ↑nn
htrunc : ¬s.len < i2
henough : 1 + ↑nn ≤ (↑s).length
octets : Slice U8
hoct : ↑octets = List.slice 1 ↑i2 ↑s
_✝ : octets.length = ↑i2 - 1
i3 : U8
hi3 : i3 = (↑octets)[0]
hlen_oct : (↑octets).length = ↑nn
hocpos : 0 < (↑octets).length
ws : List U8 := List.take (↑nn) (List.drop 1 ↑s)
hwsdef : ws = List.take (↑nn) (List.drop 1 ↑s)
hoct_ws : ↑octets = ws
hz : ¬i3 = 0#u8
hnz : ws[0]! ≠ 0#u8
hn4 : ¬↑nn > 4
val : U32
hval : ↑val = beVal ws
hvlt : ¬↑val < 128
i4 : Usize
hi4 : ↑i4 = 1 + ↑nn
heq : core.result.Result.Ok (val, i4) = core.result.Result.Ok (val, i4)
hwslen : ws.length = ↑nn
this : length.encode_length val ⦃ (re, relen) => ↑relen = 1 + ↑nn ∧ ∀ i < 1 + ↑nn, (↑re)[i]! = (↑s)[i]! ⦄
⊢ (uncurry fun re relen =>
      ↑relen = 1 + (↑b &&& 127) + 1 ∧ ∀ i < 1 + (↑b &&& 127), (↑re)[i]?.getD default = (↑s)[i]?.getD default) =
    uncurry fun re relen =>
      ↑relen = 1 + (↑b &&& 127) ∧ ∀ i < 1 + (↑b &&& 127), (↑re)[i]?.getD default = (↑s)[i]?.getD default
info: LengthProofs.lean:876:0: 'DerVerified.Length.decode_indefinite' depends on axioms: [propext,
 Classical.choice,
 Quot.sound,
 first_spec,
 core.slice.Slice.first]
info: LengthProofs.lean:877:0: 'DerVerified.Length.decode_short_form' depends on axioms: [propext,
 Classical.choice,
 Quot.sound,
 first_spec,
 core.slice.Slice.first]
info: LengthProofs.lean:878:0: 'DerVerified.Length.decode_truncated_long' depends on axioms: [propext,
 Classical.choice,
 Quot.sound,
 first_spec,
 core.slice.Slice.first]
info: LengthProofs.lean:879:0: 'DerVerified.Length.decode_nonminimal_leading_zero' depends on axioms: [propext,
 Classical.choice,
 Quot.sound,
 first_spec,
 core.slice.Slice.first]
info: LengthProofs.lean:880:0: 'DerVerified.Length.decode_toolarge' depends on axioms: [propext,
 Classical.choice,
 Quot.sound,
 first_spec,
 core.slice.Slice.first]
info: LengthProofs.lean:881:0: 'DerVerified.Length.decode_length_loop_spec' depends on axioms: [propext,
 Classical.choice,
 Quot.sound,
 shl8_or_bv._native.bv_decide.ax_1_5]
info: LengthProofs.lean:882:0: 'DerVerified.Length.decode_long_form_accept' depends on axioms: [propext,
 Classical.choice,
 Quot.sound,
 first_spec,
 core.slice.Slice.first,
 shl8_or_bv._native.bv_decide.ax_1_5]
info: LengthProofs.lean:883:0: 'DerVerified.Length.decode_long_form_nonminimal_value' depends on axioms: [propext,
 Classical.choice,
 Quot.sound,
 first_spec,
 core.slice.Slice.first,
 shl8_or_bv._native.bv_decide.ax_1_5]
info: LengthProofs.lean:884:0: 'DerVerified.Length.encode_length_loop0_spec' depends on axioms: [propext, Classical.choice, Quot.sound]
info: LengthProofs.lean:885:0: 'DerVerified.Length.encode_length_loop1_spec' depends on axioms: [propext, Classical.choice, Quot.sound]
info: LengthProofs.lean:886:0: 'DerVerified.Length.to_be_bytes_significant' depends on axioms: [propext, Classical.choice, Quot.sound]
info: LengthProofs.lean:887:0: 'DerVerified.Length.encode_length_long_spec' depends on axioms: [propext,
 Classical.choice,
 Quot.sound,
 bv_or_0x80._native.bv_decide.ax_1_5]
info: LengthProofs.lean:888:0: 'DerVerified.Length.encode_length_short_spec' depends on axioms: [propext, Classical.choice, Quot.sound]
info: LengthProofs.lean:889:0: 'DerVerified.Length.roundtrip_long' depends on axioms: [propext,
 Classical.choice,
 Quot.sound,
 bv_or_0x80._native.bv_decide.ax_1_5,
 u8_high_bit_decomp._native.bv_decide.ax_1_5]
info: LengthProofs.lean:890:0: 'DerVerified.Length.roundtrip_short' depends on axioms: [propext, Classical.choice, Quot.sound]
info: LengthProofs.lean:891:0: 'DerVerified.Length.decode_accepts_only_canonical' depends on axioms: [propext,
 sorryAx,
 Classical.choice,
 Quot.sound,
 first_spec,
 core.slice.Slice.first,
 shl8_or_bv._native.bv_decide.ax_1_5,
 u8_high_bit_decomp._native.bv_decide.ax_1_5]
error: Lean exited with code 1
Some required targets logged failures:
- LengthProofs
error: build failed

[exit status: 1]  [wall: 6.7s]
