# der-verified full-gate run (./check.sh)
# commit: ea8dad4
# dirty-tracked-paths-at-launch: 0 (0 means the log verifies exactly this commit's bytes)
# host: Linux 7.0.0-28-generic x86_64, 16 cores, 29 GB RAM
# MemAvailable at launch: 23264 MB
# cgroup cap: MemoryMax=20G MemoryHigh=18G MemorySwapMax=0 (systemd-run --user --scope)
#   COMPUTED at launch as (MemAvailable - 2GiB), not a constant.
# cbmc (PATH)  : not-on-PATH
# cbmc (kani)  : 6.8.0 (cbmc-6.8.0)  [/home/ivo/.kani/kani-0.67.0/bin/cbmc]
# rustc   : rustc 1.97.0 (2d8144b78 2026-07-07)
# cargo   : cargo 1.97.0 (c980f4866 2026-06-30)
# kani    : cargo-kani 0.67.0
# which cargo: /home/ivo/.cargo/bin/cargo
# started: 2026-08-03T12:58:08+02:00
# NOTE: kani harnesses run SEQUENTIALLY (no -j) — parallel harnesses multiply peak RSS.
#
# check.sh exit: 137
# wall clock: /home/ivo/repo/rs-verified-der/evidence/raw/.meta-ea8dad4s
# peak cgroup memory (memory.peak, sampled every 5 s from the scope's own cgroup): 18.77 GB (20149284864 bytes)
# finished: 2026-08-03T14:01:37+02:00
#
# ---- THIS FILE IS A DISTILLATION, NOT THE RAW LOG ----
# The complete raw log is committed alongside it, gzipped, at evidence/raw/check-ea8dad4.log.gz
# (raw: 25732626 bytes, 239154 lines, sha256 5a254b2faf3264dab7c15c9afd3e3a8115b5882763955b15094cf244fd430de6).
# This file is exactly that log passed through:
#     grep -E "^(Checking harness|VERIFICATION:|Verification Time:|Manual Harness Summary|Complete - |== |SUMMARY:|test result:|running [0-9]+ test|PASS|FAIL|error)|^ +\*\* [0-9]+ of [0-9]+ (failed|cover propert)"
# Nothing is edited, reordered or summarised by hand: every line below appears verbatim in the
# raw log. Kani's per-check listings (hundreds of lines per harness) are what the filter drops.
#
== hygiene gate (doc links; pure stdlib) ==
PASS check_links: 13 curated doc files, all relative links resolve
== proof-manifest gate: self-test (the gate's own gate; pure stdlib) ==
== proof-manifest gate (PROOF_MANIFEST.md vs source; pure stdlib) ==
== proof-manifest gate: PASS (generated regions + 6 guarded count-claims current) ==
== cargo test (workspace) ==
running 320 tests
test result: ok. 320 passed; 0 failed; 0 ignored; 0 measured; 0 filtered out; finished in 0.00s
running 27 tests
test result: ok. 27 passed; 0 failed; 0 ignored; 0 measured; 0 filtered out; finished in 0.09s
== tier-parity gate (+ its self-test): the LIGHT/HEAVY split is data, so gate it ==
== cargo kani :: der-verified (L3 proof floor) ==
Checking harness big_integer::proofs::strips_redundant_padding...
SUMMARY:
 ** 0 of 214 failed (7 unreachable)
VERIFICATION:- SUCCESSFUL
Verification Time: 0.36608905s
Checking harness big_integer::proofs::is_negative_matches_sign_bit...
SUMMARY:
 ** 0 of 27 failed
VERIFICATION:- SUCCESSFUL
Verification Time: 0.07071335s
Checking harness big_integer::proofs::redundant_negative_padding_is_non_minimal_at_length...
SUMMARY:
 ** 0 of 87 failed
VERIFICATION:- SUCCESSFUL
Verification Time: 0.020051073s
Checking harness big_integer::proofs::redundant_positive_padding_is_non_minimal_at_length...
SUMMARY:
 ** 0 of 87 failed
VERIFICATION:- SUCCESSFUL
Verification Time: 0.020185396s
Checking harness big_integer::proofs::redundant_negative_padding_is_non_minimal...
SUMMARY:
 ** 0 of 83 failed
VERIFICATION:- SUCCESSFUL
Verification Time: 0.015360043s
Checking harness big_integer::proofs::redundant_positive_padding_is_non_minimal...
SUMMARY:
 ** 0 of 83 failed
VERIFICATION:- SUCCESSFUL
Verification Time: 0.015402692s
Checking harness big_integer::proofs::empty_is_empty...
SUMMARY:
 ** 0 of 184 failed (15 unreachable)
VERIFICATION:- SUCCESSFUL
Verification Time: 0.06393945s
Checking harness big_integer::proofs::encode_never_panics...
SUMMARY:
 ** 0 of 80 failed (4 unreachable)
 ** 2 of 2 cover properties satisfied
VERIFICATION:- SUCCESSFUL
Verification Time: 0.3719975s
Checking harness big_integer::proofs::validate_never_panics...
SUMMARY:
 ** 0 of 35 failed
 ** 2 of 2 cover properties satisfied
VERIFICATION:- SUCCESSFUL
Verification Time: 0.0750089s
Checking harness big_integer::proofs::minimality_is_local...
SUMMARY:
 ** 0 of 105 failed
VERIFICATION:- SUCCESSFUL
Verification Time: 0.10254698s
Checking harness big_integer::proofs::minimizer_output_is_always_minimal...
SUMMARY:
 ** 0 of 96 failed (4 unreachable)
VERIFICATION:- SUCCESSFUL
Verification Time: 0.40286604s
Checking harness big_integer::proofs::accepted_is_fixed_point_of_minimizer...
SUMMARY:
 ** 0 of 145 failed (6 unreachable)
VERIFICATION:- SUCCESSFUL
Verification Time: 0.47820756s
Checking harness big_integer::proofs::validate_iff_minimal_oracle...
SUMMARY:
 ** 0 of 50 failed
VERIFICATION:- SUCCESSFUL
Verification Time: 0.077763215s
Checking harness bit_string::proofs::octet_aligned_iff_unused_zero...
SUMMARY:
 ** 0 of 74 failed
VERIFICATION:- SUCCESSFUL
Verification Time: 0.14818275s
Checking harness bit_string::proofs::empty_nonzero_unused_is_classified...
SUMMARY:
 ** 0 of 132 failed (4 unreachable)
VERIFICATION:- SUCCESSFUL
Verification Time: 0.02339546s
Checking harness bit_string::proofs::nonzero_padding_is_classified...
SUMMARY:
 ** 0 of 134 failed
VERIFICATION:- SUCCESSFUL
Verification Time: 0.028702024s
Checking harness bit_string::proofs::unused_too_large_is_classified...
SUMMARY:
 ** 0 of 133 failed (4 unreachable)
VERIFICATION:- SUCCESSFUL
Verification Time: 0.035204917s
Checking harness bit_string::proofs::empty_is_classified...
SUMMARY:
 ** 0 of 132 failed (4 unreachable)
VERIFICATION:- SUCCESSFUL
Verification Time: 0.018903008s
Checking harness bit_string::proofs::decode_accepts_only_canonical...
SUMMARY:
 ** 0 of 101 failed (4 unreachable)
VERIFICATION:- SUCCESSFUL
Verification Time: 0.24410327s
Checking harness bit_string::proofs::decode_never_panics...
SUMMARY:
 ** 0 of 45 failed
 ** 2 of 2 cover properties satisfied
VERIFICATION:- SUCCESSFUL
Verification Time: 0.10213131s
Checking harness bit_string::proofs::roundtrip_canonical...
SUMMARY:
 ** 0 of 119 failed (4 unreachable)
VERIFICATION:- SUCCESSFUL
Verification Time: 0.2928569s
Checking harness boolean::proofs::wrong_length_is_bad_length...
SUMMARY:
 ** 0 of 89 failed (1 unreachable)
VERIFICATION:- SUCCESSFUL
Verification Time: 0.021901784s
Checking harness boolean::proofs::roundtrip...
SUMMARY:
 ** 0 of 87 failed
VERIFICATION:- SUCCESSFUL
Verification Time: 0.01698287s
Checking harness boolean::proofs::one_octet_is_canonical...
SUMMARY:
 ** 0 of 23 failed
VERIFICATION:- SUCCESSFUL
Verification Time: 0.014242617s
Checking harness context_tag::proofs::decode_explicit_context_never_panics...
SUMMARY:
 ** 0 of 122 failed
 ** 2 of 2 cover properties satisfied
VERIFICATION:- SUCCESSFUL
Verification Time: 0.66354525s
Checking harness enumerated::proofs::roundtrip...
SUMMARY:
 ** 0 of 144 failed
VERIFICATION:- SUCCESSFUL
Verification Time: 0.1727285s
Checking harness enumerated::proofs::encode_delegates_to_integer...
SUMMARY:
 ** 0 of 48 failed
 ** 3 of 3 cover properties satisfied
VERIFICATION:- SUCCESSFUL
Verification Time: 0.25051418s
Checking harness enumerated::proofs::decode_delegates_to_integer...
SUMMARY:
 ** 0 of 138 failed
 ** 7 of 7 cover properties satisfied
VERIFICATION:- SUCCESSFUL
Verification Time: 0.26066536s
Checking harness generalized_time::proofs::fraction_non_digit_is_classified...
SUMMARY:
 ** 0 of 257 failed (3 unreachable)
VERIFICATION:- SUCCESSFUL
Verification Time: 0.12300037s
Checking harness generalized_time::proofs::fraction_trailing_zero_is_classified...
SUMMARY:
 ** 0 of 257 failed
VERIFICATION:- SUCCESSFUL
Verification Time: 0.13074933s
Checking harness generalized_time::proofs::fraction_empty_is_classified...
SUMMARY:
 ** 0 of 255 failed (4 unreachable)
VERIFICATION:- SUCCESSFUL
Verification Time: 0.10698934s
Checking harness generalized_time::proofs::bad_fraction_separator_is_classified...
SUMMARY:
 ** 0 of 257 failed (4 unreachable)
VERIFICATION:- SUCCESSFUL
Verification Time: 0.113110036s
Checking harness generalized_time::proofs::second_range_is_classified...
SUMMARY:
 ** 0 of 276 failed (5 unreachable)
VERIFICATION:- SUCCESSFUL
Verification Time: 0.12876374s
Checking harness generalized_time::proofs::minute_range_is_classified...
SUMMARY:
 ** 0 of 276 failed (5 unreachable)
VERIFICATION:- SUCCESSFUL
Verification Time: 0.12713344s
Checking harness generalized_time::proofs::hour_range_is_classified...
SUMMARY:
 ** 0 of 276 failed (5 unreachable)
VERIFICATION:- SUCCESSFUL
Verification Time: 0.12938759s
Checking harness generalized_time::proofs::day_range_is_classified...
SUMMARY:
 ** 0 of 276 failed (5 unreachable)
VERIFICATION:- SUCCESSFUL
Verification Time: 0.13000903s
Checking harness generalized_time::proofs::month_range_is_classified...
SUMMARY:
 ** 0 of 276 failed (5 unreachable)
VERIFICATION:- SUCCESSFUL
Verification Time: 0.13021606s
Checking harness generalized_time::proofs::not_zulu_is_classified...
SUMMARY:
 ** 0 of 257 failed (14 unreachable)
VERIFICATION:- SUCCESSFUL
Verification Time: 0.09758747s
Checking harness generalized_time::proofs::non_digit_is_classified...
SUMMARY:
 ** 0 of 263 failed (16 unreachable)
VERIFICATION:- SUCCESSFUL
Verification Time: 0.123599194s
Checking harness generalized_time::proofs::short_length_is_bad_length...
SUMMARY:
 ** 0 of 256 failed (18 unreachable)
VERIFICATION:- SUCCESSFUL
Verification Time: 0.2272769s
Checking harness generalized_time::proofs::accepted_iff_canonical_oracle...
SUMMARY:
 ** 0 of 238 failed
VERIFICATION:- SUCCESSFUL
Verification Time: 1.2450675s
Checking harness generalized_time::proofs::decode_accepts_only_canonical...
SUMMARY:
 ** 0 of 367 failed
VERIFICATION:- SUCCESSFUL
Verification Time: 1.6268215s
Checking harness generalized_time::proofs::decode_never_panics...
SUMMARY:
 ** 0 of 95 failed
 ** 3 of 3 cover properties satisfied
VERIFICATION:- SUCCESSFUL
Verification Time: 0.45286208s
Checking harness generalized_time::proofs::roundtrip_all_fields...
SUMMARY:
 ** 0 of 456 failed
VERIFICATION:- SUCCESSFUL
Verification Time: 1.4100003s
Checking harness integer::proofs::nine_octets_is_too_large...
SUMMARY:
 ** 0 of 126 failed (4 unreachable)
VERIFICATION:- SUCCESSFUL
Verification Time: 0.020100344s
Checking harness integer::proofs::redundant_negative_padding_is_non_minimal...
SUMMARY:
 ** 0 of 110 failed (4 unreachable)
VERIFICATION:- SUCCESSFUL
Verification Time: 0.01915005s
Checking harness integer::proofs::redundant_positive_padding_is_non_minimal...
SUMMARY:
 ** 0 of 110 failed (4 unreachable)
VERIFICATION:- SUCCESSFUL
Verification Time: 0.018776188s
Checking harness integer::proofs::empty_is_classified...
SUMMARY:
 ** 0 of 110 failed (6 unreachable)
VERIFICATION:- SUCCESSFUL
Verification Time: 0.015378202s
Checking harness integer::proofs::decode_accepts_only_minimal...
SUMMARY:
 ** 0 of 85 failed
VERIFICATION:- SUCCESSFUL
Verification Time: 0.30463836s
Checking harness integer::proofs::decode_never_panics...
SUMMARY:
 ** 0 of 51 failed
 ** 2 of 2 cover properties satisfied
VERIFICATION:- SUCCESSFUL
Verification Time: 0.099527135s
Checking harness integer::proofs::roundtrip_all_i64...
SUMMARY:
 ** 0 of 144 failed
VERIFICATION:- SUCCESSFUL
Verification Time: 0.16955332s
Checking harness length::proofs::too_large_is_classified...
SUMMARY:
 ** 0 of 134 failed (4 unreachable)
VERIFICATION:- SUCCESSFUL
Verification Time: 0.06595268s
Checking harness length::proofs::truncated_long_form_is_classified...
SUMMARY:
 ** 0 of 135 failed (6 unreachable)
VERIFICATION:- SUCCESSFUL
Verification Time: 0.09774564s
Checking harness length::proofs::long_form_of_short_value_is_non_minimal...
SUMMARY:
 ** 0 of 134 failed (1 unreachable)
VERIFICATION:- SUCCESSFUL
Verification Time: 0.07139575s
Checking harness length::proofs::leading_zero_is_non_minimal...
SUMMARY:
 ** 0 of 141 failed (4 unreachable)
VERIFICATION:- SUCCESSFUL
Verification Time: 0.10984419s
Checking harness length::proofs::reserved_is_classified...
SUMMARY:
 ** 0 of 137 failed (7 unreachable)
VERIFICATION:- SUCCESSFUL
Verification Time: 0.09703457s
Checking harness length::proofs::indefinite_is_classified...
SUMMARY:
 ** 0 of 137 failed (7 unreachable)
VERIFICATION:- SUCCESSFUL
Verification Time: 0.09716985s
Checking harness length::proofs::decode_accepts_only_canonical...
SUMMARY:
 ** 0 of 80 failed
VERIFICATION:- SUCCESSFUL
Verification Time: 0.23812735s
Checking harness length::proofs::decode_never_panics...
SUMMARY:
 ** 0 of 49 failed
 ** 1 of 1 cover properties satisfied
VERIFICATION:- SUCCESSFUL
Verification Time: 0.11324758s
Checking harness length::proofs::roundtrip_all_u32...
SUMMARY:
 ** 0 of 151 failed
VERIFICATION:- SUCCESSFUL
Verification Time: 0.19151326s
Checking harness null::proofs::only_empty_is_valid...
SUMMARY:
 ** 0 of 59 failed
VERIFICATION:- SUCCESSFUL
Verification Time: 0.023811651s
Checking harness octet_string::proofs::accepted_identifier_is_canonical_0x04...
SUMMARY:
 ** 0 of 121 failed
VERIFICATION:- SUCCESSFUL
Verification Time: 0.61791575s
Checking harness octet_string::proofs::non_octet_string_tag_is_wrong_tag...
SUMMARY:
 ** 0 of 347 failed (11 unreachable)
VERIFICATION:- SUCCESSFUL
Verification Time: 0.33285776s
Checking harness octet_string::proofs::constructed_form_is_rejected...
SUMMARY:
 ** 0 of 347 failed (11 unreachable)
VERIFICATION:- SUCCESSFUL
Verification Time: 0.30599582s
Checking harness octet_string::proofs::accepted_content_is_the_tlv_value...
SUMMARY:
 ** 0 of 151 failed
VERIFICATION:- SUCCESSFUL
Verification Time: 1.5554919s
Checking harness octet_string::proofs::decode_never_panics...
SUMMARY:
 ** 0 of 120 failed
 ** 2 of 2 cover properties satisfied
VERIFICATION:- SUCCESSFUL
Verification Time: 0.6736884s
Checking harness octet_string::proofs::roundtrip_small...
SUMMARY:
 ** 0 of 210 failed (38 unreachable)
VERIFICATION:- SUCCESSFUL
Verification Time: 1.2089233s
Checking harness oid::proofs::unterminated_is_truncated...
SUMMARY:
 ** 0 of 87 failed
VERIFICATION:- SUCCESSFUL
Verification Time: 0.02750434s
Checking harness oid::proofs::later_0x80_is_non_minimal...
SUMMARY:
 ** 0 of 81 failed
VERIFICATION:- SUCCESSFUL
Verification Time: 0.02340418s
Checking harness oid::proofs::leading_0x80_is_non_minimal...
SUMMARY:
 ** 0 of 79 failed (1 unreachable)
VERIFICATION:- SUCCESSFUL
Verification Time: 0.022505876s
Checking harness oid::proofs::empty_is_classified...
SUMMARY:
 ** 0 of 77 failed (2 unreachable)
VERIFICATION:- SUCCESSFUL
Verification Time: 0.013250853s
Checking harness oid::proofs::validate_never_panics...
SUMMARY:
 ** 0 of 89 failed (1 unreachable)
 ** 2 of 2 cover properties satisfied
VERIFICATION:- SUCCESSFUL
Verification Time: 0.12191039s
Checking harness profile::proofs::validate_profile_never_panics...
SUMMARY:
 ** 0 of 92 failed
 ** 2 of 2 cover properties satisfied
VERIFICATION:- SUCCESSFUL
Verification Time: 0.096090935s
Checking harness profile::proofs::error_precedence_follows_declaration_order...
SUMMARY:
 ** 0 of 160 failed
 ** 3 of 3 cover properties satisfied
VERIFICATION:- SUCCESSFUL
Verification Time: 0.11524069s
Checking harness profile::proofs::rule3_generalized_too_early_iff_year_le_2049...
SUMMARY:
 ** 0 of 161 failed
 ** 4 of 4 cover properties satisfied
VERIFICATION:- SUCCESSFUL
Verification Time: 0.11402397s
Checking harness profile::proofs::rule2_requires_v3_iff_extensions_present_and_not_v3...
SUMMARY:
 ** 0 of 159 failed
 ** 3 of 3 cover properties satisfied
VERIFICATION:- SUCCESSFUL
Verification Time: 0.06383443s
Checking harness profile::proofs::rule1_mismatch_iff_algorithms_differ...
SUMMARY:
 ** 0 of 159 failed
 ** 2 of 2 cover properties satisfied
VERIFICATION:- SUCCESSFUL
Verification Time: 0.11621911s
Checking harness profile::proofs::utc_time_can_never_denote_2050_or_later...
SUMMARY:
 ** 0 of 22 failed
 ** 2 of 2 cover properties satisfied
VERIFICATION:- SUCCESSFUL
Verification Time: 0.015277423s
Checking harness restricted_string::proofs::wrong_tag_is_classified_visible...
SUMMARY:
 ** 0 of 483 failed (13 unreachable)
VERIFICATION:- SUCCESSFUL
Verification Time: 0.45303482s
Checking harness restricted_string::proofs::wrong_tag_is_classified_numeric...
SUMMARY:
 ** 0 of 428 failed (13 unreachable)
VERIFICATION:- SUCCESSFUL
Verification Time: 0.45122546s
Checking harness restricted_string::proofs::wrong_tag_is_classified_ia5...
SUMMARY:
 ** 0 of 428 failed (13 unreachable)
VERIFICATION:- SUCCESSFUL
Verification Time: 0.42923766s
Checking harness restricted_string::proofs::wrong_tag_is_classified_printable...
SUMMARY:
 ** 0 of 428 failed (13 unreachable)
VERIFICATION:- SUCCESSFUL
Verification Time: 0.46214542s
Checking harness restricted_string::proofs::out_of_charset_reports_position...
SUMMARY:
 ** 0 of 186 failed (1 unreachable)
VERIFICATION:- SUCCESSFUL
Verification Time: 0.2673687s
Checking harness restricted_string::proofs::accepted_identifier_is_canonical_visible...
SUMMARY:
 ** 0 of 184 failed
VERIFICATION:- SUCCESSFUL
Verification Time: 0.8459285s
Checking harness restricted_string::proofs::accepted_identifier_is_canonical_numeric...
SUMMARY:
 ** 0 of 184 failed
VERIFICATION:- SUCCESSFUL
Verification Time: 0.8531242s
Checking harness restricted_string::proofs::accepted_identifier_is_canonical_ia5...
SUMMARY:
 ** 0 of 184 failed
VERIFICATION:- SUCCESSFUL
Verification Time: 0.79449177s
Checking harness restricted_string::proofs::accepted_identifier_is_canonical_printable...
SUMMARY:
 ** 0 of 184 failed
VERIFICATION:- SUCCESSFUL
Verification Time: 0.8749808s
Checking harness restricted_string::proofs::constructed_form_is_rejected_visible...
SUMMARY:
 ** 0 of 427 failed (13 unreachable)
VERIFICATION:- SUCCESSFUL
Verification Time: 0.3838537s
Checking harness restricted_string::proofs::constructed_form_is_rejected_numeric...
SUMMARY:
 ** 0 of 427 failed (13 unreachable)
VERIFICATION:- SUCCESSFUL
Verification Time: 0.3909737s
Checking harness restricted_string::proofs::constructed_form_is_rejected_ia5...
SUMMARY:
 ** 0 of 427 failed (13 unreachable)
VERIFICATION:- SUCCESSFUL
Verification Time: 0.38448822s
Checking harness restricted_string::proofs::constructed_form_is_rejected_printable...
SUMMARY:
 ** 0 of 427 failed (13 unreachable)
VERIFICATION:- SUCCESSFUL
Verification Time: 0.43145683s
Checking harness restricted_string::proofs::decode_never_panics...
SUMMARY:
 ** 0 of 194 failed
 ** 4 of 4 cover properties satisfied
VERIFICATION:- SUCCESSFUL
Verification Time: 1.0661128s
Checking harness restricted_string::proofs::roundtrip_visible...
SUMMARY:
 ** 0 of 418 failed (38 unreachable)
VERIFICATION:- SUCCESSFUL
Verification Time: 2.0609944s
Checking harness restricted_string::proofs::roundtrip_numeric...
SUMMARY:
 ** 0 of 363 failed (38 unreachable)
VERIFICATION:- SUCCESSFUL
Verification Time: 1.7555643s
Checking harness restricted_string::proofs::roundtrip_ia5...
SUMMARY:
 ** 0 of 363 failed (38 unreachable)
VERIFICATION:- SUCCESSFUL
Verification Time: 1.8083525s
Checking harness restricted_string::proofs::roundtrip_printable...
SUMMARY:
 ** 0 of 363 failed (38 unreachable)
VERIFICATION:- SUCCESSFUL
Verification Time: 2.1584308s
Checking harness restricted_string::proofs::validate_iff_all_in_charset_visible...
SUMMARY:
 ** 0 of 223 failed (1 unreachable)
VERIFICATION:- SUCCESSFUL
Verification Time: 0.19487926s
Checking harness restricted_string::proofs::validate_iff_all_in_charset_numeric...
SUMMARY:
 ** 0 of 168 failed (1 unreachable)
VERIFICATION:- SUCCESSFUL
Verification Time: 0.14842007s
Checking harness restricted_string::proofs::validate_iff_all_in_charset_ia5...
SUMMARY:
 ** 0 of 168 failed (1 unreachable)
VERIFICATION:- SUCCESSFUL
Verification Time: 0.14916131s
Checking harness restricted_string::proofs::validate_iff_all_in_charset_printable...
SUMMARY:
 ** 0 of 168 failed (1 unreachable)
VERIFICATION:- SUCCESSFUL
Verification Time: 0.18569022s
Checking harness restricted_string::proofs::charset_exactly_matches_oracle_visible...
SUMMARY:
 ** 0 of 105 failed
VERIFICATION:- SUCCESSFUL
Verification Time: 0.01663006s
Checking harness restricted_string::proofs::charset_exactly_matches_oracle_numeric...
SUMMARY:
 ** 0 of 50 failed
VERIFICATION:- SUCCESSFUL
Verification Time: 0.010166978s
Checking harness restricted_string::proofs::charset_exactly_matches_oracle_ia5...
SUMMARY:
 ** 0 of 50 failed
VERIFICATION:- SUCCESSFUL
Verification Time: 0.009807927s
Checking harness restricted_string::proofs::charset_exactly_matches_oracle_printable...
SUMMARY:
 ** 0 of 50 failed
VERIFICATION:- SUCCESSFUL
Verification Time: 0.015626093s
Checking harness sequence::proofs::strict_rejects_trailing...
SUMMARY:
 ** 0 of 322 failed (11 unreachable)
VERIFICATION:- SUCCESSFUL
Verification Time: 0.3590921s
Checking harness sequence::proofs::accepted_identifier_is_canonical_0x30...
SUMMARY:
 ** 0 of 119 failed
VERIFICATION:- SUCCESSFUL
Verification Time: 0.64824754s
Checking harness sequence::proofs::tag_correctness...
SUMMARY:
 ** 0 of 330 failed (11 unreachable)
VERIFICATION:- SUCCESSFUL
Verification Time: 1.0691051s
Checking harness sequence::proofs::roundtrip_two_children...
SUMMARY:
 ** 0 of 476 failed (38 unreachable)
VERIFICATION:- SUCCESSFUL
Verification Time: 35.448215s
Checking harness sequence::proofs::ok_implies_exact_tiling...
SUMMARY:
 ** 0 of 144 failed
VERIFICATION:- SUCCESSFUL
Verification Time: 78.24531s
Checking harness sequence::proofs::no_over_read...
SUMMARY:
 ** 0 of 96 failed
VERIFICATION:- SUCCESSFUL
Verification Time: 31.353426s
Checking harness sequence::proofs::iterate_never_panics...
SUMMARY:
 ** 0 of 321 failed
 ** 2 of 2 cover properties satisfied
VERIFICATION:- SUCCESSFUL
Verification Time: 40.17921s
Checking harness set_of::proofs::roundtrip_two_sorted_children...
SUMMARY:
 ** 0 of 482 failed (41 unreachable)
VERIFICATION:- SUCCESSFUL
Verification Time: 128.14981s
Checking harness set_of::proofs::strict_rejects_trailing...
SUMMARY:
 ** 0 of 431 failed (22 unreachable)
VERIFICATION:- SUCCESSFUL
Verification Time: 38.050808s
Checking harness set_of::proofs::accepted_identifier_is_canonical_0x31...
SUMMARY:
 ** 0 of 200 failed (2 unreachable)
VERIFICATION:- SUCCESSFUL
Verification Time: 217.67049s
Checking harness set_of::proofs::tag_correctness...
SUMMARY:
 ** 0 of 429 failed (19 unreachable)
VERIFICATION:- SUCCESSFUL
Verification Time: 152.91768s
Checking harness set_of::proofs::duplicate_adjacent_encodings_are_accepted...
SUMMARY:
 ** 0 of 361 failed (16 unreachable)
VERIFICATION:- SUCCESSFUL
Verification Time: 35.621628s
Checking harness set_of::proofs::unsorted_reports_first_violation_index_depth_four...
SUMMARY:
 ** 0 of 361 failed (13 unreachable)
VERIFICATION:- SUCCESSFUL
Verification Time: 48.030342s
Checking harness set_of::proofs::unsorted_reports_first_violation_index...
SUMMARY:
 ** 0 of 361 failed (13 unreachable)
VERIFICATION:- SUCCESSFUL
Verification Time: 49.98293s
Checking harness set_of::proofs::unsorted_children_are_rejected...
SUMMARY:
 ** 0 of 361 failed (13 unreachable)
VERIFICATION:- SUCCESSFUL
Verification Time: 36.81713s
Checking harness set_of::proofs::cmp_padded_matches_oracle...
SUMMARY:
 ** 0 of 106 failed
VERIFICATION:- SUCCESSFUL
Verification Time: 0.3777538s
Checking harness set_of::proofs::ordering_iff_oracle...
SUMMARY:
 ** 0 of 202 failed (13 unreachable)
VERIFICATION:- SUCCESSFUL
Verification Time: 55.138878s
Checking harness set_of::proofs::ok_implies_exact_tiling...
SUMMARY:
 ** 0 of 179 failed (2 unreachable)
VERIFICATION:- SUCCESSFUL
Verification Time: 226.36578s
Checking harness set_of::proofs::no_over_read...
SUMMARY:
 ** 0 of 96 failed
VERIFICATION:- SUCCESSFUL
Verification Time: 32.28685s
Checking harness set_of::proofs::iterate_never_panics...
SUMMARY:
 ** 0 of 362 failed (2 unreachable)
 ** 2 of 2 cover properties satisfied
VERIFICATION:- SUCCESSFUL
Verification Time: 94.60483s
Checking harness tag::proofs::too_large_tag_is_classified...
SUMMARY:
 ** 0 of 142 failed
VERIFICATION:- SUCCESSFUL
Verification Time: 0.03797045s
Checking harness tag::proofs::truncated_high_tag_is_classified...
SUMMARY:
 ** 0 of 142 failed (4 unreachable)
VERIFICATION:- SUCCESSFUL
Verification Time: 0.028879195s
Checking harness tag::proofs::leading_zero_high_tag_is_non_minimal...
SUMMARY:
 ** 0 of 142 failed (4 unreachable)
VERIFICATION:- SUCCESSFUL
Verification Time: 0.02968649s
Checking harness tag::proofs::high_tag_of_small_number_is_non_minimal...
SUMMARY:
 ** 0 of 142 failed
VERIFICATION:- SUCCESSFUL
Verification Time: 0.04490311s
Checking harness tag::proofs::decode_tag_accepts_only_canonical...
SUMMARY:
 ** 0 of 81 failed
VERIFICATION:- SUCCESSFUL
Verification Time: 0.30689633s
Checking harness tag::proofs::decode_tag_never_panics...
SUMMARY:
 ** 0 of 34 failed
 ** 2 of 2 cover properties satisfied
VERIFICATION:- SUCCESSFUL
Verification Time: 0.07225184s
Checking harness tag::proofs::roundtrip_all_tags...
SUMMARY:
 ** 0 of 176 failed
VERIFICATION:- SUCCESSFUL
Verification Time: 0.45767733s
Checking harness tlv::proofs::strict_rejects_trailing...
SUMMARY:
 ** 0 of 293 failed (11 unreachable)
VERIFICATION:- SUCCESSFUL
Verification Time: 0.29953265s
Checking harness tlv::proofs::tlv_truncated_value_is_classified...
SUMMARY:
 ** 0 of 298 failed (11 unreachable)
VERIFICATION:- SUCCESSFUL
Verification Time: 0.26980108s
Checking harness tlv::proofs::tlv_roundtrip_small...
SUMMARY:
 ** 0 of 223 failed (21 unreachable)
VERIFICATION:- SUCCESSFUL
Verification Time: 1.9293334s
Checking harness tlv::proofs::decode_tlv_structure...
SUMMARY:
 ** 0 of 129 failed
VERIFICATION:- SUCCESSFUL
Verification Time: 2.0150025s
Checking harness tlv::proofs::decode_tlv_never_panics...
SUMMARY:
 ** 0 of 95 failed
 ** 3 of 3 cover properties satisfied
VERIFICATION:- SUCCESSFUL
Verification Time: 0.6753902s
Checking harness utc_time::proofs::full_year_pivot_is_correct...
SUMMARY:
 ** 0 of 24 failed
VERIFICATION:- SUCCESSFUL
Verification Time: 0.014464199s
Checking harness utc_time::proofs::decode_postcondition_fields_in_range...
SUMMARY:
 ** 0 of 104 failed
 ** 2 of 2 cover properties satisfied
VERIFICATION:- SUCCESSFUL
Verification Time: 0.29377502s
Checking harness utc_time::proofs::second_range_is_classified...
SUMMARY:
 ** 0 of 201 failed
VERIFICATION:- SUCCESSFUL
Verification Time: 0.061569493s
Checking harness utc_time::proofs::minute_range_is_classified...
SUMMARY:
 ** 0 of 201 failed
VERIFICATION:- SUCCESSFUL
Verification Time: 0.06340022s
Checking harness utc_time::proofs::hour_range_is_classified...
SUMMARY:
 ** 0 of 201 failed
VERIFICATION:- SUCCESSFUL
Verification Time: 0.062420774s
Checking harness utc_time::proofs::day_range_is_classified...
SUMMARY:
 ** 0 of 201 failed
VERIFICATION:- SUCCESSFUL
Verification Time: 0.06467401s
Checking harness utc_time::proofs::month_range_is_classified...
SUMMARY:
 ** 0 of 201 failed
VERIFICATION:- SUCCESSFUL
Verification Time: 0.06357062s
Checking harness utc_time::proofs::not_zulu_is_classified...
SUMMARY:
 ** 0 of 182 failed (7 unreachable)
VERIFICATION:- SUCCESSFUL
Verification Time: 0.039395794s
Checking harness utc_time::proofs::non_digit_is_classified...
SUMMARY:
 ** 0 of 188 failed (8 unreachable)
VERIFICATION:- SUCCESSFUL
Verification Time: 0.058131516s
Checking harness utc_time::proofs::wrong_length_is_bad_length...
SUMMARY:
 ** 0 of 194 failed (10 unreachable)
VERIFICATION:- SUCCESSFUL
Verification Time: 0.11183165s
Checking harness utc_time::proofs::accepted_iff_canonical_oracle...
SUMMARY:
 ** 0 of 173 failed
VERIFICATION:- SUCCESSFUL
Verification Time: 0.5975694s
Checking harness utc_time::proofs::decode_accepts_only_canonical...
SUMMARY:
 ** 0 of 189 failed
VERIFICATION:- SUCCESSFUL
Verification Time: 0.35092527s
Checking harness utc_time::proofs::decode_never_panics...
SUMMARY:
 ** 0 of 60 failed
 ** 1 of 1 cover properties satisfied
VERIFICATION:- SUCCESSFUL
Verification Time: 0.1600628s
Checking harness utc_time::proofs::roundtrip_all_fields...
SUMMARY:
 ** 0 of 309 failed
VERIFICATION:- SUCCESSFUL
Verification Time: 0.2370579s
Checking harness utf8_string::proofs::ill_formed_reports_position...
SUMMARY:
 ** 0 of 216 failed
VERIFICATION:- SUCCESSFUL
Verification Time: 31.047836s
Checking harness utf8_string::proofs::wrong_tag_is_classified...
SUMMARY:
 ** 0 of 422 failed (19 unreachable)
VERIFICATION:- SUCCESSFUL
Verification Time: 13.878672s
Checking harness utf8_string::proofs::accepted_identifier_is_canonical...
SUMMARY:
 ** 0 of 202 failed
VERIFICATION:- SUCCESSFUL
Verification Time: 25.43346s
Checking harness utf8_string::proofs::constructed_form_is_rejected...
SUMMARY:
 ** 0 of 422 failed (19 unreachable)
VERIFICATION:- SUCCESSFUL
Verification Time: 13.395734s
Checking harness utf8_string::proofs::decode_never_panics...
SUMMARY:
 ** 0 of 201 failed
 ** 2 of 2 cover properties satisfied
VERIFICATION:- SUCCESSFUL
Verification Time: 23.99146s
Checking harness utf8_string::proofs::roundtrip...
SUMMARY:
 ** 0 of 413 failed (38 unreachable)
VERIFICATION:- SUCCESSFUL
Verification Time: 108.05649s
Checking harness utf8_string::proofs::validate_iff_std...
SUMMARY:
 ** 0 of 233 failed (7 unreachable)
VERIFICATION:- SUCCESSFUL
Verification Time: 3.8501825s
Checking harness utf8_string::proofs::validate_iff_oracle_multi...
SUMMARY:
 ** 0 of 216 failed
VERIFICATION:- SUCCESSFUL
Verification Time: 13.595264s
Checking harness utf8_string::proofs::validate_iff_oracle...
SUMMARY:
 ** 0 of 216 failed
VERIFICATION:- SUCCESSFUL
Verification Time: 7.215913s
Checking harness x509_algorithm_identifier::proofs::parse_algorithm_identifier_never_panics...
SUMMARY:
 ** 0 of 175 failed
 ** 3 of 3 cover properties satisfied
VERIFICATION:- SUCCESSFUL
Verification Time: 6.8977766s
Checking harness x509_certificate::proofs::parse_certificate_never_panics...
SUMMARY:
 ** 0 of 253 failed (4 unreachable)
 ** 1 of 1 cover properties satisfied
VERIFICATION:- SUCCESSFUL
Verification Time: 50.660755s
Checking harness x509_extension::proofs::validate_extensions_ok_path_witnessed...
SUMMARY:
 ** 0 of 245 failed (12 unreachable)
 ** 1 of 1 cover properties satisfied
VERIFICATION:- SUCCESSFUL
Verification Time: 201.76488s
Checking harness x509_extension::proofs::validate_extensions_never_panics...
