# der-verified full-gate run (./check.sh)
# commit: b355f76
# dirty-tracked-paths-at-launch: 0 (0 means the log verifies exactly this commit's bytes)
# host: Linux 7.0.0-28-generic x86_64, 16 cores, 29 GB RAM
# cgroup cap: MemoryMax=22G MemorySwapMax=0 (systemd-run --user --scope)
# rustc: rustc 1.97.0 (2d8144b78 2026-07-07)
# cargo-kani: cargo-kani 0.67.0
# started: 2026-07-30T22:56:00+02:00
# NOTE: kani harnesses run SEQUENTIALLY (no -j) — parallel harnesses multiply peak RSS.
#
# check.sh exit: 0
# finished: 2026-07-30T23:48:22+02:00
#
# ---- THIS FILE IS A DISTILLATION, NOT THE RAW LOG ----
# The complete raw log is committed alongside it, gzipped, at evidence/raw/check-b355f76.log.gz
# (raw: 28768654 bytes, 259498 lines, sha256 3e79921c292e258b1776fc1ad3f70363e444dc82a246c09704c7e10d8b0061c8).
# This file is exactly that log passed through:
#     grep -E "^(Checking harness|VERIFICATION:|Verification Time:|Manual Harness Summary|Complete - |== |SUMMARY:|test result:|running [0-9]+ test|PASS|FAIL|error)|^ +\*\* [0-9]+ of [0-9]+ (failed|cover propert)"
# Nothing is edited, reordered or summarised by hand: every line below appears verbatim in the
# raw log. Kani's per-check listings (hundreds of lines per harness) are what the filter drops.
# The lines above this block are the raw log's own '#' provenance lines, printed once.
#
== hygiene gate (doc links; pure stdlib) ==
PASS check_links: 14 curated doc files, all relative links resolve
== proof-manifest gate (PROOF_MANIFEST.md vs source; pure stdlib) ==
== proof-manifest gate: PASS (generated regions + 6 guarded count-claims current) ==
== cargo test (workspace) ==
running 309 tests
test result: ok. 309 passed; 0 failed; 0 ignored; 0 measured; 0 filtered out; finished in 0.00s
running 1 test
test result: ok. 1 passed; 0 failed; 0 ignored; 0 measured; 0 filtered out; finished in 0.02s
== cargo kani :: der-verified (L3 proof floor) ==
Checking harness big_integer::proofs::strips_redundant_padding...
SUMMARY:
 ** 0 of 214 failed (7 unreachable)
VERIFICATION:- SUCCESSFUL
Verification Time: 0.36782673s
Checking harness big_integer::proofs::is_negative_matches_sign_bit...
SUMMARY:
 ** 0 of 27 failed
VERIFICATION:- SUCCESSFUL
Verification Time: 0.07165995s
Checking harness big_integer::proofs::redundant_negative_padding_is_non_minimal_at_length...
SUMMARY:
 ** 0 of 87 failed
VERIFICATION:- SUCCESSFUL
Verification Time: 0.020612892s
Checking harness big_integer::proofs::redundant_positive_padding_is_non_minimal_at_length...
SUMMARY:
 ** 0 of 87 failed
VERIFICATION:- SUCCESSFUL
Verification Time: 0.020484293s
Checking harness big_integer::proofs::redundant_negative_padding_is_non_minimal...
SUMMARY:
 ** 0 of 83 failed
VERIFICATION:- SUCCESSFUL
Verification Time: 0.015493347s
Checking harness big_integer::proofs::redundant_positive_padding_is_non_minimal...
SUMMARY:
 ** 0 of 83 failed
VERIFICATION:- SUCCESSFUL
Verification Time: 0.015875887s
Checking harness big_integer::proofs::empty_is_empty...
SUMMARY:
 ** 0 of 184 failed (15 unreachable)
VERIFICATION:- SUCCESSFUL
Verification Time: 0.06335018s
Checking harness big_integer::proofs::encode_never_panics...
SUMMARY:
 ** 0 of 80 failed (4 unreachable)
 ** 2 of 2 cover properties satisfied
VERIFICATION:- SUCCESSFUL
Verification Time: 0.38531584s
Checking harness big_integer::proofs::validate_never_panics...
SUMMARY:
 ** 0 of 35 failed
 ** 2 of 2 cover properties satisfied
VERIFICATION:- SUCCESSFUL
Verification Time: 0.07691198s
Checking harness big_integer::proofs::minimality_is_local...
SUMMARY:
 ** 0 of 105 failed
VERIFICATION:- SUCCESSFUL
Verification Time: 0.106579736s
Checking harness big_integer::proofs::minimizer_output_is_always_minimal...
SUMMARY:
 ** 0 of 96 failed (4 unreachable)
VERIFICATION:- SUCCESSFUL
Verification Time: 0.42365786s
Checking harness big_integer::proofs::accepted_is_fixed_point_of_minimizer...
SUMMARY:
 ** 0 of 145 failed (6 unreachable)
VERIFICATION:- SUCCESSFUL
Verification Time: 0.4907592s
Checking harness big_integer::proofs::validate_iff_minimal_oracle...
SUMMARY:
 ** 0 of 50 failed
VERIFICATION:- SUCCESSFUL
Verification Time: 0.07925777s
Checking harness bit_string::proofs::octet_aligned_iff_unused_zero...
SUMMARY:
 ** 0 of 74 failed
VERIFICATION:- SUCCESSFUL
Verification Time: 0.15191469s
Checking harness bit_string::proofs::empty_nonzero_unused_is_classified...
SUMMARY:
 ** 0 of 132 failed (4 unreachable)
VERIFICATION:- SUCCESSFUL
Verification Time: 0.023818657s
Checking harness bit_string::proofs::nonzero_padding_is_classified...
SUMMARY:
 ** 0 of 134 failed
VERIFICATION:- SUCCESSFUL
Verification Time: 0.029839467s
Checking harness bit_string::proofs::unused_too_large_is_classified...
SUMMARY:
 ** 0 of 133 failed (4 unreachable)
VERIFICATION:- SUCCESSFUL
Verification Time: 0.035471115s
Checking harness bit_string::proofs::empty_is_classified...
SUMMARY:
 ** 0 of 132 failed (4 unreachable)
VERIFICATION:- SUCCESSFUL
Verification Time: 0.019295884s
Checking harness bit_string::proofs::decode_accepts_only_canonical...
SUMMARY:
 ** 0 of 101 failed (4 unreachable)
VERIFICATION:- SUCCESSFUL
Verification Time: 0.24050675s
Checking harness bit_string::proofs::decode_never_panics...
SUMMARY:
 ** 0 of 45 failed
 ** 2 of 2 cover properties satisfied
VERIFICATION:- SUCCESSFUL
Verification Time: 0.1023734s
Checking harness bit_string::proofs::roundtrip_canonical...
SUMMARY:
 ** 0 of 119 failed (4 unreachable)
VERIFICATION:- SUCCESSFUL
Verification Time: 0.3045882s
Checking harness boolean::proofs::wrong_length_is_bad_length...
SUMMARY:
 ** 0 of 89 failed (1 unreachable)
VERIFICATION:- SUCCESSFUL
Verification Time: 0.02231917s
Checking harness boolean::proofs::roundtrip...
SUMMARY:
 ** 0 of 87 failed
VERIFICATION:- SUCCESSFUL
Verification Time: 0.016791532s
Checking harness boolean::proofs::one_octet_is_canonical...
SUMMARY:
 ** 0 of 23 failed
VERIFICATION:- SUCCESSFUL
Verification Time: 0.015300625s
Checking harness context_tag::proofs::decode_explicit_context_never_panics...
SUMMARY:
 ** 0 of 122 failed
 ** 2 of 2 cover properties satisfied
VERIFICATION:- SUCCESSFUL
Verification Time: 0.7201165s
Checking harness enumerated::proofs::roundtrip...
SUMMARY:
 ** 0 of 144 failed
VERIFICATION:- SUCCESSFUL
Verification Time: 0.18247719s
Checking harness enumerated::proofs::encode_delegates_to_integer...
SUMMARY:
 ** 0 of 46 failed
VERIFICATION:- SUCCESSFUL
Verification Time: 0.18801896s
Checking harness enumerated::proofs::decode_delegates_to_integer...
SUMMARY:
 ** 0 of 138 failed
 ** 5 of 5 cover properties satisfied
VERIFICATION:- SUCCESSFUL
Verification Time: 0.22377864s
Checking harness generalized_time::proofs::fraction_non_digit_is_classified...
SUMMARY:
 ** 0 of 257 failed (3 unreachable)
VERIFICATION:- SUCCESSFUL
Verification Time: 0.12220966s
Checking harness generalized_time::proofs::fraction_trailing_zero_is_classified...
SUMMARY:
 ** 0 of 257 failed
VERIFICATION:- SUCCESSFUL
Verification Time: 0.13047773s
Checking harness generalized_time::proofs::fraction_empty_is_classified...
SUMMARY:
 ** 0 of 255 failed (4 unreachable)
VERIFICATION:- SUCCESSFUL
Verification Time: 0.108522594s
Checking harness generalized_time::proofs::bad_fraction_separator_is_classified...
SUMMARY:
 ** 0 of 257 failed (4 unreachable)
VERIFICATION:- SUCCESSFUL
Verification Time: 0.1161545s
Checking harness generalized_time::proofs::second_range_is_classified...
SUMMARY:
 ** 0 of 276 failed (5 unreachable)
VERIFICATION:- SUCCESSFUL
Verification Time: 0.13254304s
Checking harness generalized_time::proofs::minute_range_is_classified...
SUMMARY:
 ** 0 of 276 failed (5 unreachable)
VERIFICATION:- SUCCESSFUL
Verification Time: 0.13205335s
Checking harness generalized_time::proofs::hour_range_is_classified...
SUMMARY:
 ** 0 of 276 failed (5 unreachable)
VERIFICATION:- SUCCESSFUL
Verification Time: 0.1325829s
Checking harness generalized_time::proofs::day_range_is_classified...
SUMMARY:
 ** 0 of 276 failed (5 unreachable)
VERIFICATION:- SUCCESSFUL
Verification Time: 0.13289769s
Checking harness generalized_time::proofs::month_range_is_classified...
SUMMARY:
 ** 0 of 276 failed (5 unreachable)
VERIFICATION:- SUCCESSFUL
Verification Time: 0.13113637s
Checking harness generalized_time::proofs::not_zulu_is_classified...
SUMMARY:
 ** 0 of 257 failed (14 unreachable)
VERIFICATION:- SUCCESSFUL
Verification Time: 0.09983511s
Checking harness generalized_time::proofs::non_digit_is_classified...
SUMMARY:
 ** 0 of 263 failed (16 unreachable)
VERIFICATION:- SUCCESSFUL
Verification Time: 0.12427995s
Checking harness generalized_time::proofs::short_length_is_bad_length...
SUMMARY:
 ** 0 of 256 failed (18 unreachable)
VERIFICATION:- SUCCESSFUL
Verification Time: 0.23421803s
Checking harness generalized_time::proofs::accepted_iff_canonical_oracle...
SUMMARY:
 ** 0 of 238 failed
VERIFICATION:- SUCCESSFUL
Verification Time: 1.2418098s
Checking harness generalized_time::proofs::decode_accepts_only_canonical...
SUMMARY:
 ** 0 of 367 failed
VERIFICATION:- SUCCESSFUL
Verification Time: 1.6074255s
Checking harness generalized_time::proofs::decode_never_panics...
SUMMARY:
 ** 0 of 95 failed
 ** 3 of 3 cover properties satisfied
VERIFICATION:- SUCCESSFUL
Verification Time: 0.45928732s
Checking harness generalized_time::proofs::roundtrip_all_fields...
SUMMARY:
 ** 0 of 456 failed
VERIFICATION:- SUCCESSFUL
Verification Time: 1.4213775s
Checking harness integer::proofs::nine_octets_is_too_large...
SUMMARY:
 ** 0 of 126 failed (4 unreachable)
VERIFICATION:- SUCCESSFUL
Verification Time: 0.021605587s
Checking harness integer::proofs::redundant_negative_padding_is_non_minimal...
SUMMARY:
 ** 0 of 110 failed (4 unreachable)
VERIFICATION:- SUCCESSFUL
Verification Time: 0.020041008s
Checking harness integer::proofs::redundant_positive_padding_is_non_minimal...
SUMMARY:
 ** 0 of 110 failed (4 unreachable)
VERIFICATION:- SUCCESSFUL
Verification Time: 0.019093383s
Checking harness integer::proofs::empty_is_classified...
SUMMARY:
 ** 0 of 110 failed (6 unreachable)
VERIFICATION:- SUCCESSFUL
Verification Time: 0.014989434s
Checking harness integer::proofs::decode_accepts_only_minimal...
SUMMARY:
 ** 0 of 85 failed
VERIFICATION:- SUCCESSFUL
Verification Time: 0.30817446s
Checking harness integer::proofs::decode_never_panics...
SUMMARY:
 ** 0 of 51 failed
 ** 2 of 2 cover properties satisfied
VERIFICATION:- SUCCESSFUL
Verification Time: 0.1006859s
Checking harness integer::proofs::roundtrip_all_i64...
SUMMARY:
 ** 0 of 144 failed
VERIFICATION:- SUCCESSFUL
Verification Time: 0.17125437s
Checking harness length::proofs::too_large_is_classified...
SUMMARY:
 ** 0 of 134 failed (4 unreachable)
VERIFICATION:- SUCCESSFUL
Verification Time: 0.06731747s
Checking harness length::proofs::truncated_long_form_is_classified...
SUMMARY:
 ** 0 of 135 failed (6 unreachable)
VERIFICATION:- SUCCESSFUL
Verification Time: 0.099084504s
Checking harness length::proofs::long_form_of_short_value_is_non_minimal...
SUMMARY:
 ** 0 of 134 failed (1 unreachable)
VERIFICATION:- SUCCESSFUL
Verification Time: 0.07109987s
Checking harness length::proofs::leading_zero_is_non_minimal...
SUMMARY:
 ** 0 of 141 failed (4 unreachable)
VERIFICATION:- SUCCESSFUL
Verification Time: 0.11178848s
Checking harness length::proofs::reserved_is_classified...
SUMMARY:
 ** 0 of 137 failed (7 unreachable)
VERIFICATION:- SUCCESSFUL
Verification Time: 0.10142317s
Checking harness length::proofs::indefinite_is_classified...
SUMMARY:
 ** 0 of 137 failed (7 unreachable)
VERIFICATION:- SUCCESSFUL
Verification Time: 0.10045982s
Checking harness length::proofs::decode_accepts_only_canonical...
SUMMARY:
 ** 0 of 80 failed
VERIFICATION:- SUCCESSFUL
Verification Time: 0.24866351s
Checking harness length::proofs::decode_never_panics...
SUMMARY:
 ** 0 of 49 failed
 ** 1 of 1 cover properties satisfied
VERIFICATION:- SUCCESSFUL
Verification Time: 0.11591858s
Checking harness length::proofs::roundtrip_all_u32...
SUMMARY:
 ** 0 of 151 failed
VERIFICATION:- SUCCESSFUL
Verification Time: 0.18662272s
Checking harness null::proofs::only_empty_is_valid...
SUMMARY:
 ** 0 of 59 failed
VERIFICATION:- SUCCESSFUL
Verification Time: 0.02435005s
Checking harness octet_string::proofs::accepted_identifier_is_canonical_0x04...
SUMMARY:
 ** 0 of 121 failed
VERIFICATION:- SUCCESSFUL
Verification Time: 0.6573533s
Checking harness octet_string::proofs::non_octet_string_tag_is_wrong_tag...
SUMMARY:
 ** 0 of 347 failed (11 unreachable)
VERIFICATION:- SUCCESSFUL
Verification Time: 0.33111733s
Checking harness octet_string::proofs::constructed_form_is_rejected...
SUMMARY:
 ** 0 of 347 failed (11 unreachable)
VERIFICATION:- SUCCESSFUL
Verification Time: 0.3110513s
Checking harness octet_string::proofs::accepted_content_is_the_tlv_value...
SUMMARY:
 ** 0 of 151 failed
VERIFICATION:- SUCCESSFUL
Verification Time: 1.447134s
Checking harness octet_string::proofs::decode_never_panics...
SUMMARY:
 ** 0 of 120 failed
 ** 2 of 2 cover properties satisfied
VERIFICATION:- SUCCESSFUL
Verification Time: 0.6767542s
Checking harness octet_string::proofs::roundtrip_small...
SUMMARY:
 ** 0 of 210 failed (38 unreachable)
VERIFICATION:- SUCCESSFUL
Verification Time: 1.1885663s
Checking harness oid::proofs::unterminated_is_truncated...
SUMMARY:
 ** 0 of 87 failed
VERIFICATION:- SUCCESSFUL
Verification Time: 0.027198914s
Checking harness oid::proofs::later_0x80_is_non_minimal...
SUMMARY:
 ** 0 of 81 failed
VERIFICATION:- SUCCESSFUL
Verification Time: 0.022776032s
Checking harness oid::proofs::leading_0x80_is_non_minimal...
SUMMARY:
 ** 0 of 79 failed (1 unreachable)
VERIFICATION:- SUCCESSFUL
Verification Time: 0.02243083s
Checking harness oid::proofs::empty_is_classified...
SUMMARY:
 ** 0 of 77 failed (2 unreachable)
VERIFICATION:- SUCCESSFUL
Verification Time: 0.012964344s
Checking harness oid::proofs::validate_never_panics...
SUMMARY:
 ** 0 of 89 failed (1 unreachable)
 ** 2 of 2 cover properties satisfied
VERIFICATION:- SUCCESSFUL
Verification Time: 0.12351055s
Checking harness restricted_string::proofs::wrong_tag_is_classified_visible...
SUMMARY:
 ** 0 of 483 failed (13 unreachable)
VERIFICATION:- SUCCESSFUL
Verification Time: 0.44345495s
Checking harness restricted_string::proofs::wrong_tag_is_classified_numeric...
SUMMARY:
 ** 0 of 428 failed (13 unreachable)
VERIFICATION:- SUCCESSFUL
Verification Time: 0.43882972s
Checking harness restricted_string::proofs::wrong_tag_is_classified_ia5...
SUMMARY:
 ** 0 of 428 failed (13 unreachable)
VERIFICATION:- SUCCESSFUL
Verification Time: 0.43756875s
Checking harness restricted_string::proofs::wrong_tag_is_classified_printable...
SUMMARY:
 ** 0 of 428 failed (13 unreachable)
VERIFICATION:- SUCCESSFUL
Verification Time: 0.4756682s
Checking harness restricted_string::proofs::out_of_charset_reports_position...
SUMMARY:
 ** 0 of 186 failed (1 unreachable)
VERIFICATION:- SUCCESSFUL
Verification Time: 0.25712842s
Checking harness restricted_string::proofs::accepted_identifier_is_canonical_visible...
SUMMARY:
 ** 0 of 184 failed
VERIFICATION:- SUCCESSFUL
Verification Time: 0.81324565s
Checking harness restricted_string::proofs::accepted_identifier_is_canonical_numeric...
SUMMARY:
 ** 0 of 184 failed
VERIFICATION:- SUCCESSFUL
Verification Time: 0.82037246s
Checking harness restricted_string::proofs::accepted_identifier_is_canonical_ia5...
SUMMARY:
 ** 0 of 184 failed
VERIFICATION:- SUCCESSFUL
Verification Time: 0.8245791s
Checking harness restricted_string::proofs::accepted_identifier_is_canonical_printable...
SUMMARY:
 ** 0 of 184 failed
VERIFICATION:- SUCCESSFUL
Verification Time: 0.863041s
Checking harness restricted_string::proofs::constructed_form_is_rejected_visible...
SUMMARY:
 ** 0 of 427 failed (13 unreachable)
VERIFICATION:- SUCCESSFUL
Verification Time: 0.38553163s
Checking harness restricted_string::proofs::constructed_form_is_rejected_numeric...
SUMMARY:
 ** 0 of 427 failed (13 unreachable)
VERIFICATION:- SUCCESSFUL
Verification Time: 0.40323395s
Checking harness restricted_string::proofs::constructed_form_is_rejected_ia5...
SUMMARY:
 ** 0 of 427 failed (13 unreachable)
VERIFICATION:- SUCCESSFUL
Verification Time: 0.38632104s
Checking harness restricted_string::proofs::constructed_form_is_rejected_printable...
SUMMARY:
 ** 0 of 427 failed (13 unreachable)
VERIFICATION:- SUCCESSFUL
Verification Time: 0.4267461s
Checking harness restricted_string::proofs::decode_never_panics...
SUMMARY:
 ** 0 of 194 failed
 ** 4 of 4 cover properties satisfied
VERIFICATION:- SUCCESSFUL
Verification Time: 1.0725788s
Checking harness restricted_string::proofs::roundtrip_visible...
SUMMARY:
 ** 0 of 418 failed (38 unreachable)
VERIFICATION:- SUCCESSFUL
Verification Time: 1.990038s
Checking harness restricted_string::proofs::roundtrip_numeric...
SUMMARY:
 ** 0 of 363 failed (38 unreachable)
VERIFICATION:- SUCCESSFUL
Verification Time: 1.8980926s
Checking harness restricted_string::proofs::roundtrip_ia5...
SUMMARY:
 ** 0 of 363 failed (38 unreachable)
VERIFICATION:- SUCCESSFUL
Verification Time: 1.7560675s
Checking harness restricted_string::proofs::roundtrip_printable...
SUMMARY:
 ** 0 of 363 failed (38 unreachable)
VERIFICATION:- SUCCESSFUL
Verification Time: 2.1373422s
Checking harness restricted_string::proofs::validate_iff_all_in_charset_visible...
SUMMARY:
 ** 0 of 223 failed (1 unreachable)
VERIFICATION:- SUCCESSFUL
Verification Time: 0.19389454s
Checking harness restricted_string::proofs::validate_iff_all_in_charset_numeric...
SUMMARY:
 ** 0 of 168 failed (1 unreachable)
VERIFICATION:- SUCCESSFUL
Verification Time: 0.15071847s
Checking harness restricted_string::proofs::validate_iff_all_in_charset_ia5...
SUMMARY:
 ** 0 of 168 failed (1 unreachable)
VERIFICATION:- SUCCESSFUL
Verification Time: 0.14515252s
Checking harness restricted_string::proofs::validate_iff_all_in_charset_printable...
SUMMARY:
 ** 0 of 168 failed (1 unreachable)
VERIFICATION:- SUCCESSFUL
Verification Time: 0.19017726s
Checking harness restricted_string::proofs::charset_exactly_matches_oracle_visible...
SUMMARY:
 ** 0 of 105 failed
VERIFICATION:- SUCCESSFUL
Verification Time: 0.017219476s
Checking harness restricted_string::proofs::charset_exactly_matches_oracle_numeric...
SUMMARY:
 ** 0 of 50 failed
VERIFICATION:- SUCCESSFUL
Verification Time: 0.010579272s
Checking harness restricted_string::proofs::charset_exactly_matches_oracle_ia5...
SUMMARY:
 ** 0 of 50 failed
VERIFICATION:- SUCCESSFUL
Verification Time: 0.009925408s
Checking harness restricted_string::proofs::charset_exactly_matches_oracle_printable...
SUMMARY:
 ** 0 of 50 failed
VERIFICATION:- SUCCESSFUL
Verification Time: 0.015883008s
Checking harness sequence::proofs::strict_rejects_trailing...
SUMMARY:
 ** 0 of 322 failed (11 unreachable)
VERIFICATION:- SUCCESSFUL
Verification Time: 0.3709366s
Checking harness sequence::proofs::accepted_identifier_is_canonical_0x30...
SUMMARY:
 ** 0 of 119 failed
VERIFICATION:- SUCCESSFUL
Verification Time: 0.661176s
Checking harness sequence::proofs::tag_correctness...
SUMMARY:
 ** 0 of 330 failed (11 unreachable)
VERIFICATION:- SUCCESSFUL
Verification Time: 1.0411756s
Checking harness sequence::proofs::roundtrip_two_children...
SUMMARY:
 ** 0 of 476 failed (38 unreachable)
VERIFICATION:- SUCCESSFUL
Verification Time: 35.608337s
Checking harness sequence::proofs::ok_implies_exact_tiling...
SUMMARY:
 ** 0 of 144 failed
VERIFICATION:- SUCCESSFUL
Verification Time: 78.29863s
Checking harness sequence::proofs::no_over_read...
SUMMARY:
 ** 0 of 96 failed
VERIFICATION:- SUCCESSFUL
Verification Time: 32.727272s
Checking harness sequence::proofs::iterate_never_panics...
SUMMARY:
 ** 0 of 321 failed
 ** 2 of 2 cover properties satisfied
VERIFICATION:- SUCCESSFUL
Verification Time: 40.45203s
Checking harness set_of::proofs::roundtrip_two_sorted_children...
SUMMARY:
 ** 0 of 482 failed (41 unreachable)
VERIFICATION:- SUCCESSFUL
Verification Time: 127.72042s
Checking harness set_of::proofs::strict_rejects_trailing...
SUMMARY:
 ** 0 of 431 failed (22 unreachable)
VERIFICATION:- SUCCESSFUL
Verification Time: 37.96347s
Checking harness set_of::proofs::accepted_identifier_is_canonical_0x31...
SUMMARY:
 ** 0 of 200 failed (2 unreachable)
VERIFICATION:- SUCCESSFUL
Verification Time: 205.71846s
Checking harness set_of::proofs::tag_correctness...
SUMMARY:
 ** 0 of 429 failed (19 unreachable)
VERIFICATION:- SUCCESSFUL
Verification Time: 154.55241s
Checking harness set_of::proofs::duplicate_adjacent_encodings_are_accepted...
SUMMARY:
 ** 0 of 361 failed (16 unreachable)
VERIFICATION:- SUCCESSFUL
Verification Time: 35.5968s
Checking harness set_of::proofs::unsorted_reports_first_violation_index_depth_four...
SUMMARY:
 ** 0 of 361 failed (13 unreachable)
VERIFICATION:- SUCCESSFUL
Verification Time: 49.304592s
Checking harness set_of::proofs::unsorted_reports_first_violation_index...
SUMMARY:
 ** 0 of 361 failed (13 unreachable)
VERIFICATION:- SUCCESSFUL
Verification Time: 49.273663s
Checking harness set_of::proofs::unsorted_children_are_rejected...
SUMMARY:
 ** 0 of 361 failed (13 unreachable)
VERIFICATION:- SUCCESSFUL
Verification Time: 37.07544s
Checking harness set_of::proofs::cmp_padded_matches_oracle...
SUMMARY:
 ** 0 of 106 failed
VERIFICATION:- SUCCESSFUL
Verification Time: 0.37295935s
Checking harness set_of::proofs::ordering_iff_oracle...
SUMMARY:
 ** 0 of 202 failed (13 unreachable)
VERIFICATION:- SUCCESSFUL
Verification Time: 55.33922s
Checking harness set_of::proofs::ok_implies_exact_tiling...
SUMMARY:
 ** 0 of 179 failed (2 unreachable)
VERIFICATION:- SUCCESSFUL
Verification Time: 182.4653s
Checking harness set_of::proofs::no_over_read...
SUMMARY:
 ** 0 of 96 failed
VERIFICATION:- SUCCESSFUL
Verification Time: 31.929823s
Checking harness set_of::proofs::iterate_never_panics...
SUMMARY:
 ** 0 of 362 failed (2 unreachable)
 ** 2 of 2 cover properties satisfied
VERIFICATION:- SUCCESSFUL
Verification Time: 84.81548s
Checking harness tag::proofs::too_large_tag_is_classified...
SUMMARY:
 ** 0 of 142 failed
VERIFICATION:- SUCCESSFUL
Verification Time: 0.038325123s
Checking harness tag::proofs::truncated_high_tag_is_classified...
SUMMARY:
 ** 0 of 142 failed (4 unreachable)
VERIFICATION:- SUCCESSFUL
Verification Time: 0.029456971s
Checking harness tag::proofs::leading_zero_high_tag_is_non_minimal...
SUMMARY:
 ** 0 of 142 failed (4 unreachable)
VERIFICATION:- SUCCESSFUL
Verification Time: 0.029540353s
Checking harness tag::proofs::high_tag_of_small_number_is_non_minimal...
SUMMARY:
 ** 0 of 142 failed
VERIFICATION:- SUCCESSFUL
Verification Time: 0.04563534s
Checking harness tag::proofs::decode_tag_accepts_only_canonical...
SUMMARY:
 ** 0 of 81 failed
VERIFICATION:- SUCCESSFUL
Verification Time: 0.30784854s
Checking harness tag::proofs::decode_tag_never_panics...
SUMMARY:
 ** 0 of 34 failed
 ** 2 of 2 cover properties satisfied
VERIFICATION:- SUCCESSFUL
Verification Time: 0.0726538s
Checking harness tag::proofs::roundtrip_all_tags...
SUMMARY:
 ** 0 of 176 failed
VERIFICATION:- SUCCESSFUL
Verification Time: 0.43224683s
Checking harness tlv::proofs::strict_rejects_trailing...
SUMMARY:
 ** 0 of 293 failed (11 unreachable)
VERIFICATION:- SUCCESSFUL
Verification Time: 0.28092164s
Checking harness tlv::proofs::tlv_truncated_value_is_classified...
SUMMARY:
 ** 0 of 298 failed (11 unreachable)
VERIFICATION:- SUCCESSFUL
Verification Time: 0.26315966s
Checking harness tlv::proofs::tlv_roundtrip_small...
SUMMARY:
 ** 0 of 223 failed (21 unreachable)
VERIFICATION:- SUCCESSFUL
Verification Time: 2.030329s
Checking harness tlv::proofs::decode_tlv_structure...
SUMMARY:
 ** 0 of 129 failed
VERIFICATION:- SUCCESSFUL
Verification Time: 1.9583063s
Checking harness tlv::proofs::decode_tlv_never_panics...
SUMMARY:
 ** 0 of 95 failed
 ** 3 of 3 cover properties satisfied
VERIFICATION:- SUCCESSFUL
Verification Time: 0.6268375s
Checking harness utc_time::proofs::full_year_pivot_is_correct...
SUMMARY:
 ** 0 of 24 failed
VERIFICATION:- SUCCESSFUL
Verification Time: 0.013749216s
Checking harness utc_time::proofs::second_range_is_classified...
SUMMARY:
 ** 0 of 201 failed
VERIFICATION:- SUCCESSFUL
Verification Time: 0.06190553s
Checking harness utc_time::proofs::minute_range_is_classified...
SUMMARY:
 ** 0 of 201 failed
VERIFICATION:- SUCCESSFUL
Verification Time: 0.05959516s
Checking harness utc_time::proofs::hour_range_is_classified...
SUMMARY:
 ** 0 of 201 failed
VERIFICATION:- SUCCESSFUL
Verification Time: 0.061649047s
Checking harness utc_time::proofs::day_range_is_classified...
SUMMARY:
 ** 0 of 201 failed
VERIFICATION:- SUCCESSFUL
Verification Time: 0.060892895s
Checking harness utc_time::proofs::month_range_is_classified...
SUMMARY:
 ** 0 of 201 failed
VERIFICATION:- SUCCESSFUL
Verification Time: 0.06253726s
Checking harness utc_time::proofs::not_zulu_is_classified...
SUMMARY:
 ** 0 of 182 failed (7 unreachable)
VERIFICATION:- SUCCESSFUL
Verification Time: 0.03905993s
Checking harness utc_time::proofs::non_digit_is_classified...
SUMMARY:
 ** 0 of 188 failed (8 unreachable)
VERIFICATION:- SUCCESSFUL
Verification Time: 0.055285335s
Checking harness utc_time::proofs::wrong_length_is_bad_length...
SUMMARY:
 ** 0 of 194 failed (10 unreachable)
VERIFICATION:- SUCCESSFUL
Verification Time: 0.11197251s
Checking harness utc_time::proofs::accepted_iff_canonical_oracle...
SUMMARY:
 ** 0 of 173 failed
VERIFICATION:- SUCCESSFUL
Verification Time: 0.5993019s
Checking harness utc_time::proofs::decode_accepts_only_canonical...
SUMMARY:
 ** 0 of 189 failed
VERIFICATION:- SUCCESSFUL
Verification Time: 0.3478808s
Checking harness utc_time::proofs::decode_never_panics...
SUMMARY:
 ** 0 of 60 failed
 ** 1 of 1 cover properties satisfied
VERIFICATION:- SUCCESSFUL
Verification Time: 0.15767524s
Checking harness utc_time::proofs::roundtrip_all_fields...
SUMMARY:
 ** 0 of 309 failed
VERIFICATION:- SUCCESSFUL
Verification Time: 0.23990582s
Checking harness utf8_string::proofs::ill_formed_reports_position...
SUMMARY:
 ** 0 of 216 failed
VERIFICATION:- SUCCESSFUL
Verification Time: 30.899218s
Checking harness utf8_string::proofs::wrong_tag_is_classified...
SUMMARY:
 ** 0 of 422 failed (19 unreachable)
VERIFICATION:- SUCCESSFUL
Verification Time: 13.385212s
Checking harness utf8_string::proofs::accepted_identifier_is_canonical...
SUMMARY:
 ** 0 of 202 failed
VERIFICATION:- SUCCESSFUL
Verification Time: 25.673061s
Checking harness utf8_string::proofs::constructed_form_is_rejected...
SUMMARY:
 ** 0 of 422 failed (19 unreachable)
VERIFICATION:- SUCCESSFUL
Verification Time: 13.257217s
Checking harness utf8_string::proofs::decode_never_panics...
SUMMARY:
 ** 0 of 201 failed
 ** 2 of 2 cover properties satisfied
VERIFICATION:- SUCCESSFUL
Verification Time: 23.012512s
Checking harness utf8_string::proofs::roundtrip...
SUMMARY:
 ** 0 of 413 failed (38 unreachable)
VERIFICATION:- SUCCESSFUL
Verification Time: 105.4876s
Checking harness utf8_string::proofs::validate_iff_std...
SUMMARY:
 ** 0 of 233 failed (7 unreachable)
VERIFICATION:- SUCCESSFUL
Verification Time: 4.175039s
Checking harness utf8_string::proofs::validate_iff_oracle_multi...
SUMMARY:
 ** 0 of 216 failed
VERIFICATION:- SUCCESSFUL
Verification Time: 14.063497s
Checking harness utf8_string::proofs::validate_iff_oracle...
SUMMARY:
 ** 0 of 216 failed
VERIFICATION:- SUCCESSFUL
Verification Time: 6.870427s
Checking harness x509_algorithm_identifier::proofs::parse_algorithm_identifier_never_panics...
SUMMARY:
 ** 0 of 175 failed
 ** 3 of 3 cover properties satisfied
VERIFICATION:- SUCCESSFUL
Verification Time: 6.789824s
Checking harness x509_certificate::proofs::parse_certificate_never_panics...
SUMMARY:
 ** 0 of 253 failed (4 unreachable)
 ** 1 of 1 cover properties satisfied
VERIFICATION:- SUCCESSFUL
Verification Time: 49.912228s
Checking harness x509_extension::proofs::validate_extensions_ok_path_witnessed...
SUMMARY:
 ** 0 of 245 failed (12 unreachable)
 ** 1 of 1 cover properties satisfied
VERIFICATION:- SUCCESSFUL
Verification Time: 202.39493s
Checking harness x509_extension::proofs::validate_extensions_never_panics...
SUMMARY:
 ** 0 of 254 failed
 ** 0 of 1 cover properties satisfied
VERIFICATION:- SUCCESSFUL
Verification Time: 440.75275s
Checking harness x509_extension::proofs::parse_extension_never_panics...
SUMMARY:
 ** 0 of 218 failed
 ** 1 of 1 cover properties satisfied
VERIFICATION:- SUCCESSFUL
Verification Time: 9.517949s
Checking harness x509_name::proofs::validate_never_panics...
SUMMARY:
 ** 0 of 138 failed
 ** 1 of 1 cover properties satisfied
VERIFICATION:- SUCCESSFUL
Verification Time: 5.4683433s
Checking harness x509_name::proofs::validate_rdn_never_panics...
SUMMARY:
 ** 0 of 299 failed (2 unreachable)
VERIFICATION:- SUCCESSFUL
Verification Time: 500.54312s
Checking harness x509_spki::proofs::parse_never_panics...
SUMMARY:
 ** 0 of 240 failed
 ** 1 of 1 cover properties satisfied
VERIFICATION:- SUCCESSFUL
Verification Time: 17.282225s
Checking harness x509_tbs_certificate::proofs::parse_tbs_certificate_ok_path_witnessed...
SUMMARY:
 ** 0 of 411 failed (14 unreachable)
 ** 1 of 1 cover properties satisfied
VERIFICATION:- SUCCESSFUL
Verification Time: 202.34727s
Checking harness x509_tbs_certificate::proofs::parse_tbs_certificate_never_panics...
SUMMARY:
 ** 0 of 550 failed (41 unreachable)
 ** 0 of 1 cover properties satisfied
VERIFICATION:- SUCCESSFUL
Verification Time: 99.296394s
Checking harness x509_validity::proofs::parse_validity_ok_path_witnessed...
SUMMARY:
 ** 0 of 265 failed (29 unreachable)
 ** 1 of 1 cover properties satisfied
VERIFICATION:- SUCCESSFUL
Verification Time: 6.016912s
Checking harness x509_validity::proofs::parse_never_panics...
SUMMARY:
 ** 0 of 265 failed (28 unreachable)
 ** 0 of 1 cover properties satisfied
VERIFICATION:- SUCCESSFUL
Verification Time: 7.907845s
Manual Harness Summary:
Complete - 164 successfully verified harnesses, 0 failures, 164 total.
== lean lid :: der-verified length/big_integer/oid codecs (L4, unbounded; guarded) ==
== lean lid: re-extract (charon -> aeneas) + drift check ==
== lean lid: lake build (checking unbounded any-length proofs) ==
== lean lid: PASS (sorry-free) ==
== check.sh: PASS ==
