# Kani L3 floor -- der-verified contract campaign + x509 Track B (210 harnesses)
# git HEAD: 2e907ffbdee2208c4b7022a2a75ad87da261c2e1 + 7 *_parse_faithful contracts (uncommitted)
Fri Sep 18 10:31:11 UTC 2026
...
Checking harness big_integer::proofs::strips_redundant_padding...
VERIFICATION:- SUCCESSFUL
Checking harness big_integer::proofs::is_negative_matches_sign_bit...
VERIFICATION:- SUCCESSFUL
Checking harness big_integer::proofs::redundant_negative_padding_is_non_minimal_at_length...
VERIFICATION:- SUCCESSFUL
Checking harness big_integer::proofs::redundant_positive_padding_is_non_minimal_at_length...
VERIFICATION:- SUCCESSFUL
Checking harness big_integer::proofs::redundant_negative_padding_is_non_minimal...
VERIFICATION:- SUCCESSFUL
Checking harness big_integer::proofs::redundant_positive_padding_is_non_minimal...
VERIFICATION:- SUCCESSFUL
Checking harness big_integer::proofs::empty_is_empty...
VERIFICATION:- SUCCESSFUL
Checking harness big_integer::proofs::encode_never_panics...
VERIFICATION:- SUCCESSFUL
Checking harness big_integer::proofs::validate_never_panics...
VERIFICATION:- SUCCESSFUL
Checking harness big_integer::proofs::minimality_is_local...
VERIFICATION:- SUCCESSFUL
Checking harness big_integer::proofs::minimizer_output_is_always_minimal...
VERIFICATION:- SUCCESSFUL
Checking harness big_integer::proofs::accepted_is_fixed_point_of_minimizer...
VERIFICATION:- SUCCESSFUL
Checking harness big_integer::proofs::validate_iff_minimal_oracle...
VERIFICATION:- SUCCESSFUL
Checking harness bit_string::proofs::octet_aligned_iff_unused_zero...
VERIFICATION:- SUCCESSFUL
Checking harness bit_string::proofs::empty_nonzero_unused_is_classified...
VERIFICATION:- SUCCESSFUL
Checking harness bit_string::proofs::nonzero_padding_is_classified...
VERIFICATION:- SUCCESSFUL
Checking harness bit_string::proofs::unused_too_large_is_classified...
VERIFICATION:- SUCCESSFUL
Checking harness bit_string::proofs::empty_is_classified...
VERIFICATION:- SUCCESSFUL
Checking harness bit_string::proofs::decode_accepts_only_canonical...
VERIFICATION:- SUCCESSFUL
Checking harness bit_string::proofs::decode_never_panics...
VERIFICATION:- SUCCESSFUL
Checking harness bit_string::proofs::roundtrip_canonical...
VERIFICATION:- SUCCESSFUL
Checking harness boolean::proofs::wrong_length_is_bad_length...
VERIFICATION:- SUCCESSFUL
Checking harness boolean::proofs::roundtrip...
VERIFICATION:- SUCCESSFUL
Checking harness boolean::proofs::one_octet_is_canonical...
VERIFICATION:- SUCCESSFUL
Checking harness context_tag::proofs::decode_explicit_context_never_panics...
VERIFICATION:- SUCCESSFUL
Checking harness ec_private_key::proofs::parse_ok_path_witnessed...
VERIFICATION:- SUCCESSFUL
Checking harness ec_private_key::proofs::parse_strict_never_panics...
VERIFICATION:- SUCCESSFUL
Checking harness ec_private_key::proofs::parse_faithful...
VERIFICATION:- SUCCESSFUL
Checking harness ec_private_key::proofs::parse_never_panics...
VERIFICATION:- SUCCESSFUL
Checking harness ecdsa_sig_value::proofs::parse_strict_ok_path_witnessed_high_bit_r...
VERIFICATION:- SUCCESSFUL
Checking harness ecdsa_sig_value::proofs::parse_strict_never_panics...
VERIFICATION:- SUCCESSFUL
Checking harness ecdsa_sig_value::proofs::parse_faithful...
VERIFICATION:- SUCCESSFUL
Checking harness ecdsa_sig_value::proofs::parse_never_panics...
VERIFICATION:- SUCCESSFUL
Checking harness encrypted_private_key_info::proofs::parse_ok_path_witnessed...
VERIFICATION:- SUCCESSFUL
Checking harness encrypted_private_key_info::proofs::parse_strict_never_panics...
VERIFICATION:- SUCCESSFUL
Checking harness encrypted_private_key_info::proofs::parse_faithful...
VERIFICATION:- SUCCESSFUL
Checking harness encrypted_private_key_info::proofs::parse_never_panics...
VERIFICATION:- SUCCESSFUL
Checking harness enumerated::proofs::roundtrip...
VERIFICATION:- SUCCESSFUL
Checking harness enumerated::proofs::encode_delegates_to_integer...
VERIFICATION:- SUCCESSFUL
Checking harness enumerated::proofs::decode_delegates_to_integer...
VERIFICATION:- SUCCESSFUL
Checking harness generalized_time::proofs::fraction_non_digit_is_classified...
VERIFICATION:- SUCCESSFUL
Checking harness generalized_time::proofs::fraction_trailing_zero_is_classified...
VERIFICATION:- SUCCESSFUL
Checking harness generalized_time::proofs::fraction_empty_is_classified...
VERIFICATION:- SUCCESSFUL
Checking harness generalized_time::proofs::bad_fraction_separator_is_classified...
VERIFICATION:- SUCCESSFUL
Checking harness generalized_time::proofs::second_range_is_classified...
VERIFICATION:- SUCCESSFUL
Checking harness generalized_time::proofs::minute_range_is_classified...
VERIFICATION:- SUCCESSFUL
Checking harness generalized_time::proofs::hour_range_is_classified...
VERIFICATION:- SUCCESSFUL
Checking harness generalized_time::proofs::day_range_is_classified...
VERIFICATION:- SUCCESSFUL
Checking harness generalized_time::proofs::month_range_is_classified...
VERIFICATION:- SUCCESSFUL
Checking harness generalized_time::proofs::not_zulu_is_classified...
VERIFICATION:- SUCCESSFUL
Checking harness generalized_time::proofs::non_digit_is_classified...
VERIFICATION:- SUCCESSFUL
Checking harness generalized_time::proofs::short_length_is_bad_length...
VERIFICATION:- SUCCESSFUL
Checking harness generalized_time::proofs::accepted_iff_canonical_oracle...
VERIFICATION:- SUCCESSFUL
Checking harness generalized_time::proofs::decode_accepts_only_canonical...
VERIFICATION:- SUCCESSFUL
Checking harness generalized_time::proofs::decode_never_panics...
VERIFICATION:- SUCCESSFUL
Checking harness generalized_time::proofs::roundtrip_all_fields...
VERIFICATION:- SUCCESSFUL
Checking harness identifier_form::proofs::content_errors_are_deliberately_not_caught...
VERIFICATION:- SUCCESSFUL
Checking harness identifier_form::proofs::real_x509_identifiers_are_still_accepted...
VERIFICATION:- SUCCESSFUL
Checking harness identifier_form::proofs::legal_der_the_comparison_library_rejected_is_still_accepted...
VERIFICATION:- SUCCESSFUL
Checking harness identifier_form::proofs::high_tag_universal_types_are_form_checked...
VERIFICATION:- SUCCESSFUL
Checking harness identifier_form::proofs::rejects_every_disclosed_illegal_identifier...
VERIFICATION:- SUCCESSFUL
Checking harness identifier_form::proofs::decode_tlv_form_checked_strict_requires_full_consumption...
VERIFICATION:- SUCCESSFUL
Checking harness identifier_form::proofs::decode_tlv_form_checked_is_decode_tlv_refined_by_the_rule...
VERIFICATION:- SUCCESSFUL
Checking harness identifier_form::proofs::accepts_iff_no_encoded_rule_violated_and_never_rejects_non_universal...
VERIFICATION:- SUCCESSFUL
Checking harness identifier_form::proofs::constructed_form_rule_matches_oracle_on_all_tags...
VERIFICATION:- SUCCESSFUL
Checking harness identifier_form::proofs::reserved_eoc_rejected_iff_universal_zero...
VERIFICATION:- SUCCESSFUL
Checking harness identifier_form::proofs::required_form_matches_oracle_on_all_u32...
VERIFICATION:- SUCCESSFUL
Checking harness identifier_form::proofs::oracle_is_well_formed...
VERIFICATION:- SUCCESSFUL
Checking harness integer::proofs::nine_octets_is_too_large...
VERIFICATION:- SUCCESSFUL
Checking harness integer::proofs::redundant_negative_padding_is_non_minimal...
VERIFICATION:- SUCCESSFUL
Checking harness integer::proofs::redundant_positive_padding_is_non_minimal...
VERIFICATION:- SUCCESSFUL
Checking harness integer::proofs::empty_is_classified...
VERIFICATION:- SUCCESSFUL
Checking harness integer::proofs::decode_accepts_only_minimal...
VERIFICATION:- SUCCESSFUL
Checking harness integer::proofs::decode_never_panics...
VERIFICATION:- SUCCESSFUL
Checking harness integer::proofs::roundtrip_all_i64...
VERIFICATION:- SUCCESSFUL
Checking harness length::proofs::too_large_is_classified...
VERIFICATION:- SUCCESSFUL
Checking harness length::proofs::truncated_long_form_is_classified...
VERIFICATION:- SUCCESSFUL
Checking harness length::proofs::long_form_of_short_value_is_non_minimal...
VERIFICATION:- SUCCESSFUL
Checking harness length::proofs::leading_zero_is_non_minimal...
VERIFICATION:- SUCCESSFUL
Checking harness length::proofs::reserved_is_classified...
VERIFICATION:- SUCCESSFUL
Checking harness length::proofs::indefinite_is_classified...
VERIFICATION:- SUCCESSFUL
Checking harness length::proofs::decode_accepts_only_canonical...
VERIFICATION:- SUCCESSFUL
Checking harness length::proofs::decode_never_panics...
VERIFICATION:- SUCCESSFUL
Checking harness length::proofs::roundtrip_all_u32...
VERIFICATION:- SUCCESSFUL
Checking harness null::proofs::only_empty_is_valid...
VERIFICATION:- SUCCESSFUL
Checking harness octet_string::proofs::accepted_identifier_is_canonical_0x04...
VERIFICATION:- SUCCESSFUL
Checking harness octet_string::proofs::non_octet_string_tag_is_wrong_tag...
VERIFICATION:- SUCCESSFUL
Checking harness octet_string::proofs::constructed_form_is_rejected...
VERIFICATION:- SUCCESSFUL
Checking harness octet_string::proofs::accepted_content_is_the_tlv_value...
VERIFICATION:- SUCCESSFUL
Checking harness octet_string::proofs::decode_never_panics...
VERIFICATION:- SUCCESSFUL
Checking harness octet_string::proofs::roundtrip_small...
VERIFICATION:- SUCCESSFUL
Checking harness oid::proofs::unterminated_is_truncated...
VERIFICATION:- SUCCESSFUL
Checking harness oid::proofs::later_0x80_is_non_minimal...
VERIFICATION:- SUCCESSFUL
Checking harness oid::proofs::leading_0x80_is_non_minimal...
VERIFICATION:- SUCCESSFUL
Checking harness oid::proofs::empty_is_classified...
VERIFICATION:- SUCCESSFUL
Checking harness oid::proofs::validate_never_panics...
VERIFICATION:- SUCCESSFUL
Checking harness pkcs8::proofs::parse_ok_path_witnessed...
VERIFICATION:- SUCCESSFUL
Checking harness pkcs8::proofs::parse_strict_never_panics...
VERIFICATION:- SUCCESSFUL
Checking harness pkcs8::proofs::parse_faithful...
VERIFICATION:- SUCCESSFUL
Checking harness pkcs8::proofs::parse_never_panics...
VERIFICATION:- SUCCESSFUL
Checking harness profile::proofs::validate_profile_never_panics...
VERIFICATION:- SUCCESSFUL
Checking harness profile::proofs::error_precedence_follows_declaration_order...
VERIFICATION:- SUCCESSFUL
Checking harness profile::proofs::rule3_generalized_too_early_iff_year_le_2049...
VERIFICATION:- SUCCESSFUL
Checking harness profile::proofs::rule2_requires_v3_iff_extensions_present_and_not_v3...
VERIFICATION:- SUCCESSFUL
Checking harness profile::proofs::rule1_mismatch_iff_algorithms_differ...
VERIFICATION:- SUCCESSFUL
Checking harness profile::proofs::utc_time_can_never_denote_2050_or_later...
VERIFICATION:- SUCCESSFUL
Checking harness restricted_string::proofs::wrong_tag_is_classified_visible...
VERIFICATION:- SUCCESSFUL
Checking harness restricted_string::proofs::wrong_tag_is_classified_numeric...
VERIFICATION:- SUCCESSFUL
Checking harness restricted_string::proofs::wrong_tag_is_classified_ia5...
VERIFICATION:- SUCCESSFUL
Checking harness restricted_string::proofs::wrong_tag_is_classified_printable...
VERIFICATION:- SUCCESSFUL
Checking harness restricted_string::proofs::out_of_charset_reports_position...
VERIFICATION:- SUCCESSFUL
Checking harness restricted_string::proofs::accepted_identifier_is_canonical_visible...
VERIFICATION:- SUCCESSFUL
Checking harness restricted_string::proofs::accepted_identifier_is_canonical_numeric...
VERIFICATION:- SUCCESSFUL
Checking harness restricted_string::proofs::accepted_identifier_is_canonical_ia5...
VERIFICATION:- SUCCESSFUL
Checking harness restricted_string::proofs::accepted_identifier_is_canonical_printable...
VERIFICATION:- SUCCESSFUL
Checking harness restricted_string::proofs::constructed_form_is_rejected_visible...
VERIFICATION:- SUCCESSFUL
Checking harness restricted_string::proofs::constructed_form_is_rejected_numeric...
VERIFICATION:- SUCCESSFUL
Checking harness restricted_string::proofs::constructed_form_is_rejected_ia5...
VERIFICATION:- SUCCESSFUL
Checking harness restricted_string::proofs::constructed_form_is_rejected_printable...
VERIFICATION:- SUCCESSFUL
Checking harness restricted_string::proofs::decode_never_panics...
VERIFICATION:- SUCCESSFUL
Checking harness restricted_string::proofs::roundtrip_visible...
VERIFICATION:- SUCCESSFUL
Checking harness restricted_string::proofs::roundtrip_numeric...
VERIFICATION:- SUCCESSFUL
Checking harness restricted_string::proofs::roundtrip_ia5...
VERIFICATION:- SUCCESSFUL
Checking harness restricted_string::proofs::roundtrip_printable...
VERIFICATION:- SUCCESSFUL
Checking harness restricted_string::proofs::validate_iff_all_in_charset_visible...
VERIFICATION:- SUCCESSFUL
Checking harness restricted_string::proofs::validate_iff_all_in_charset_numeric...
VERIFICATION:- SUCCESSFUL
Checking harness restricted_string::proofs::validate_iff_all_in_charset_ia5...
VERIFICATION:- SUCCESSFUL
Checking harness restricted_string::proofs::validate_iff_all_in_charset_printable...
VERIFICATION:- SUCCESSFUL
Checking harness restricted_string::proofs::charset_exactly_matches_oracle_visible...
VERIFICATION:- SUCCESSFUL
Checking harness restricted_string::proofs::charset_exactly_matches_oracle_numeric...
VERIFICATION:- SUCCESSFUL
Checking harness restricted_string::proofs::charset_exactly_matches_oracle_ia5...
VERIFICATION:- SUCCESSFUL
Checking harness restricted_string::proofs::charset_exactly_matches_oracle_printable...
VERIFICATION:- SUCCESSFUL
Checking harness rsa_private_key::proofs::validate_other_prime_info_never_panics...
VERIFICATION:- SUCCESSFUL
Checking harness rsa_private_key::proofs::validate_other_prime_infos_never_panics...
VERIFICATION:- SUCCESSFUL
Checking harness rsa_private_key::proofs::parse_ok_2prime_witnessed...
VERIFICATION:- SUCCESSFUL
Checking harness rsa_private_key::proofs::parse_strict_never_panics...
VERIFICATION:- SUCCESSFUL
Checking harness rsa_private_key::proofs::parse_never_panics...
VERIFICATION:- SUCCESSFUL
Checking harness rsa_public_key::proofs::parse_strict_ok_path_witnessed_rsa_2048_shaped...
VERIFICATION:- SUCCESSFUL
Checking harness rsa_public_key::proofs::parse_strict_never_panics...
VERIFICATION:- SUCCESSFUL
Checking harness rsa_public_key::proofs::parse_faithful...
VERIFICATION:- SUCCESSFUL
Checking harness rsa_public_key::proofs::parse_never_panics...
VERIFICATION:- SUCCESSFUL
Checking harness sequence::proofs::strict_rejects_trailing...
VERIFICATION:- SUCCESSFUL
Checking harness sequence::proofs::accepted_identifier_is_canonical_0x30...
VERIFICATION:- SUCCESSFUL
Checking harness sequence::proofs::tag_correctness...
VERIFICATION:- SUCCESSFUL
Checking harness sequence::proofs::roundtrip_two_children...
VERIFICATION:- SUCCESSFUL
Checking harness sequence::proofs::ok_implies_exact_tiling...
VERIFICATION:- SUCCESSFUL
Checking harness sequence::proofs::no_over_read...
VERIFICATION:- SUCCESSFUL
Checking harness sequence::proofs::iterate_never_panics...
VERIFICATION:- SUCCESSFUL
Checking harness set_of::proofs::roundtrip_two_sorted_children...
VERIFICATION:- SUCCESSFUL
Checking harness set_of::proofs::strict_rejects_trailing...
VERIFICATION:- SUCCESSFUL
Checking harness set_of::proofs::accepted_identifier_is_canonical_0x31...
VERIFICATION:- SUCCESSFUL
Checking harness set_of::proofs::tag_correctness...
VERIFICATION:- SUCCESSFUL
Checking harness set_of::proofs::duplicate_adjacent_encodings_are_accepted...
VERIFICATION:- SUCCESSFUL
Checking harness set_of::proofs::unsorted_reports_first_violation_index_depth_four...
VERIFICATION:- SUCCESSFUL
Checking harness set_of::proofs::unsorted_reports_first_violation_index...
VERIFICATION:- SUCCESSFUL
Checking harness set_of::proofs::unsorted_children_are_rejected...
VERIFICATION:- SUCCESSFUL
Checking harness set_of::proofs::cmp_padded_matches_oracle...
VERIFICATION:- SUCCESSFUL
Checking harness set_of::proofs::ordering_iff_oracle...
VERIFICATION:- SUCCESSFUL
Checking harness set_of::proofs::ok_implies_exact_tiling...
VERIFICATION:- SUCCESSFUL
Checking harness set_of::proofs::no_over_read...
VERIFICATION:- SUCCESSFUL
Checking harness set_of::proofs::iterate_never_panics...
VERIFICATION:- SUCCESSFUL
Checking harness tag::proofs::too_large_tag_is_classified...
VERIFICATION:- SUCCESSFUL
Checking harness tag::proofs::truncated_high_tag_is_classified...
VERIFICATION:- SUCCESSFUL
Checking harness tag::proofs::leading_zero_high_tag_is_non_minimal...
VERIFICATION:- SUCCESSFUL
Checking harness tag::proofs::high_tag_of_small_number_is_non_minimal...
VERIFICATION:- SUCCESSFUL
Checking harness tag::proofs::decode_tag_accepts_only_canonical...
VERIFICATION:- SUCCESSFUL
Checking harness tag::proofs::decode_tag_never_panics...
VERIFICATION:- SUCCESSFUL
Checking harness tag::proofs::roundtrip_all_tags...
VERIFICATION:- SUCCESSFUL
Checking harness tlv::proofs::strict_rejects_trailing...
VERIFICATION:- SUCCESSFUL
Checking harness tlv::proofs::tlv_truncated_value_is_classified...
VERIFICATION:- SUCCESSFUL
Checking harness tlv::proofs::tlv_roundtrip_small...
VERIFICATION:- SUCCESSFUL
Checking harness tlv::proofs::decode_tlv_structure...
VERIFICATION:- SUCCESSFUL
Checking harness tlv::proofs::decode_tlv_never_panics...
VERIFICATION:- SUCCESSFUL
Checking harness utc_time::proofs::full_year_pivot_is_correct...
VERIFICATION:- SUCCESSFUL
Checking harness utc_time::proofs::decode_postcondition_fields_in_range...
VERIFICATION:- SUCCESSFUL
Checking harness utc_time::proofs::second_range_is_classified...
VERIFICATION:- SUCCESSFUL
Checking harness utc_time::proofs::minute_range_is_classified...
VERIFICATION:- SUCCESSFUL
Checking harness utc_time::proofs::hour_range_is_classified...
VERIFICATION:- SUCCESSFUL
Checking harness utc_time::proofs::day_range_is_classified...
VERIFICATION:- SUCCESSFUL
Checking harness utc_time::proofs::month_range_is_classified...
VERIFICATION:- SUCCESSFUL
Checking harness utc_time::proofs::not_zulu_is_classified...
VERIFICATION:- SUCCESSFUL
Checking harness utc_time::proofs::non_digit_is_classified...
VERIFICATION:- SUCCESSFUL
Checking harness utc_time::proofs::wrong_length_is_bad_length...
VERIFICATION:- SUCCESSFUL
Checking harness utc_time::proofs::accepted_iff_canonical_oracle...
VERIFICATION:- SUCCESSFUL
Checking harness utc_time::proofs::decode_accepts_only_canonical...
VERIFICATION:- SUCCESSFUL
Checking harness utc_time::proofs::decode_never_panics...
VERIFICATION:- SUCCESSFUL
Checking harness utc_time::proofs::roundtrip_all_fields...
VERIFICATION:- SUCCESSFUL
Checking harness utf8_string::proofs::ill_formed_reports_position...
VERIFICATION:- SUCCESSFUL
Checking harness utf8_string::proofs::wrong_tag_is_classified...
VERIFICATION:- SUCCESSFUL
Checking harness utf8_string::proofs::accepted_identifier_is_canonical...
VERIFICATION:- SUCCESSFUL
Checking harness utf8_string::proofs::constructed_form_is_rejected...
VERIFICATION:- SUCCESSFUL
Checking harness utf8_string::proofs::decode_never_panics...
VERIFICATION:- SUCCESSFUL
Checking harness utf8_string::proofs::roundtrip...
VERIFICATION:- SUCCESSFUL
Checking harness utf8_string::proofs::validate_iff_std...
VERIFICATION:- SUCCESSFUL
Checking harness utf8_string::proofs::validate_iff_oracle_multi...
VERIFICATION:- SUCCESSFUL
Checking harness utf8_string::proofs::validate_iff_oracle...
VERIFICATION:- SUCCESSFUL
Checking harness x509_algorithm_identifier::proofs::parse_faithful...
VERIFICATION:- SUCCESSFUL
Checking harness x509_algorithm_identifier::proofs::parse_algorithm_identifier_never_panics...
VERIFICATION:- SUCCESSFUL
Checking harness x509_certificate::proofs::parse_certificate_never_panics...
VERIFICATION:- SUCCESSFUL
Checking harness x509_extension::proofs::validate_extensions_ok_path_witnessed...
VERIFICATION:- SUCCESSFUL
Checking harness x509_extension::proofs::validate_extensions_never_panics...
VERIFICATION:- SUCCESSFUL
Checking harness x509_extension::proofs::parse_extension_never_panics...
VERIFICATION:- SUCCESSFUL
Checking harness x509_name::proofs::validate_never_panics...
VERIFICATION:- SUCCESSFUL
Checking harness x509_name::proofs::validate_rdn_never_panics...
VERIFICATION:- SUCCESSFUL
Checking harness x509_spki::proofs::parse_faithful...
VERIFICATION:- SUCCESSFUL
Checking harness x509_spki::proofs::parse_never_panics...
VERIFICATION:- SUCCESSFUL
Checking harness x509_tbs_certificate::proofs::parse_tbs_certificate_ok_path_witnessed...
VERIFICATION:- SUCCESSFUL
Checking harness x509_tbs_certificate::proofs::parse_tbs_certificate_never_panics...
VERIFICATION:- SUCCESSFUL
Checking harness x509_validity::proofs::parse_validity_ok_path_witnessed...
VERIFICATION:- SUCCESSFUL
Checking harness x509_validity::proofs::parse_never_panics...
VERIFICATION:- SUCCESSFUL
Complete - 210 successfully verified harnesses, 0 failures, 210 total.
EXIT=0
