# der-verified full-gate run (./check.sh)
# commit: 0e327b7
# dirty-tracked-paths-at-launch: 0  (`git status --porcelain` immediately AFTER the HEAD read,
#   BEFORE the run — sampled, not assumed)
# dirty-tracked-paths-at-completion: 0 (`git status --porcelain` immediately after the run)
# WHERE THIS RAN, AND WHY IT MATTERS: the maintainer's own box, NOT a clean-room VM — unlike the
#   two preceding runs (check-24ddb69.log, check-953a1a2.log). That is a weaker provenance claim
#   and is stated rather than glossed: the tree was not a fresh bundle clone, only asserted clean
#   at launch and at completion. It is also, deliberately, a MORE COMPLETE run than either of
#   those two — see the L4 note below.
# host: Linux 7.0.0-30-generic x86_64, 16 cores, 29 GB RAM
# memory cap: MemoryMax=25G MemorySwapMax=0 ManagedOOMPreference=omit (systemd-run --user --unit,
#   transient SERVICE — a scope dies with its parent shell and the death masquerades as an OOM)
# cbmc    : 6.8.0 (cbmc-6.8.0) [kani-0.67.0 BUNDLED; no system cbmc on PATH, so the version here
#           is read from the run's own output, not from a separate `cbmc --version` probe]
# kani    : cargo-kani 0.67.0
# cargo   : 1.97.0 (c980f4866 2026-06-30)
# rustc   : rustc 1.97.0 (2d8144b78 2026-07-07)  — NOTE: the crate pins the `stable` CHANNEL, not a
#           version (PROOF_MANIFEST.md §2, ASSUMPTIONS.md A5). Different compiler again from the
#           preceding runs: the disclosed consequence of a floating pin. `cargo test` (not the Kani
#           harnesses, which use Kani's own bundled toolchain) is what it touches.
# solver  : CaDiCaL 2.0.0 (921 occurrences in the raw log, never another value)
# NOTE: kani harnesses run SEQUENTIALLY (no -j) — parallel harnesses multiply peak RSS.
#
# check.sh exit: 0
# wall-clock: 4185s (1h09m45s) ; peak memory: 21244772 KB (20.26 GiB), read from `/usr/bin/time -v`
#   Maximum resident set size — the largest single waited-for process (cbmc, in practice). The
#   cgroup-wide figure is NOT the same measure; systemd's MemoryPeak for the unit was observed at
#   21.03 GiB while the run was live, and is recorded here as an observation, not as a final read
#   (the property returns 0 once the unit exits).
#
# WHAT THIS RUN CONFIRMS. At this commit: the doc-link, content-leak (+ self-test), proof-manifest
#   (+ self-test), verification-map (+ self-test), doctest-count (+ self-test), tier-parity and
#   strict lid-staleness gates; 472 unit/regression tests and 33 doctests; the full L3 floor —
#   191 of 191 harnesses SUCCESSFUL, 0 FAILED, with exactly the three disclosed-unsatisfied covers
#   of PROOF_MANIFEST.md §8.2 and no others; AND the L4 Lean lid, PASS (sorry-free), with its
#   re-extraction/model-drift check clean and lid-source-state.txt unchanged by the run.
#
# THE L4 STAGE ACTUALLY RAN HERE — THAT IS THE POINT OF RUNNING LOCALLY. `lean/check_lean.sh` is
#   guarded and no-ops with a SKIP banner when the Aeneas/Charon/Lean stack is absent, which is
#   what happened on the two clean-room VM runs: each had to be paired with a SEPARATE
#   evidence/lean-lid-<sha>.log taken on the box that owns that toolchain, and its receipt had to
#   argue the two artifacts covered the same bytes. This log needs no such pairing — one run, one
#   commit, both the L3 floor and the L4 lid, no SKIP line to explain away. The trade is the
#   provenance note at the top: maintainer's box rather than a fresh clone.
#
# WHAT THIS RUN DOES NOT ESTABLISH: nothing here grades the harnesses' oracles. The
#   sequence/set_of `no_over_read` correction this commit carries (DECISIONS.md D33) was found by
#   review, not by any gate in this log — a harness that verifies a copy of the shipped walk is
#   green here exactly like one that verifies the walk. See PROOF_MANIFEST.md §8.3.
#
# ---- THIS FILE IS A DISTILLATION, NOT THE RAW LOG ----
# The complete raw log is committed alongside it, gzipped, at evidence/raw/check-0e327b7.log.gz
# (raw: 37030822 bytes, 334061 lines, sha256 8d86bddcc58c84da4add22adb51faf964f8250e8c1cdbdf331cfe1182d160f27).
# This file is exactly that log passed through:
#     grep -E "^(Checking harness|VERIFICATION:|Verification Time:|Manual Harness Summary|Complete - |== |SUMMARY:|test result:|running [0-9]+ test|PASS|FAIL|error)|^ +\*\* [0-9]+ of [0-9]+ (failed|cover propert)"
# Nothing is edited, reordered or summarised by hand: every line below appears verbatim in the
# raw log. Kani's per-check listings (hundreds of lines per harness) are what the filter drops.
#
== full gate started: 2026-08-24T21:20:08+02:00 at 0e327b70c82c9a7c724dba2ac05b55daa1ce4bd1 ==
== hygiene gate (doc links; pure stdlib) ==
PASS check_links: 28 curated doc files, all relative links resolve
== content-leak gate: self-test (the gate's own gate; pure stdlib) ==
== content-leak gate (credentials / absolute paths / private vocabulary in tracked files; pure stdlib) ==
PASS check_content_leaks: 268 tracked files scanned (credentials+vocabulary everywhere; paths exempt under evidence/)
== proof-manifest gate: self-test (the gate's own gate; pure stdlib) ==
== proof-manifest gate (PROOF_MANIFEST.md vs source; pure stdlib) ==
== proof-manifest gate: PASS (generated regions + 7 guarded count-claims current) ==
== verification-map gate: self-test (the gate's own gate; pure stdlib) ==
== verification-map gate (README.md's mermaid map vs source; pure stdlib) ==
== verification-map gate: PASS (README.md verification map current) ==
== cargo test (workspace) ==
running 472 tests
test result: ok. 472 passed; 0 failed; 0 ignored; 0 measured; 0 filtered out; finished in 0.00s
running 33 tests
test result: ok. 33 passed; 0 failed; 0 ignored; 0 measured; 0 filtered out; finished in 0.15s
== doctest-count gate: self-test (the gate's own gate; pure stdlib except its own two real-cargo tests) ==
== doctest-count gate (gen_proof_manifest.py's static scan vs cargo's own count — structural backstop against any doc-attribute shape the static regexes don't recognise) ==
PASS check_doctest_count: static scan (33) matches cargo's own doctest count (ground truth, via `cargo test --doc -p der-verified -- --list`)
== tier-parity gate (+ its self-test): the LIGHT/HEAVY split is data, so gate it ==
== cargo kani :: der-verified (L3 proof floor) ==
Checking harness big_integer::proofs::strips_redundant_padding...
SUMMARY:
 ** 0 of 214 failed (7 unreachable)
VERIFICATION:- SUCCESSFUL
Verification Time: 0.3887638s
Checking harness big_integer::proofs::is_negative_matches_sign_bit...
SUMMARY:
 ** 0 of 27 failed
VERIFICATION:- SUCCESSFUL
Verification Time: 0.07363722s
Checking harness big_integer::proofs::redundant_negative_padding_is_non_minimal_at_length...
SUMMARY:
 ** 0 of 87 failed
VERIFICATION:- SUCCESSFUL
Verification Time: 0.020838307s
Checking harness big_integer::proofs::redundant_positive_padding_is_non_minimal_at_length...
SUMMARY:
 ** 0 of 87 failed
VERIFICATION:- SUCCESSFUL
Verification Time: 0.02101693s
Checking harness big_integer::proofs::redundant_negative_padding_is_non_minimal...
SUMMARY:
 ** 0 of 83 failed
VERIFICATION:- SUCCESSFUL
Verification Time: 0.016367998s
Checking harness big_integer::proofs::redundant_positive_padding_is_non_minimal...
SUMMARY:
 ** 0 of 83 failed
VERIFICATION:- SUCCESSFUL
Verification Time: 0.015807535s
Checking harness big_integer::proofs::empty_is_empty...
SUMMARY:
 ** 0 of 184 failed (15 unreachable)
VERIFICATION:- SUCCESSFUL
Verification Time: 0.063341305s
Checking harness big_integer::proofs::encode_never_panics...
SUMMARY:
 ** 0 of 80 failed (4 unreachable)
 ** 2 of 2 cover properties satisfied
VERIFICATION:- SUCCESSFUL
Verification Time: 0.37731865s
Checking harness big_integer::proofs::validate_never_panics...
SUMMARY:
 ** 0 of 35 failed
 ** 2 of 2 cover properties satisfied
VERIFICATION:- SUCCESSFUL
Verification Time: 0.076951236s
Checking harness big_integer::proofs::minimality_is_local...
SUMMARY:
 ** 0 of 105 failed
VERIFICATION:- SUCCESSFUL
Verification Time: 0.106963225s
Checking harness big_integer::proofs::minimizer_output_is_always_minimal...
SUMMARY:
 ** 0 of 96 failed (4 unreachable)
VERIFICATION:- SUCCESSFUL
Verification Time: 0.4129001s
Checking harness big_integer::proofs::accepted_is_fixed_point_of_minimizer...
SUMMARY:
 ** 0 of 145 failed (6 unreachable)
VERIFICATION:- SUCCESSFUL
Verification Time: 0.4936331s
Checking harness big_integer::proofs::validate_iff_minimal_oracle...
SUMMARY:
 ** 0 of 50 failed
VERIFICATION:- SUCCESSFUL
Verification Time: 0.08097926s
Checking harness bit_string::proofs::octet_aligned_iff_unused_zero...
SUMMARY:
 ** 0 of 74 failed
VERIFICATION:- SUCCESSFUL
Verification Time: 0.14485285s
Checking harness bit_string::proofs::empty_nonzero_unused_is_classified...
SUMMARY:
 ** 0 of 132 failed (4 unreachable)
VERIFICATION:- SUCCESSFUL
Verification Time: 0.024142845s
Checking harness bit_string::proofs::nonzero_padding_is_classified...
SUMMARY:
 ** 0 of 134 failed
VERIFICATION:- SUCCESSFUL
Verification Time: 0.030093743s
Checking harness bit_string::proofs::unused_too_large_is_classified...
SUMMARY:
 ** 0 of 133 failed (4 unreachable)
VERIFICATION:- SUCCESSFUL
Verification Time: 0.03581924s
Checking harness bit_string::proofs::empty_is_classified...
SUMMARY:
 ** 0 of 132 failed (4 unreachable)
VERIFICATION:- SUCCESSFUL
Verification Time: 0.01928322s
Checking harness bit_string::proofs::decode_accepts_only_canonical...
SUMMARY:
 ** 0 of 101 failed (4 unreachable)
VERIFICATION:- SUCCESSFUL
Verification Time: 0.25644928s
Checking harness bit_string::proofs::decode_never_panics...
SUMMARY:
 ** 0 of 45 failed
 ** 2 of 2 cover properties satisfied
VERIFICATION:- SUCCESSFUL
Verification Time: 0.10108534s
Checking harness bit_string::proofs::roundtrip_canonical...
SUMMARY:
 ** 0 of 119 failed (4 unreachable)
VERIFICATION:- SUCCESSFUL
Verification Time: 0.3138597s
Checking harness boolean::proofs::wrong_length_is_bad_length...
SUMMARY:
 ** 0 of 89 failed (1 unreachable)
VERIFICATION:- SUCCESSFUL
Verification Time: 0.02316155s
Checking harness boolean::proofs::roundtrip...
SUMMARY:
 ** 0 of 87 failed
VERIFICATION:- SUCCESSFUL
Verification Time: 0.017489264s
Checking harness boolean::proofs::one_octet_is_canonical...
SUMMARY:
 ** 0 of 23 failed
VERIFICATION:- SUCCESSFUL
Verification Time: 0.015219482s
Checking harness context_tag::proofs::decode_explicit_context_never_panics...
SUMMARY:
 ** 0 of 123 failed
 ** 2 of 2 cover properties satisfied
VERIFICATION:- SUCCESSFUL
Verification Time: 1.339747s
Checking harness ec_private_key::proofs::parse_ok_path_witnessed...
SUMMARY:
 ** 0 of 374 failed (13 unreachable)
 ** 1 of 1 cover properties satisfied
VERIFICATION:- SUCCESSFUL
Verification Time: 19.250057s
Checking harness ec_private_key::proofs::parse_strict_never_panics...
SUMMARY:
 ** 0 of 307 failed
 ** 2 of 2 cover properties satisfied
VERIFICATION:- SUCCESSFUL
Verification Time: 34.765797s
Checking harness ec_private_key::proofs::parse_never_panics...
SUMMARY:
 ** 0 of 989 failed
 ** 17 of 17 cover properties satisfied
VERIFICATION:- SUCCESSFUL
Verification Time: 47.98847s
Checking harness ecdsa_sig_value::proofs::parse_strict_ok_path_witnessed_high_bit_r...
SUMMARY:
 ** 0 of 193 failed (11 unreachable)
 ** 1 of 1 cover properties satisfied
VERIFICATION:- SUCCESSFUL
Verification Time: 3.5138018s
Checking harness ecdsa_sig_value::proofs::parse_strict_never_panics...
SUMMARY:
 ** 0 of 195 failed
 ** 2 of 2 cover properties satisfied
VERIFICATION:- SUCCESSFUL
Verification Time: 7.940098s
Checking harness ecdsa_sig_value::proofs::parse_never_panics...
SUMMARY:
 ** 0 of 668 failed
 ** 15 of 15 cover properties satisfied
VERIFICATION:- SUCCESSFUL
Verification Time: 11.180017s
Checking harness encrypted_private_key_info::proofs::parse_ok_path_witnessed...
SUMMARY:
 ** 0 of 250 failed (11 unreachable)
 ** 1 of 1 cover properties satisfied
VERIFICATION:- SUCCESSFUL
Verification Time: 8.004256s
Checking harness encrypted_private_key_info::proofs::parse_strict_never_panics...
SUMMARY:
 ** 0 of 227 failed
 ** 2 of 2 cover properties satisfied
VERIFICATION:- SUCCESSFUL
Verification Time: 44.090946s
Checking harness encrypted_private_key_info::proofs::parse_never_panics...
SUMMARY:
 ** 0 of 678 failed
 ** 9 of 9 cover properties satisfied
VERIFICATION:- SUCCESSFUL
Verification Time: 19.496237s
Checking harness enumerated::proofs::roundtrip...
SUMMARY:
 ** 0 of 144 failed
VERIFICATION:- SUCCESSFUL
Verification Time: 0.18577676s
Checking harness enumerated::proofs::encode_delegates_to_integer...
SUMMARY:
 ** 0 of 48 failed
 ** 3 of 3 cover properties satisfied
VERIFICATION:- SUCCESSFUL
Verification Time: 0.2551077s
Checking harness enumerated::proofs::decode_delegates_to_integer...
SUMMARY:
 ** 0 of 138 failed
 ** 7 of 7 cover properties satisfied
VERIFICATION:- SUCCESSFUL
Verification Time: 0.2619404s
Checking harness generalized_time::proofs::fraction_non_digit_is_classified...
SUMMARY:
 ** 0 of 257 failed (3 unreachable)
VERIFICATION:- SUCCESSFUL
Verification Time: 0.12127523s
Checking harness generalized_time::proofs::fraction_trailing_zero_is_classified...
SUMMARY:
 ** 0 of 257 failed
VERIFICATION:- SUCCESSFUL
Verification Time: 0.13232677s
Checking harness generalized_time::proofs::fraction_empty_is_classified...
SUMMARY:
 ** 0 of 255 failed (4 unreachable)
VERIFICATION:- SUCCESSFUL
Verification Time: 0.10692489s
Checking harness generalized_time::proofs::bad_fraction_separator_is_classified...
SUMMARY:
 ** 0 of 257 failed (4 unreachable)
VERIFICATION:- SUCCESSFUL
Verification Time: 0.11813304s
Checking harness generalized_time::proofs::second_range_is_classified...
SUMMARY:
 ** 0 of 276 failed (5 unreachable)
VERIFICATION:- SUCCESSFUL
Verification Time: 0.1342854s
Checking harness generalized_time::proofs::minute_range_is_classified...
SUMMARY:
 ** 0 of 276 failed (5 unreachable)
VERIFICATION:- SUCCESSFUL
Verification Time: 0.13110021s
Checking harness generalized_time::proofs::hour_range_is_classified...
SUMMARY:
 ** 0 of 276 failed (5 unreachable)
VERIFICATION:- SUCCESSFUL
Verification Time: 0.1291512s
Checking harness generalized_time::proofs::day_range_is_classified...
SUMMARY:
 ** 0 of 276 failed (5 unreachable)
VERIFICATION:- SUCCESSFUL
Verification Time: 0.13514875s
Checking harness generalized_time::proofs::month_range_is_classified...
SUMMARY:
 ** 0 of 276 failed (5 unreachable)
VERIFICATION:- SUCCESSFUL
Verification Time: 0.13177556s
Checking harness generalized_time::proofs::not_zulu_is_classified...
SUMMARY:
 ** 0 of 257 failed (14 unreachable)
VERIFICATION:- SUCCESSFUL
Verification Time: 0.097044006s
Checking harness generalized_time::proofs::non_digit_is_classified...
SUMMARY:
 ** 0 of 263 failed (16 unreachable)
VERIFICATION:- SUCCESSFUL
Verification Time: 0.13027993s
Checking harness generalized_time::proofs::short_length_is_bad_length...
SUMMARY:
 ** 0 of 256 failed (18 unreachable)
VERIFICATION:- SUCCESSFUL
Verification Time: 0.23946843s
Checking harness generalized_time::proofs::accepted_iff_canonical_oracle...
SUMMARY:
 ** 0 of 238 failed
VERIFICATION:- SUCCESSFUL
Verification Time: 1.2357293s
Checking harness generalized_time::proofs::decode_accepts_only_canonical...
SUMMARY:
 ** 0 of 367 failed
VERIFICATION:- SUCCESSFUL
Verification Time: 1.757064s
Checking harness generalized_time::proofs::decode_never_panics...
SUMMARY:
 ** 0 of 95 failed
 ** 3 of 3 cover properties satisfied
VERIFICATION:- SUCCESSFUL
Verification Time: 0.46193334s
Checking harness generalized_time::proofs::roundtrip_all_fields...
SUMMARY:
 ** 0 of 456 failed
VERIFICATION:- SUCCESSFUL
Verification Time: 1.5178399s
Checking harness integer::proofs::nine_octets_is_too_large...
SUMMARY:
 ** 0 of 126 failed (4 unreachable)
VERIFICATION:- SUCCESSFUL
Verification Time: 0.020399248s
Checking harness integer::proofs::redundant_negative_padding_is_non_minimal...
SUMMARY:
 ** 0 of 110 failed (4 unreachable)
VERIFICATION:- SUCCESSFUL
Verification Time: 0.019516492s
Checking harness integer::proofs::redundant_positive_padding_is_non_minimal...
SUMMARY:
 ** 0 of 110 failed (4 unreachable)
VERIFICATION:- SUCCESSFUL
Verification Time: 0.01937158s
Checking harness integer::proofs::empty_is_classified...
SUMMARY:
 ** 0 of 110 failed (6 unreachable)
VERIFICATION:- SUCCESSFUL
Verification Time: 0.015039761s
Checking harness integer::proofs::decode_accepts_only_minimal...
SUMMARY:
 ** 0 of 85 failed
VERIFICATION:- SUCCESSFUL
Verification Time: 0.31160453s
Checking harness integer::proofs::decode_never_panics...
SUMMARY:
 ** 0 of 51 failed
 ** 2 of 2 cover properties satisfied
VERIFICATION:- SUCCESSFUL
Verification Time: 0.10100581s
Checking harness integer::proofs::roundtrip_all_i64...
SUMMARY:
 ** 0 of 144 failed
VERIFICATION:- SUCCESSFUL
Verification Time: 0.17048036s
Checking harness length::proofs::too_large_is_classified...
SUMMARY:
 ** 0 of 134 failed (4 unreachable)
VERIFICATION:- SUCCESSFUL
Verification Time: 0.067814685s
Checking harness length::proofs::truncated_long_form_is_classified...
SUMMARY:
 ** 0 of 135 failed (6 unreachable)
VERIFICATION:- SUCCESSFUL
Verification Time: 0.09906073s
Checking harness length::proofs::long_form_of_short_value_is_non_minimal...
SUMMARY:
 ** 0 of 134 failed (1 unreachable)
VERIFICATION:- SUCCESSFUL
Verification Time: 0.07314358s
Checking harness length::proofs::leading_zero_is_non_minimal...
SUMMARY:
 ** 0 of 141 failed (4 unreachable)
VERIFICATION:- SUCCESSFUL
Verification Time: 0.11060648s
Checking harness length::proofs::reserved_is_classified...
SUMMARY:
 ** 0 of 137 failed (7 unreachable)
VERIFICATION:- SUCCESSFUL
Verification Time: 0.100417584s
Checking harness length::proofs::indefinite_is_classified...
SUMMARY:
 ** 0 of 137 failed (7 unreachable)
VERIFICATION:- SUCCESSFUL
Verification Time: 0.09954647s
Checking harness length::proofs::decode_accepts_only_canonical...
SUMMARY:
 ** 0 of 80 failed
VERIFICATION:- SUCCESSFUL
Verification Time: 0.2503143s
Checking harness length::proofs::decode_never_panics...
SUMMARY:
 ** 0 of 49 failed
 ** 1 of 1 cover properties satisfied
VERIFICATION:- SUCCESSFUL
Verification Time: 0.112486154s
Checking harness length::proofs::roundtrip_all_u32...
SUMMARY:
 ** 0 of 151 failed
VERIFICATION:- SUCCESSFUL
Verification Time: 0.19219403s
Checking harness null::proofs::only_empty_is_valid...
SUMMARY:
 ** 0 of 59 failed
VERIFICATION:- SUCCESSFUL
Verification Time: 0.024180975s
Checking harness octet_string::proofs::accepted_identifier_is_canonical_0x04...
SUMMARY:
 ** 0 of 127 failed
VERIFICATION:- SUCCESSFUL
Verification Time: 0.99354947s
Checking harness octet_string::proofs::non_octet_string_tag_is_wrong_tag...
SUMMARY:
 ** 0 of 347 failed (11 unreachable)
VERIFICATION:- SUCCESSFUL
Verification Time: 0.33746815s
Checking harness octet_string::proofs::constructed_form_is_rejected...
SUMMARY:
 ** 0 of 347 failed (11 unreachable)
VERIFICATION:- SUCCESSFUL
Verification Time: 0.3061253s
Checking harness octet_string::proofs::accepted_content_is_the_tlv_value...
SUMMARY:
 ** 0 of 152 failed
VERIFICATION:- SUCCESSFUL
Verification Time: 2.5835187s
Checking harness octet_string::proofs::decode_never_panics...
SUMMARY:
 ** 0 of 121 failed
 ** 2 of 2 cover properties satisfied
VERIFICATION:- SUCCESSFUL
Verification Time: 1.0611349s
Checking harness octet_string::proofs::roundtrip_small...
SUMMARY:
 ** 0 of 210 failed (38 unreachable)
VERIFICATION:- SUCCESSFUL
Verification Time: 1.2668931s
Checking harness oid::proofs::unterminated_is_truncated...
SUMMARY:
 ** 0 of 87 failed
VERIFICATION:- SUCCESSFUL
Verification Time: 0.027869832s
Checking harness oid::proofs::later_0x80_is_non_minimal...
SUMMARY:
 ** 0 of 81 failed
VERIFICATION:- SUCCESSFUL
Verification Time: 0.02356732s
Checking harness oid::proofs::leading_0x80_is_non_minimal...
SUMMARY:
 ** 0 of 79 failed (1 unreachable)
VERIFICATION:- SUCCESSFUL
Verification Time: 0.022633236s
Checking harness oid::proofs::empty_is_classified...
SUMMARY:
 ** 0 of 77 failed (2 unreachable)
VERIFICATION:- SUCCESSFUL
Verification Time: 0.013903685s
Checking harness oid::proofs::validate_never_panics...
SUMMARY:
 ** 0 of 89 failed (1 unreachable)
 ** 2 of 2 cover properties satisfied
VERIFICATION:- SUCCESSFUL
Verification Time: 0.12566392s
Checking harness pkcs8::proofs::parse_ok_path_witnessed...
SUMMARY:
 ** 0 of 318 failed (13 unreachable)
 ** 1 of 1 cover properties satisfied
VERIFICATION:- SUCCESSFUL
Verification Time: 16.226545s
Checking harness pkcs8::proofs::parse_strict_never_panics...
SUMMARY:
 ** 0 of 294 failed
 ** 2 of 2 cover properties satisfied
VERIFICATION:- SUCCESSFUL
Verification Time: 83.77417s
Checking harness pkcs8::proofs::parse_never_panics...
SUMMARY:
 ** 0 of 911 failed
 ** 16 of 16 cover properties satisfied
VERIFICATION:- SUCCESSFUL
Verification Time: 41.682392s
Checking harness profile::proofs::validate_profile_never_panics...
SUMMARY:
 ** 0 of 92 failed
 ** 2 of 2 cover properties satisfied
VERIFICATION:- SUCCESSFUL
Verification Time: 0.09841891s
Checking harness profile::proofs::error_precedence_follows_declaration_order...
SUMMARY:
 ** 0 of 160 failed
 ** 3 of 3 cover properties satisfied
VERIFICATION:- SUCCESSFUL
Verification Time: 0.11573796s
Checking harness profile::proofs::rule3_generalized_too_early_iff_year_le_2049...
SUMMARY:
 ** 0 of 161 failed
 ** 4 of 4 cover properties satisfied
VERIFICATION:- SUCCESSFUL
Verification Time: 0.11622345s
Checking harness profile::proofs::rule2_requires_v3_iff_extensions_present_and_not_v3...
SUMMARY:
 ** 0 of 159 failed
 ** 3 of 3 cover properties satisfied
VERIFICATION:- SUCCESSFUL
Verification Time: 0.06475185s
Checking harness profile::proofs::rule1_mismatch_iff_algorithms_differ...
SUMMARY:
 ** 0 of 159 failed
 ** 2 of 2 cover properties satisfied
VERIFICATION:- SUCCESSFUL
Verification Time: 0.116092406s
Checking harness profile::proofs::utc_time_can_never_denote_2050_or_later...
SUMMARY:
 ** 0 of 22 failed
 ** 2 of 2 cover properties satisfied
VERIFICATION:- SUCCESSFUL
Verification Time: 0.015371153s
Checking harness restricted_string::proofs::wrong_tag_is_classified_visible...
SUMMARY:
 ** 0 of 483 failed (13 unreachable)
VERIFICATION:- SUCCESSFUL
Verification Time: 0.44754735s
Checking harness restricted_string::proofs::wrong_tag_is_classified_numeric...
SUMMARY:
 ** 0 of 428 failed (13 unreachable)
VERIFICATION:- SUCCESSFUL
Verification Time: 0.45546487s
Checking harness restricted_string::proofs::wrong_tag_is_classified_ia5...
SUMMARY:
 ** 0 of 428 failed (13 unreachable)
VERIFICATION:- SUCCESSFUL
Verification Time: 0.45860642s
Checking harness restricted_string::proofs::wrong_tag_is_classified_printable...
SUMMARY:
 ** 0 of 428 failed (13 unreachable)
VERIFICATION:- SUCCESSFUL
Verification Time: 0.4641022s
Checking harness restricted_string::proofs::out_of_charset_reports_position...
SUMMARY:
 ** 0 of 186 failed (1 unreachable)
VERIFICATION:- SUCCESSFUL
Verification Time: 0.28381297s
Checking harness restricted_string::proofs::accepted_identifier_is_canonical_visible...
SUMMARY:
 ** 0 of 184 failed
VERIFICATION:- SUCCESSFUL
Verification Time: 0.8345854s
Checking harness restricted_string::proofs::accepted_identifier_is_canonical_numeric...
SUMMARY:
 ** 0 of 184 failed
VERIFICATION:- SUCCESSFUL
Verification Time: 0.8332004s
Checking harness restricted_string::proofs::accepted_identifier_is_canonical_ia5...
SUMMARY:
 ** 0 of 184 failed
VERIFICATION:- SUCCESSFUL
Verification Time: 0.8034261s
Checking harness restricted_string::proofs::accepted_identifier_is_canonical_printable...
SUMMARY:
 ** 0 of 184 failed
VERIFICATION:- SUCCESSFUL
Verification Time: 0.90018517s
Checking harness restricted_string::proofs::constructed_form_is_rejected_visible...
SUMMARY:
 ** 0 of 427 failed (13 unreachable)
VERIFICATION:- SUCCESSFUL
Verification Time: 0.38375607s
Checking harness restricted_string::proofs::constructed_form_is_rejected_numeric...
SUMMARY:
 ** 0 of 427 failed (13 unreachable)
VERIFICATION:- SUCCESSFUL
Verification Time: 0.3905335s
Checking harness restricted_string::proofs::constructed_form_is_rejected_ia5...
SUMMARY:
 ** 0 of 427 failed (13 unreachable)
VERIFICATION:- SUCCESSFUL
Verification Time: 0.39349338s
Checking harness restricted_string::proofs::constructed_form_is_rejected_printable...
SUMMARY:
 ** 0 of 427 failed (13 unreachable)
VERIFICATION:- SUCCESSFUL
Verification Time: 0.4234636s
Checking harness restricted_string::proofs::decode_never_panics...
SUMMARY:
 ** 0 of 195 failed
 ** 4 of 4 cover properties satisfied
VERIFICATION:- SUCCESSFUL
Verification Time: 1.5399945s
Checking harness restricted_string::proofs::roundtrip_visible...
SUMMARY:
 ** 0 of 418 failed (38 unreachable)
VERIFICATION:- SUCCESSFUL
Verification Time: 2.0703592s
Checking harness restricted_string::proofs::roundtrip_numeric...
SUMMARY:
 ** 0 of 363 failed (38 unreachable)
VERIFICATION:- SUCCESSFUL
Verification Time: 1.7787637s
Checking harness restricted_string::proofs::roundtrip_ia5...
SUMMARY:
 ** 0 of 363 failed (38 unreachable)
VERIFICATION:- SUCCESSFUL
Verification Time: 1.7787006s
Checking harness restricted_string::proofs::roundtrip_printable...
SUMMARY:
 ** 0 of 363 failed (38 unreachable)
VERIFICATION:- SUCCESSFUL
Verification Time: 2.0308564s
Checking harness restricted_string::proofs::validate_iff_all_in_charset_visible...
SUMMARY:
 ** 0 of 223 failed (1 unreachable)
VERIFICATION:- SUCCESSFUL
Verification Time: 0.19774424s
Checking harness restricted_string::proofs::validate_iff_all_in_charset_numeric...
SUMMARY:
 ** 0 of 168 failed (1 unreachable)
VERIFICATION:- SUCCESSFUL
Verification Time: 0.15286729s
Checking harness restricted_string::proofs::validate_iff_all_in_charset_ia5...
SUMMARY:
 ** 0 of 168 failed (1 unreachable)
VERIFICATION:- SUCCESSFUL
Verification Time: 0.15501636s
Checking harness restricted_string::proofs::validate_iff_all_in_charset_printable...
SUMMARY:
 ** 0 of 168 failed (1 unreachable)
VERIFICATION:- SUCCESSFUL
Verification Time: 0.19592445s
Checking harness restricted_string::proofs::charset_exactly_matches_oracle_visible...
SUMMARY:
 ** 0 of 105 failed
VERIFICATION:- SUCCESSFUL
Verification Time: 0.015968004s
Checking harness restricted_string::proofs::charset_exactly_matches_oracle_numeric...
SUMMARY:
 ** 0 of 50 failed
VERIFICATION:- SUCCESSFUL
Verification Time: 0.010320239s
Checking harness restricted_string::proofs::charset_exactly_matches_oracle_ia5...
SUMMARY:
 ** 0 of 50 failed
VERIFICATION:- SUCCESSFUL
Verification Time: 0.009723486s
Checking harness restricted_string::proofs::charset_exactly_matches_oracle_printable...
SUMMARY:
 ** 0 of 50 failed
VERIFICATION:- SUCCESSFUL
Verification Time: 0.016188147s
Checking harness rsa_private_key::proofs::validate_other_prime_info_never_panics...
SUMMARY:
 ** 0 of 583 failed (1 unreachable)
 ** 4 of 4 cover properties satisfied
VERIFICATION:- SUCCESSFUL
Verification Time: 6.025391s
Checking harness rsa_private_key::proofs::validate_other_prime_infos_never_panics...
SUMMARY:
 ** 0 of 141 failed
 ** 2 of 2 cover properties satisfied
VERIFICATION:- SUCCESSFUL
Verification Time: 74.14101s
Checking harness rsa_private_key::proofs::parse_ok_2prime_witnessed...
SUMMARY:
 ** 0 of 305 failed (5 unreachable)
 ** 1 of 1 cover properties satisfied
VERIFICATION:- SUCCESSFUL
Verification Time: 42.25999s
Checking harness rsa_private_key::proofs::parse_strict_never_panics...
SUMMARY:
 ** 0 of 245 failed
VERIFICATION:- SUCCESSFUL
Verification Time: 57.868492s
Checking harness rsa_private_key::proofs::parse_never_panics...
SUMMARY:
 ** 0 of 850 failed
 ** 11 of 11 cover properties satisfied
VERIFICATION:- SUCCESSFUL
Verification Time: 76.637985s
Checking harness rsa_public_key::proofs::parse_strict_ok_path_witnessed_rsa_2048_shaped...
SUMMARY:
 ** 0 of 218 failed (4 unreachable)
 ** 1 of 1 cover properties satisfied
VERIFICATION:- SUCCESSFUL
Verification Time: 3.9041111s
Checking harness rsa_public_key::proofs::parse_strict_never_panics...
SUMMARY:
 ** 0 of 195 failed
 ** 2 of 2 cover properties satisfied
VERIFICATION:- SUCCESSFUL
Verification Time: 8.272546s
Checking harness rsa_public_key::proofs::parse_never_panics...
SUMMARY:
 ** 0 of 668 failed
 ** 15 of 15 cover properties satisfied
VERIFICATION:- SUCCESSFUL
Verification Time: 10.613258s
Checking harness sequence::proofs::strict_rejects_trailing...
SUMMARY:
 ** 0 of 322 failed (11 unreachable)
VERIFICATION:- SUCCESSFUL
Verification Time: 0.3505322s
Checking harness sequence::proofs::accepted_identifier_is_canonical_0x30...
SUMMARY:
 ** 0 of 125 failed
VERIFICATION:- SUCCESSFUL
Verification Time: 0.99559903s
Checking harness sequence::proofs::tag_correctness...
SUMMARY:
 ** 0 of 330 failed (11 unreachable)
VERIFICATION:- SUCCESSFUL
Verification Time: 1.0233711s
Checking harness sequence::proofs::roundtrip_two_children...
SUMMARY:
 ** 0 of 476 failed (38 unreachable)
VERIFICATION:- SUCCESSFUL
Verification Time: 35.25531s
Checking harness sequence::proofs::ok_implies_exact_tiling...
SUMMARY:
 ** 0 of 144 failed
VERIFICATION:- SUCCESSFUL
Verification Time: 79.40768s
Checking harness sequence::proofs::no_over_read...
SUMMARY:
 ** 0 of 215 failed
 ** 2 of 2 cover properties satisfied
VERIFICATION:- SUCCESSFUL
Verification Time: 149.25162s
Checking harness sequence::proofs::iterate_never_panics...
SUMMARY:
 ** 0 of 321 failed
 ** 2 of 2 cover properties satisfied
VERIFICATION:- SUCCESSFUL
Verification Time: 37.78476s
Checking harness set_of::proofs::roundtrip_two_sorted_children...
SUMMARY:
 ** 0 of 482 failed (41 unreachable)
VERIFICATION:- SUCCESSFUL
Verification Time: 127.34002s
Checking harness set_of::proofs::strict_rejects_trailing...
SUMMARY:
 ** 0 of 431 failed (22 unreachable)
VERIFICATION:- SUCCESSFUL
Verification Time: 37.756493s
Checking harness set_of::proofs::accepted_identifier_is_canonical_0x31...
SUMMARY:
 ** 0 of 205 failed (2 unreachable)
VERIFICATION:- SUCCESSFUL
Verification Time: 175.54155s
Checking harness set_of::proofs::tag_correctness...
SUMMARY:
 ** 0 of 429 failed (19 unreachable)
VERIFICATION:- SUCCESSFUL
Verification Time: 154.58725s
Checking harness set_of::proofs::duplicate_adjacent_encodings_are_accepted...
SUMMARY:
 ** 0 of 361 failed (16 unreachable)
VERIFICATION:- SUCCESSFUL
Verification Time: 35.567577s
Checking harness set_of::proofs::unsorted_reports_first_violation_index_depth_four...
SUMMARY:
 ** 0 of 361 failed (13 unreachable)
VERIFICATION:- SUCCESSFUL
Verification Time: 48.548935s
Checking harness set_of::proofs::unsorted_reports_first_violation_index...
SUMMARY:
 ** 0 of 361 failed (13 unreachable)
VERIFICATION:- SUCCESSFUL
Verification Time: 49.033867s
Checking harness set_of::proofs::unsorted_children_are_rejected...
SUMMARY:
 ** 0 of 361 failed (13 unreachable)
VERIFICATION:- SUCCESSFUL
Verification Time: 36.77731s
Checking harness set_of::proofs::cmp_padded_matches_oracle...
SUMMARY:
 ** 0 of 106 failed
VERIFICATION:- SUCCESSFUL
Verification Time: 0.34145817s
Checking harness set_of::proofs::ordering_iff_oracle...
SUMMARY:
 ** 0 of 202 failed (13 unreachable)
VERIFICATION:- SUCCESSFUL
Verification Time: 54.67847s
Checking harness set_of::proofs::ok_implies_exact_tiling...
SUMMARY:
 ** 0 of 179 failed (2 unreachable)
VERIFICATION:- SUCCESSFUL
Verification Time: 167.68713s
Checking harness set_of::proofs::no_over_read...
SUMMARY:
 ** 0 of 228 failed (2 unreachable)
 ** 2 of 2 cover properties satisfied
VERIFICATION:- SUCCESSFUL
Verification Time: 249.62805s
Checking harness set_of::proofs::iterate_never_panics...
SUMMARY:
 ** 0 of 362 failed (2 unreachable)
 ** 2 of 2 cover properties satisfied
VERIFICATION:- SUCCESSFUL
Verification Time: 104.85461s
Checking harness tag::proofs::too_large_tag_is_classified...
SUMMARY:
 ** 0 of 142 failed
VERIFICATION:- SUCCESSFUL
Verification Time: 0.04021133s
Checking harness tag::proofs::truncated_high_tag_is_classified...
SUMMARY:
 ** 0 of 142 failed (4 unreachable)
VERIFICATION:- SUCCESSFUL
Verification Time: 0.029010976s
Checking harness tag::proofs::leading_zero_high_tag_is_non_minimal...
SUMMARY:
 ** 0 of 142 failed (4 unreachable)
VERIFICATION:- SUCCESSFUL
Verification Time: 0.030629832s
Checking harness tag::proofs::high_tag_of_small_number_is_non_minimal...
SUMMARY:
 ** 0 of 142 failed
VERIFICATION:- SUCCESSFUL
Verification Time: 0.044532284s
Checking harness tag::proofs::decode_tag_accepts_only_canonical...
SUMMARY:
 ** 0 of 81 failed
VERIFICATION:- SUCCESSFUL
Verification Time: 0.30271855s
Checking harness tag::proofs::decode_tag_never_panics...
SUMMARY:
 ** 0 of 34 failed
 ** 2 of 2 cover properties satisfied
VERIFICATION:- SUCCESSFUL
Verification Time: 0.07499979s
Checking harness tag::proofs::roundtrip_all_tags...
SUMMARY:
 ** 0 of 176 failed
VERIFICATION:- SUCCESSFUL
Verification Time: 0.4286104s
Checking harness tlv::proofs::strict_rejects_trailing...
SUMMARY:
 ** 0 of 293 failed (11 unreachable)
VERIFICATION:- SUCCESSFUL
Verification Time: 0.29065377s
Checking harness tlv::proofs::tlv_truncated_value_is_classified...
SUMMARY:
 ** 0 of 298 failed (11 unreachable)
VERIFICATION:- SUCCESSFUL
Verification Time: 0.25543135s
Checking harness tlv::proofs::tlv_roundtrip_small...
SUMMARY:
 ** 0 of 223 failed (21 unreachable)
VERIFICATION:- SUCCESSFUL
Verification Time: 1.7732759s
Checking harness tlv::proofs::decode_tlv_structure...
SUMMARY:
 ** 0 of 130 failed
VERIFICATION:- SUCCESSFUL
Verification Time: 2.910781s
Checking harness tlv::proofs::decode_tlv_never_panics...
SUMMARY:
 ** 0 of 96 failed
 ** 3 of 3 cover properties satisfied
VERIFICATION:- SUCCESSFUL
Verification Time: 1.0300597s
Checking harness utc_time::proofs::full_year_pivot_is_correct...
SUMMARY:
 ** 0 of 24 failed
VERIFICATION:- SUCCESSFUL
Verification Time: 0.014793974s
Checking harness utc_time::proofs::decode_postcondition_fields_in_range...
SUMMARY:
 ** 0 of 104 failed
 ** 2 of 2 cover properties satisfied
VERIFICATION:- SUCCESSFUL
Verification Time: 0.2900713s
Checking harness utc_time::proofs::second_range_is_classified...
SUMMARY:
 ** 0 of 201 failed
VERIFICATION:- SUCCESSFUL
Verification Time: 0.06279862s
Checking harness utc_time::proofs::minute_range_is_classified...
SUMMARY:
 ** 0 of 201 failed
VERIFICATION:- SUCCESSFUL
Verification Time: 0.061088655s
Checking harness utc_time::proofs::hour_range_is_classified...
SUMMARY:
 ** 0 of 201 failed
VERIFICATION:- SUCCESSFUL
Verification Time: 0.062388785s
Checking harness utc_time::proofs::day_range_is_classified...
SUMMARY:
 ** 0 of 201 failed
VERIFICATION:- SUCCESSFUL
Verification Time: 0.06548673s
Checking harness utc_time::proofs::month_range_is_classified...
SUMMARY:
 ** 0 of 201 failed
VERIFICATION:- SUCCESSFUL
Verification Time: 0.06301706s
Checking harness utc_time::proofs::not_zulu_is_classified...
SUMMARY:
 ** 0 of 182 failed (7 unreachable)
VERIFICATION:- SUCCESSFUL
Verification Time: 0.041225895s
Checking harness utc_time::proofs::non_digit_is_classified...
SUMMARY:
 ** 0 of 188 failed (8 unreachable)
VERIFICATION:- SUCCESSFUL
Verification Time: 0.057050776s
Checking harness utc_time::proofs::wrong_length_is_bad_length...
SUMMARY:
 ** 0 of 194 failed (10 unreachable)
VERIFICATION:- SUCCESSFUL
Verification Time: 0.111654796s
Checking harness utc_time::proofs::accepted_iff_canonical_oracle...
SUMMARY:
 ** 0 of 173 failed
VERIFICATION:- SUCCESSFUL
Verification Time: 0.6190552s
Checking harness utc_time::proofs::decode_accepts_only_canonical...
SUMMARY:
 ** 0 of 189 failed
VERIFICATION:- SUCCESSFUL
Verification Time: 0.3628349s
Checking harness utc_time::proofs::decode_never_panics...
SUMMARY:
 ** 0 of 60 failed
 ** 1 of 1 cover properties satisfied
VERIFICATION:- SUCCESSFUL
Verification Time: 0.16653512s
Checking harness utc_time::proofs::roundtrip_all_fields...
SUMMARY:
 ** 0 of 309 failed
VERIFICATION:- SUCCESSFUL
Verification Time: 0.24205047s
Checking harness utf8_string::proofs::ill_formed_reports_position...
SUMMARY:
 ** 0 of 216 failed
VERIFICATION:- SUCCESSFUL
Verification Time: 31.424253s
Checking harness utf8_string::proofs::wrong_tag_is_classified...
SUMMARY:
 ** 0 of 422 failed (19 unreachable)
VERIFICATION:- SUCCESSFUL
Verification Time: 13.645218s
Checking harness utf8_string::proofs::accepted_identifier_is_canonical...
SUMMARY:
 ** 0 of 202 failed
VERIFICATION:- SUCCESSFUL
Verification Time: 29.536083s
Checking harness utf8_string::proofs::constructed_form_is_rejected...
SUMMARY:
 ** 0 of 422 failed (19 unreachable)
VERIFICATION:- SUCCESSFUL
Verification Time: 13.418631s
Checking harness utf8_string::proofs::decode_never_panics...
SUMMARY:
 ** 0 of 202 failed
 ** 2 of 2 cover properties satisfied
VERIFICATION:- SUCCESSFUL
Verification Time: 24.020195s
Checking harness utf8_string::proofs::roundtrip...
SUMMARY:
 ** 0 of 413 failed (38 unreachable)
VERIFICATION:- SUCCESSFUL
Verification Time: 107.28692s
Checking harness utf8_string::proofs::validate_iff_std...
SUMMARY:
 ** 0 of 233 failed (7 unreachable)
VERIFICATION:- SUCCESSFUL
Verification Time: 3.7404423s
Checking harness utf8_string::proofs::validate_iff_oracle_multi...
SUMMARY:
 ** 0 of 216 failed
VERIFICATION:- SUCCESSFUL
Verification Time: 13.5919s
Checking harness utf8_string::proofs::validate_iff_oracle...
SUMMARY:
 ** 0 of 216 failed
VERIFICATION:- SUCCESSFUL
Verification Time: 6.7301335s
Checking harness x509_algorithm_identifier::proofs::parse_algorithm_identifier_never_panics...
SUMMARY:
 ** 0 of 175 failed
 ** 3 of 3 cover properties satisfied
VERIFICATION:- SUCCESSFUL
Verification Time: 8.211951s
Checking harness x509_certificate::proofs::parse_certificate_never_panics...
SUMMARY:
 ** 0 of 253 failed (4 unreachable)
 ** 1 of 1 cover properties satisfied
VERIFICATION:- SUCCESSFUL
Verification Time: 50.19548s
Checking harness x509_extension::proofs::validate_extensions_ok_path_witnessed...
SUMMARY:
 ** 0 of 245 failed (12 unreachable)
 ** 1 of 1 cover properties satisfied
VERIFICATION:- SUCCESSFUL
Verification Time: 200.1666s
Checking harness x509_extension::proofs::validate_extensions_never_panics...
SUMMARY:
 ** 0 of 254 failed
 ** 0 of 1 cover properties satisfied
VERIFICATION:- SUCCESSFUL
Verification Time: 494.75522s
Checking harness x509_extension::proofs::parse_extension_never_panics...
SUMMARY:
 ** 0 of 218 failed
 ** 1 of 1 cover properties satisfied
VERIFICATION:- SUCCESSFUL
Verification Time: 12.560226s
Checking harness x509_name::proofs::validate_never_panics...
SUMMARY:
 ** 0 of 138 failed
 ** 1 of 1 cover properties satisfied
VERIFICATION:- SUCCESSFUL
Verification Time: 6.00452s
Checking harness x509_name::proofs::validate_rdn_never_panics...
SUMMARY:
 ** 0 of 299 failed (2 unreachable)
VERIFICATION:- SUCCESSFUL
Verification Time: 531.13635s
Checking harness x509_spki::proofs::parse_never_panics...
SUMMARY:
 ** 0 of 240 failed
 ** 1 of 1 cover properties satisfied
VERIFICATION:- SUCCESSFUL
Verification Time: 18.806181s
Checking harness x509_tbs_certificate::proofs::parse_tbs_certificate_ok_path_witnessed...
SUMMARY:
 ** 0 of 411 failed (14 unreachable)
 ** 1 of 1 cover properties satisfied
VERIFICATION:- SUCCESSFUL
Verification Time: 204.28337s
Checking harness x509_tbs_certificate::proofs::parse_tbs_certificate_never_panics...
SUMMARY:
 ** 0 of 550 failed (41 unreachable)
 ** 0 of 1 cover properties satisfied
VERIFICATION:- SUCCESSFUL
Verification Time: 103.75594s
Checking harness x509_validity::proofs::parse_validity_ok_path_witnessed...
SUMMARY:
 ** 0 of 265 failed (29 unreachable)
 ** 1 of 1 cover properties satisfied
VERIFICATION:- SUCCESSFUL
Verification Time: 6.0014772s
Checking harness x509_validity::proofs::parse_never_panics...
SUMMARY:
 ** 0 of 265 failed (28 unreachable)
 ** 0 of 1 cover properties satisfied
VERIFICATION:- SUCCESSFUL
Verification Time: 12.49441s
Manual Harness Summary:
Complete - 191 successfully verified harnesses, 0 failures, 191 total.
== lean lid :: der-verified length/big_integer/oid codecs (L4, unbounded; guarded) ==
== lean lid: re-extract (charon -> aeneas) + drift check ==
== lean lid: lake build (checking unbounded any-length proofs) ==
== lean lid: PASS (sorry-free) ==
== lean lid: checking lean/lid-source-state.txt (fast-gate tripwire) for changes ==
== lean lid: lid-source-state.txt unchanged (hashes identical) ==
== lid-staleness gate: self-test (the gate's own gate; pure stdlib) ==
== lid-staleness gate --strict (after the Lean gate, which just refreshed the state on green) ==
PASS check_lid_staleness: 6 lid-covered source(s) match the recorded state
== check.sh: PASS ==
== full gate finished: 2026-08-24T22:29:53+02:00 rc=0 ==
