# der-verified full-gate run (./check.sh)
# commit: ffcea81
# dirty-tracked-paths-at-launch: 0 (0 means the log verifies exactly this commit's bytes)
# host: Linux 7.0.0-29-generic x86_64, 16 cores, 30 GB RAM
# cgroup cap: MemoryMax=22G MemorySwapMax=0 (systemd-run --user --scope) — fixed documented literal, not computed
# cbmc    : 6.8.0 (cbmc-6.8.0) [kani-0.67.0 BUNDLED, not localbin]
# kani    : cargo-kani 0.67.0
# cargo   : 1.93.1 (083ac5135 2025-12-15) (built from a source tarball) (system PATH; kani harnesses use kani's own bundled toolchain regardless — the L3 floor is unaffected)
# NOTE: kani harnesses run SEQUENTIALLY (no -j) — parallel harnesses multiply peak RSS.
#
# check.sh exit: 0
# wall-clock: 3755s (~63m) ; measured cgroup memory.peak: 21.0 GB
#
# ---- THIS FILE IS A DISTILLATION, NOT THE RAW LOG ----
# The complete raw log is committed alongside it, gzipped, at evidence/raw/check-ffcea81.log.gz
# (raw: 35744242 bytes, 326848 lines, sha256 6582bc3ae20ba228a844de3cfd3a0c206994fea1695a90fa050c4634af727420).
# This file is exactly that log passed through:
#     grep -E "^(Checking harness|VERIFICATION:|Verification Time:|Manual Harness Summary|Complete - |== |SUMMARY:|test result:|running [0-9]+ test|PASS|FAIL|error)|^ +\*\* [0-9]+ of [0-9]+ (failed|cover propert)"
# Nothing is edited, reordered or summarised by hand: every line below appears verbatim in the
# raw log. Kani's per-check listings (hundreds of lines per harness) are what the filter drops.
#
== hygiene gate (doc links; pure stdlib) ==
PASS check_links: 17 curated doc files, all relative links resolve
== proof-manifest gate: self-test (the gate's own gate; pure stdlib) ==
== proof-manifest gate (PROOF_MANIFEST.md vs source; pure stdlib) ==
== proof-manifest gate: PASS (generated regions + 6 guarded count-claims current) ==
== verification-map gate: self-test (the gate's own gate; pure stdlib) ==
== verification-map gate (README.md's mermaid map vs source; pure stdlib) ==
== verification-map gate: PASS (README.md verification map current) ==
== cargo test (workspace) ==
running 472 tests
test result: ok. 472 passed; 0 failed; 0 ignored; 0 measured; 0 filtered out; finished in 0.00s
running 33 tests
test result: ok. 33 passed; 0 failed; 0 ignored; 0 measured; 0 filtered out; finished in 0.36s
== tier-parity gate (+ its self-test): the LIGHT/HEAVY split is data, so gate it ==
== cargo kani :: der-verified (L3 proof floor) ==
Checking harness big_integer::proofs::strips_redundant_padding...
SUMMARY:
 ** 0 of 214 failed (7 unreachable)
VERIFICATION:- SUCCESSFUL
Verification Time: 0.36833128s
Checking harness big_integer::proofs::is_negative_matches_sign_bit...
SUMMARY:
 ** 0 of 27 failed
VERIFICATION:- SUCCESSFUL
Verification Time: 0.07042443s
Checking harness big_integer::proofs::redundant_negative_padding_is_non_minimal_at_length...
SUMMARY:
 ** 0 of 87 failed
VERIFICATION:- SUCCESSFUL
Verification Time: 0.020255696s
Checking harness big_integer::proofs::redundant_positive_padding_is_non_minimal_at_length...
SUMMARY:
 ** 0 of 87 failed
VERIFICATION:- SUCCESSFUL
Verification Time: 0.020043556s
Checking harness big_integer::proofs::redundant_negative_padding_is_non_minimal...
SUMMARY:
 ** 0 of 83 failed
VERIFICATION:- SUCCESSFUL
Verification Time: 0.015112775s
Checking harness big_integer::proofs::redundant_positive_padding_is_non_minimal...
SUMMARY:
 ** 0 of 83 failed
VERIFICATION:- SUCCESSFUL
Verification Time: 0.015636778s
Checking harness big_integer::proofs::empty_is_empty...
SUMMARY:
 ** 0 of 184 failed (15 unreachable)
VERIFICATION:- SUCCESSFUL
Verification Time: 0.064468786s
Checking harness big_integer::proofs::encode_never_panics...
SUMMARY:
 ** 0 of 80 failed (4 unreachable)
 ** 2 of 2 cover properties satisfied
VERIFICATION:- SUCCESSFUL
Verification Time: 0.3707768s
Checking harness big_integer::proofs::validate_never_panics...
SUMMARY:
 ** 0 of 35 failed
 ** 2 of 2 cover properties satisfied
VERIFICATION:- SUCCESSFUL
Verification Time: 0.07567783s
Checking harness big_integer::proofs::minimality_is_local...
SUMMARY:
 ** 0 of 105 failed
VERIFICATION:- SUCCESSFUL
Verification Time: 0.10101688s
Checking harness big_integer::proofs::minimizer_output_is_always_minimal...
SUMMARY:
 ** 0 of 96 failed (4 unreachable)
VERIFICATION:- SUCCESSFUL
Verification Time: 0.40301025s
Checking harness big_integer::proofs::accepted_is_fixed_point_of_minimizer...
SUMMARY:
 ** 0 of 145 failed (6 unreachable)
VERIFICATION:- SUCCESSFUL
Verification Time: 0.47592035s
Checking harness big_integer::proofs::validate_iff_minimal_oracle...
SUMMARY:
 ** 0 of 50 failed
VERIFICATION:- SUCCESSFUL
Verification Time: 0.075787485s
Checking harness bit_string::proofs::octet_aligned_iff_unused_zero...
SUMMARY:
 ** 0 of 74 failed
VERIFICATION:- SUCCESSFUL
Verification Time: 0.1364002s
Checking harness bit_string::proofs::empty_nonzero_unused_is_classified...
SUMMARY:
 ** 0 of 132 failed (4 unreachable)
VERIFICATION:- SUCCESSFUL
Verification Time: 0.022993999s
Checking harness bit_string::proofs::nonzero_padding_is_classified...
SUMMARY:
 ** 0 of 134 failed
VERIFICATION:- SUCCESSFUL
Verification Time: 0.029071776s
Checking harness bit_string::proofs::unused_too_large_is_classified...
SUMMARY:
 ** 0 of 133 failed (4 unreachable)
VERIFICATION:- SUCCESSFUL
Verification Time: 0.0348829s
Checking harness bit_string::proofs::empty_is_classified...
SUMMARY:
 ** 0 of 132 failed (4 unreachable)
VERIFICATION:- SUCCESSFUL
Verification Time: 0.018243708s
Checking harness bit_string::proofs::decode_accepts_only_canonical...
SUMMARY:
 ** 0 of 101 failed (4 unreachable)
VERIFICATION:- SUCCESSFUL
Verification Time: 0.23750281s
Checking harness bit_string::proofs::decode_never_panics...
SUMMARY:
 ** 0 of 45 failed
 ** 2 of 2 cover properties satisfied
VERIFICATION:- SUCCESSFUL
Verification Time: 0.09986115s
Checking harness bit_string::proofs::roundtrip_canonical...
SUMMARY:
 ** 0 of 119 failed (4 unreachable)
VERIFICATION:- SUCCESSFUL
Verification Time: 0.29248133s
Checking harness boolean::proofs::wrong_length_is_bad_length...
SUMMARY:
 ** 0 of 89 failed (1 unreachable)
VERIFICATION:- SUCCESSFUL
Verification Time: 0.022485746s
Checking harness boolean::proofs::roundtrip...
SUMMARY:
 ** 0 of 87 failed
VERIFICATION:- SUCCESSFUL
Verification Time: 0.016738102s
Checking harness boolean::proofs::one_octet_is_canonical...
SUMMARY:
 ** 0 of 23 failed
VERIFICATION:- SUCCESSFUL
Verification Time: 0.014522892s
Checking harness context_tag::proofs::decode_explicit_context_never_panics...
SUMMARY:
 ** 0 of 123 failed
 ** 2 of 2 cover properties satisfied
VERIFICATION:- SUCCESSFUL
Verification Time: 1.2672629s
Checking harness ec_private_key::proofs::parse_ok_path_witnessed...
SUMMARY:
 ** 0 of 374 failed (13 unreachable)
 ** 1 of 1 cover properties satisfied
VERIFICATION:- SUCCESSFUL
Verification Time: 18.98621s
Checking harness ec_private_key::proofs::parse_strict_never_panics...
SUMMARY:
 ** 0 of 307 failed
 ** 2 of 2 cover properties satisfied
VERIFICATION:- SUCCESSFUL
Verification Time: 34.38331s
Checking harness ec_private_key::proofs::parse_never_panics...
SUMMARY:
 ** 0 of 989 failed
 ** 17 of 17 cover properties satisfied
VERIFICATION:- SUCCESSFUL
Verification Time: 48.897232s
Checking harness ecdsa_sig_value::proofs::parse_strict_ok_path_witnessed_high_bit_r...
SUMMARY:
 ** 0 of 193 failed (11 unreachable)
 ** 1 of 1 cover properties satisfied
VERIFICATION:- SUCCESSFUL
Verification Time: 3.6798856s
Checking harness ecdsa_sig_value::proofs::parse_strict_never_panics...
SUMMARY:
 ** 0 of 195 failed
 ** 2 of 2 cover properties satisfied
VERIFICATION:- SUCCESSFUL
Verification Time: 7.8106146s
Checking harness ecdsa_sig_value::proofs::parse_never_panics...
SUMMARY:
 ** 0 of 668 failed
 ** 15 of 15 cover properties satisfied
VERIFICATION:- SUCCESSFUL
Verification Time: 10.86797s
Checking harness encrypted_private_key_info::proofs::parse_ok_path_witnessed...
SUMMARY:
 ** 0 of 250 failed (11 unreachable)
 ** 1 of 1 cover properties satisfied
VERIFICATION:- SUCCESSFUL
Verification Time: 7.812369s
Checking harness encrypted_private_key_info::proofs::parse_strict_never_panics...
SUMMARY:
 ** 0 of 227 failed
 ** 2 of 2 cover properties satisfied
VERIFICATION:- SUCCESSFUL
Verification Time: 44.12754s
Checking harness encrypted_private_key_info::proofs::parse_never_panics...
SUMMARY:
 ** 0 of 678 failed
 ** 9 of 9 cover properties satisfied
VERIFICATION:- SUCCESSFUL
Verification Time: 20.499508s
Checking harness enumerated::proofs::roundtrip...
SUMMARY:
 ** 0 of 144 failed
VERIFICATION:- SUCCESSFUL
Verification Time: 0.17404503s
Checking harness enumerated::proofs::encode_delegates_to_integer...
SUMMARY:
 ** 0 of 48 failed
 ** 3 of 3 cover properties satisfied
VERIFICATION:- SUCCESSFUL
Verification Time: 0.24964887s
Checking harness enumerated::proofs::decode_delegates_to_integer...
SUMMARY:
 ** 0 of 138 failed
 ** 7 of 7 cover properties satisfied
VERIFICATION:- SUCCESSFUL
Verification Time: 0.26193213s
Checking harness generalized_time::proofs::fraction_non_digit_is_classified...
SUMMARY:
 ** 0 of 257 failed (3 unreachable)
VERIFICATION:- SUCCESSFUL
Verification Time: 0.120508246s
Checking harness generalized_time::proofs::fraction_trailing_zero_is_classified...
SUMMARY:
 ** 0 of 257 failed
VERIFICATION:- SUCCESSFUL
Verification Time: 0.1286294s
Checking harness generalized_time::proofs::fraction_empty_is_classified...
SUMMARY:
 ** 0 of 255 failed (4 unreachable)
VERIFICATION:- SUCCESSFUL
Verification Time: 0.10755558s
Checking harness generalized_time::proofs::bad_fraction_separator_is_classified...
SUMMARY:
 ** 0 of 257 failed (4 unreachable)
VERIFICATION:- SUCCESSFUL
Verification Time: 0.1175231s
Checking harness generalized_time::proofs::second_range_is_classified...
SUMMARY:
 ** 0 of 276 failed (5 unreachable)
VERIFICATION:- SUCCESSFUL
Verification Time: 0.13001706s
Checking harness generalized_time::proofs::minute_range_is_classified...
SUMMARY:
 ** 0 of 276 failed (5 unreachable)
VERIFICATION:- SUCCESSFUL
Verification Time: 0.13323969s
Checking harness generalized_time::proofs::hour_range_is_classified...
SUMMARY:
 ** 0 of 276 failed (5 unreachable)
VERIFICATION:- SUCCESSFUL
Verification Time: 0.13352652s
Checking harness generalized_time::proofs::day_range_is_classified...
SUMMARY:
 ** 0 of 276 failed (5 unreachable)
VERIFICATION:- SUCCESSFUL
Verification Time: 0.1317387s
Checking harness generalized_time::proofs::month_range_is_classified...
SUMMARY:
 ** 0 of 276 failed (5 unreachable)
VERIFICATION:- SUCCESSFUL
Verification Time: 0.13072266s
Checking harness generalized_time::proofs::not_zulu_is_classified...
SUMMARY:
 ** 0 of 257 failed (14 unreachable)
VERIFICATION:- SUCCESSFUL
Verification Time: 0.09747605s
Checking harness generalized_time::proofs::non_digit_is_classified...
SUMMARY:
 ** 0 of 263 failed (16 unreachable)
VERIFICATION:- SUCCESSFUL
Verification Time: 0.12520792s
Checking harness generalized_time::proofs::short_length_is_bad_length...
SUMMARY:
 ** 0 of 256 failed (18 unreachable)
VERIFICATION:- SUCCESSFUL
Verification Time: 0.22826256s
Checking harness generalized_time::proofs::accepted_iff_canonical_oracle...
SUMMARY:
 ** 0 of 238 failed
VERIFICATION:- SUCCESSFUL
Verification Time: 1.22885s
Checking harness generalized_time::proofs::decode_accepts_only_canonical...
SUMMARY:
 ** 0 of 367 failed
VERIFICATION:- SUCCESSFUL
Verification Time: 1.7325652s
Checking harness generalized_time::proofs::decode_never_panics...
SUMMARY:
 ** 0 of 95 failed
 ** 3 of 3 cover properties satisfied
VERIFICATION:- SUCCESSFUL
Verification Time: 0.46737543s
Checking harness generalized_time::proofs::roundtrip_all_fields...
SUMMARY:
 ** 0 of 456 failed
VERIFICATION:- SUCCESSFUL
Verification Time: 1.4606941s
Checking harness integer::proofs::nine_octets_is_too_large...
SUMMARY:
 ** 0 of 126 failed (4 unreachable)
VERIFICATION:- SUCCESSFUL
Verification Time: 0.02098808s
Checking harness integer::proofs::redundant_negative_padding_is_non_minimal...
SUMMARY:
 ** 0 of 110 failed (4 unreachable)
VERIFICATION:- SUCCESSFUL
Verification Time: 0.019907916s
Checking harness integer::proofs::redundant_positive_padding_is_non_minimal...
SUMMARY:
 ** 0 of 110 failed (4 unreachable)
VERIFICATION:- SUCCESSFUL
Verification Time: 0.019945337s
Checking harness integer::proofs::empty_is_classified...
SUMMARY:
 ** 0 of 110 failed (6 unreachable)
VERIFICATION:- SUCCESSFUL
Verification Time: 0.015199655s
Checking harness integer::proofs::decode_accepts_only_minimal...
SUMMARY:
 ** 0 of 85 failed
VERIFICATION:- SUCCESSFUL
Verification Time: 0.4148591s
Checking harness integer::proofs::decode_never_panics...
SUMMARY:
 ** 0 of 51 failed
 ** 2 of 2 cover properties satisfied
VERIFICATION:- SUCCESSFUL
Verification Time: 0.09873664s
Checking harness integer::proofs::roundtrip_all_i64...
SUMMARY:
 ** 0 of 144 failed
VERIFICATION:- SUCCESSFUL
Verification Time: 0.17025211s
Checking harness length::proofs::too_large_is_classified...
SUMMARY:
 ** 0 of 134 failed (4 unreachable)
VERIFICATION:- SUCCESSFUL
Verification Time: 0.06973193s
Checking harness length::proofs::truncated_long_form_is_classified...
SUMMARY:
 ** 0 of 135 failed (6 unreachable)
VERIFICATION:- SUCCESSFUL
Verification Time: 0.09600717s
Checking harness length::proofs::long_form_of_short_value_is_non_minimal...
SUMMARY:
 ** 0 of 134 failed (1 unreachable)
VERIFICATION:- SUCCESSFUL
Verification Time: 0.07679632s
Checking harness length::proofs::leading_zero_is_non_minimal...
SUMMARY:
 ** 0 of 141 failed (4 unreachable)
VERIFICATION:- SUCCESSFUL
Verification Time: 0.13011289s
Checking harness length::proofs::reserved_is_classified...
SUMMARY:
 ** 0 of 137 failed (7 unreachable)
VERIFICATION:- SUCCESSFUL
Verification Time: 0.10357432s
Checking harness length::proofs::indefinite_is_classified...
SUMMARY:
 ** 0 of 137 failed (7 unreachable)
VERIFICATION:- SUCCESSFUL
Verification Time: 0.10207596s
Checking harness length::proofs::decode_accepts_only_canonical...
SUMMARY:
 ** 0 of 80 failed
VERIFICATION:- SUCCESSFUL
Verification Time: 0.2524299s
Checking harness length::proofs::decode_never_panics...
SUMMARY:
 ** 0 of 49 failed
 ** 1 of 1 cover properties satisfied
VERIFICATION:- SUCCESSFUL
Verification Time: 0.112740465s
Checking harness length::proofs::roundtrip_all_u32...
SUMMARY:
 ** 0 of 151 failed
VERIFICATION:- SUCCESSFUL
Verification Time: 0.19323705s
Checking harness null::proofs::only_empty_is_valid...
SUMMARY:
 ** 0 of 59 failed
VERIFICATION:- SUCCESSFUL
Verification Time: 0.024556063s
Checking harness octet_string::proofs::accepted_identifier_is_canonical_0x04...
SUMMARY:
 ** 0 of 121 failed
VERIFICATION:- SUCCESSFUL
Verification Time: 0.625432s
Checking harness octet_string::proofs::non_octet_string_tag_is_wrong_tag...
SUMMARY:
 ** 0 of 347 failed (11 unreachable)
VERIFICATION:- SUCCESSFUL
Verification Time: 0.34527463s
Checking harness octet_string::proofs::constructed_form_is_rejected...
SUMMARY:
 ** 0 of 347 failed (11 unreachable)
VERIFICATION:- SUCCESSFUL
Verification Time: 0.30923626s
Checking harness octet_string::proofs::accepted_content_is_the_tlv_value...
SUMMARY:
 ** 0 of 151 failed
VERIFICATION:- SUCCESSFUL
Verification Time: 1.5019546s
Checking harness octet_string::proofs::decode_never_panics...
SUMMARY:
 ** 0 of 120 failed
 ** 2 of 2 cover properties satisfied
VERIFICATION:- SUCCESSFUL
Verification Time: 0.69915956s
Checking harness octet_string::proofs::roundtrip_small...
SUMMARY:
 ** 0 of 210 failed (38 unreachable)
VERIFICATION:- SUCCESSFUL
Verification Time: 1.2010523s
Checking harness oid::proofs::unterminated_is_truncated...
SUMMARY:
 ** 0 of 87 failed
VERIFICATION:- SUCCESSFUL
Verification Time: 0.027526608s
Checking harness oid::proofs::later_0x80_is_non_minimal...
SUMMARY:
 ** 0 of 81 failed
VERIFICATION:- SUCCESSFUL
Verification Time: 0.023077348s
Checking harness oid::proofs::leading_0x80_is_non_minimal...
SUMMARY:
 ** 0 of 79 failed (1 unreachable)
VERIFICATION:- SUCCESSFUL
Verification Time: 0.022579577s
Checking harness oid::proofs::empty_is_classified...
SUMMARY:
 ** 0 of 77 failed (2 unreachable)
VERIFICATION:- SUCCESSFUL
Verification Time: 0.013034456s
Checking harness oid::proofs::validate_never_panics...
SUMMARY:
 ** 0 of 89 failed (1 unreachable)
 ** 2 of 2 cover properties satisfied
VERIFICATION:- SUCCESSFUL
Verification Time: 0.121782705s
Checking harness pkcs8::proofs::parse_ok_path_witnessed...
SUMMARY:
 ** 0 of 318 failed (13 unreachable)
 ** 1 of 1 cover properties satisfied
VERIFICATION:- SUCCESSFUL
Verification Time: 15.996596s
Checking harness pkcs8::proofs::parse_strict_never_panics...
SUMMARY:
 ** 0 of 294 failed
 ** 2 of 2 cover properties satisfied
VERIFICATION:- SUCCESSFUL
Verification Time: 84.60411s
Checking harness pkcs8::proofs::parse_never_panics...
SUMMARY:
 ** 0 of 911 failed
 ** 16 of 16 cover properties satisfied
VERIFICATION:- SUCCESSFUL
Verification Time: 41.060776s
Checking harness profile::proofs::validate_profile_never_panics...
SUMMARY:
 ** 0 of 92 failed
 ** 2 of 2 cover properties satisfied
VERIFICATION:- SUCCESSFUL
Verification Time: 0.09555357s
Checking harness profile::proofs::error_precedence_follows_declaration_order...
SUMMARY:
 ** 0 of 160 failed
 ** 3 of 3 cover properties satisfied
VERIFICATION:- SUCCESSFUL
Verification Time: 0.11347783s
Checking harness profile::proofs::rule3_generalized_too_early_iff_year_le_2049...
SUMMARY:
 ** 0 of 161 failed
 ** 4 of 4 cover properties satisfied
VERIFICATION:- SUCCESSFUL
Verification Time: 0.1132322s
Checking harness profile::proofs::rule2_requires_v3_iff_extensions_present_and_not_v3...
SUMMARY:
 ** 0 of 159 failed
 ** 3 of 3 cover properties satisfied
VERIFICATION:- SUCCESSFUL
Verification Time: 0.06322842s
Checking harness profile::proofs::rule1_mismatch_iff_algorithms_differ...
SUMMARY:
 ** 0 of 159 failed
 ** 2 of 2 cover properties satisfied
VERIFICATION:- SUCCESSFUL
Verification Time: 0.11817825s
Checking harness profile::proofs::utc_time_can_never_denote_2050_or_later...
SUMMARY:
 ** 0 of 22 failed
 ** 2 of 2 cover properties satisfied
VERIFICATION:- SUCCESSFUL
Verification Time: 0.015459037s
Checking harness restricted_string::proofs::wrong_tag_is_classified_visible...
SUMMARY:
 ** 0 of 483 failed (13 unreachable)
VERIFICATION:- SUCCESSFUL
Verification Time: 0.43347815s
Checking harness restricted_string::proofs::wrong_tag_is_classified_numeric...
SUMMARY:
 ** 0 of 428 failed (13 unreachable)
VERIFICATION:- SUCCESSFUL
Verification Time: 0.4268757s
Checking harness restricted_string::proofs::wrong_tag_is_classified_ia5...
SUMMARY:
 ** 0 of 428 failed (13 unreachable)
VERIFICATION:- SUCCESSFUL
Verification Time: 0.41946742s
Checking harness restricted_string::proofs::wrong_tag_is_classified_printable...
SUMMARY:
 ** 0 of 428 failed (13 unreachable)
VERIFICATION:- SUCCESSFUL
Verification Time: 0.45744362s
Checking harness restricted_string::proofs::out_of_charset_reports_position...
SUMMARY:
 ** 0 of 186 failed (1 unreachable)
VERIFICATION:- SUCCESSFUL
Verification Time: 0.25527877s
Checking harness restricted_string::proofs::accepted_identifier_is_canonical_visible...
SUMMARY:
 ** 0 of 184 failed
VERIFICATION:- SUCCESSFUL
Verification Time: 0.8487459s
Checking harness restricted_string::proofs::accepted_identifier_is_canonical_numeric...
SUMMARY:
 ** 0 of 184 failed
VERIFICATION:- SUCCESSFUL
Verification Time: 0.844844s
Checking harness restricted_string::proofs::accepted_identifier_is_canonical_ia5...
SUMMARY:
 ** 0 of 184 failed
VERIFICATION:- SUCCESSFUL
Verification Time: 0.7738137s
Checking harness restricted_string::proofs::accepted_identifier_is_canonical_printable...
SUMMARY:
 ** 0 of 184 failed
VERIFICATION:- SUCCESSFUL
Verification Time: 0.8238794s
Checking harness restricted_string::proofs::constructed_form_is_rejected_visible...
SUMMARY:
 ** 0 of 427 failed (13 unreachable)
VERIFICATION:- SUCCESSFUL
Verification Time: 0.37685415s
Checking harness restricted_string::proofs::constructed_form_is_rejected_numeric...
SUMMARY:
 ** 0 of 427 failed (13 unreachable)
VERIFICATION:- SUCCESSFUL
Verification Time: 0.3819307s
Checking harness restricted_string::proofs::constructed_form_is_rejected_ia5...
SUMMARY:
 ** 0 of 427 failed (13 unreachable)
VERIFICATION:- SUCCESSFUL
Verification Time: 0.3822177s
Checking harness restricted_string::proofs::constructed_form_is_rejected_printable...
SUMMARY:
 ** 0 of 427 failed (13 unreachable)
VERIFICATION:- SUCCESSFUL
Verification Time: 0.40767774s
Checking harness restricted_string::proofs::decode_never_panics...
SUMMARY:
 ** 0 of 194 failed
 ** 4 of 4 cover properties satisfied
VERIFICATION:- SUCCESSFUL
Verification Time: 1.0734562s
Checking harness restricted_string::proofs::roundtrip_visible...
SUMMARY:
 ** 0 of 418 failed (38 unreachable)
VERIFICATION:- SUCCESSFUL
Verification Time: 1.9414446s
Checking harness restricted_string::proofs::roundtrip_numeric...
SUMMARY:
 ** 0 of 363 failed (38 unreachable)
VERIFICATION:- SUCCESSFUL
Verification Time: 1.7354076s
Checking harness restricted_string::proofs::roundtrip_ia5...
SUMMARY:
 ** 0 of 363 failed (38 unreachable)
VERIFICATION:- SUCCESSFUL
Verification Time: 1.744325s
Checking harness restricted_string::proofs::roundtrip_printable...
SUMMARY:
 ** 0 of 363 failed (38 unreachable)
VERIFICATION:- SUCCESSFUL
Verification Time: 2.0440962s
Checking harness restricted_string::proofs::validate_iff_all_in_charset_visible...
SUMMARY:
 ** 0 of 223 failed (1 unreachable)
VERIFICATION:- SUCCESSFUL
Verification Time: 0.19253351s
Checking harness restricted_string::proofs::validate_iff_all_in_charset_numeric...
SUMMARY:
 ** 0 of 168 failed (1 unreachable)
VERIFICATION:- SUCCESSFUL
Verification Time: 0.14751032s
Checking harness restricted_string::proofs::validate_iff_all_in_charset_ia5...
SUMMARY:
 ** 0 of 168 failed (1 unreachable)
VERIFICATION:- SUCCESSFUL
Verification Time: 0.14718838s
Checking harness restricted_string::proofs::validate_iff_all_in_charset_printable...
SUMMARY:
 ** 0 of 168 failed (1 unreachable)
VERIFICATION:- SUCCESSFUL
Verification Time: 0.18997999s
Checking harness restricted_string::proofs::charset_exactly_matches_oracle_visible...
SUMMARY:
 ** 0 of 105 failed
VERIFICATION:- SUCCESSFUL
Verification Time: 0.01627598s
Checking harness restricted_string::proofs::charset_exactly_matches_oracle_numeric...
SUMMARY:
 ** 0 of 50 failed
VERIFICATION:- SUCCESSFUL
Verification Time: 0.010347125s
Checking harness restricted_string::proofs::charset_exactly_matches_oracle_ia5...
SUMMARY:
 ** 0 of 50 failed
VERIFICATION:- SUCCESSFUL
Verification Time: 0.009854153s
Checking harness restricted_string::proofs::charset_exactly_matches_oracle_printable...
SUMMARY:
 ** 0 of 50 failed
VERIFICATION:- SUCCESSFUL
Verification Time: 0.015903208s
Checking harness rsa_private_key::proofs::validate_other_prime_info_never_panics...
SUMMARY:
 ** 0 of 583 failed (1 unreachable)
 ** 4 of 4 cover properties satisfied
VERIFICATION:- SUCCESSFUL
Verification Time: 5.8943853s
Checking harness rsa_private_key::proofs::validate_other_prime_infos_never_panics...
SUMMARY:
 ** 0 of 141 failed
 ** 2 of 2 cover properties satisfied
VERIFICATION:- SUCCESSFUL
Verification Time: 74.51774s
Checking harness rsa_private_key::proofs::parse_ok_2prime_witnessed...
SUMMARY:
 ** 0 of 305 failed (5 unreachable)
 ** 1 of 1 cover properties satisfied
VERIFICATION:- SUCCESSFUL
Verification Time: 41.741863s
Checking harness rsa_private_key::proofs::parse_strict_never_panics...
SUMMARY:
 ** 0 of 245 failed
VERIFICATION:- SUCCESSFUL
Verification Time: 58.865166s
Checking harness rsa_private_key::proofs::parse_never_panics...
SUMMARY:
 ** 0 of 850 failed
 ** 11 of 11 cover properties satisfied
VERIFICATION:- SUCCESSFUL
Verification Time: 78.116455s
Checking harness rsa_public_key::proofs::parse_strict_ok_path_witnessed_rsa_2048_shaped...
SUMMARY:
 ** 0 of 218 failed (4 unreachable)
 ** 1 of 1 cover properties satisfied
VERIFICATION:- SUCCESSFUL
Verification Time: 3.861445s
Checking harness rsa_public_key::proofs::parse_strict_never_panics...
SUMMARY:
 ** 0 of 195 failed
 ** 2 of 2 cover properties satisfied
VERIFICATION:- SUCCESSFUL
Verification Time: 8.18541s
Checking harness rsa_public_key::proofs::parse_never_panics...
SUMMARY:
 ** 0 of 668 failed
 ** 15 of 15 cover properties satisfied
VERIFICATION:- SUCCESSFUL
Verification Time: 10.159833s
Checking harness sequence::proofs::strict_rejects_trailing...
SUMMARY:
 ** 0 of 322 failed (11 unreachable)
VERIFICATION:- SUCCESSFUL
Verification Time: 0.35423365s
Checking harness sequence::proofs::accepted_identifier_is_canonical_0x30...
SUMMARY:
 ** 0 of 119 failed
VERIFICATION:- SUCCESSFUL
Verification Time: 0.6411261s
Checking harness sequence::proofs::tag_correctness...
SUMMARY:
 ** 0 of 330 failed (11 unreachable)
VERIFICATION:- SUCCESSFUL
Verification Time: 1.0049616s
Checking harness sequence::proofs::roundtrip_two_children...
SUMMARY:
 ** 0 of 476 failed (38 unreachable)
VERIFICATION:- SUCCESSFUL
Verification Time: 35.110554s
Checking harness sequence::proofs::ok_implies_exact_tiling...
SUMMARY:
 ** 0 of 144 failed
VERIFICATION:- SUCCESSFUL
Verification Time: 78.631775s
Checking harness sequence::proofs::no_over_read...
SUMMARY:
 ** 0 of 96 failed
VERIFICATION:- SUCCESSFUL
Verification Time: 31.905594s
Checking harness sequence::proofs::iterate_never_panics...
SUMMARY:
 ** 0 of 321 failed
 ** 2 of 2 cover properties satisfied
VERIFICATION:- SUCCESSFUL
Verification Time: 40.64547s
Checking harness set_of::proofs::roundtrip_two_sorted_children...
SUMMARY:
 ** 0 of 482 failed (41 unreachable)
VERIFICATION:- SUCCESSFUL
Verification Time: 128.16568s
Checking harness set_of::proofs::strict_rejects_trailing...
SUMMARY:
 ** 0 of 431 failed (22 unreachable)
VERIFICATION:- SUCCESSFUL
Verification Time: 38.32757s
Checking harness set_of::proofs::accepted_identifier_is_canonical_0x31...
SUMMARY:
 ** 0 of 200 failed (2 unreachable)
VERIFICATION:- SUCCESSFUL
Verification Time: 207.94925s
Checking harness set_of::proofs::tag_correctness...
SUMMARY:
 ** 0 of 429 failed (19 unreachable)
VERIFICATION:- SUCCESSFUL
Verification Time: 152.30255s
Checking harness set_of::proofs::duplicate_adjacent_encodings_are_accepted...
SUMMARY:
 ** 0 of 361 failed (16 unreachable)
VERIFICATION:- SUCCESSFUL
Verification Time: 34.841774s
Checking harness set_of::proofs::unsorted_reports_first_violation_index_depth_four...
SUMMARY:
 ** 0 of 361 failed (13 unreachable)
VERIFICATION:- SUCCESSFUL
Verification Time: 47.337578s
Checking harness set_of::proofs::unsorted_reports_first_violation_index...
SUMMARY:
 ** 0 of 361 failed (13 unreachable)
VERIFICATION:- SUCCESSFUL
Verification Time: 48.68686s
Checking harness set_of::proofs::unsorted_children_are_rejected...
SUMMARY:
 ** 0 of 361 failed (13 unreachable)
VERIFICATION:- SUCCESSFUL
Verification Time: 36.36936s
Checking harness set_of::proofs::cmp_padded_matches_oracle...
SUMMARY:
 ** 0 of 106 failed
VERIFICATION:- SUCCESSFUL
Verification Time: 0.3323291s
Checking harness set_of::proofs::ordering_iff_oracle...
SUMMARY:
 ** 0 of 202 failed (13 unreachable)
VERIFICATION:- SUCCESSFUL
Verification Time: 57.702717s
Checking harness set_of::proofs::ok_implies_exact_tiling...
SUMMARY:
 ** 0 of 179 failed (2 unreachable)
VERIFICATION:- SUCCESSFUL
Verification Time: 187.75002s
Checking harness set_of::proofs::no_over_read...
SUMMARY:
 ** 0 of 96 failed
VERIFICATION:- SUCCESSFUL
Verification Time: 31.028082s
Checking harness set_of::proofs::iterate_never_panics...
SUMMARY:
 ** 0 of 362 failed (2 unreachable)
 ** 2 of 2 cover properties satisfied
VERIFICATION:- SUCCESSFUL
Verification Time: 86.65424s
Checking harness tag::proofs::too_large_tag_is_classified...
SUMMARY:
 ** 0 of 142 failed
VERIFICATION:- SUCCESSFUL
Verification Time: 0.037633512s
Checking harness tag::proofs::truncated_high_tag_is_classified...
SUMMARY:
 ** 0 of 142 failed (4 unreachable)
VERIFICATION:- SUCCESSFUL
Verification Time: 0.029002147s
Checking harness tag::proofs::leading_zero_high_tag_is_non_minimal...
SUMMARY:
 ** 0 of 142 failed (4 unreachable)
VERIFICATION:- SUCCESSFUL
Verification Time: 0.029293196s
Checking harness tag::proofs::high_tag_of_small_number_is_non_minimal...
SUMMARY:
 ** 0 of 142 failed
VERIFICATION:- SUCCESSFUL
Verification Time: 0.045237526s
Checking harness tag::proofs::decode_tag_accepts_only_canonical...
SUMMARY:
 ** 0 of 81 failed
VERIFICATION:- SUCCESSFUL
Verification Time: 0.30477288s
Checking harness tag::proofs::decode_tag_never_panics...
SUMMARY:
 ** 0 of 34 failed
 ** 2 of 2 cover properties satisfied
VERIFICATION:- SUCCESSFUL
Verification Time: 0.07463741s
Checking harness tag::proofs::roundtrip_all_tags...
SUMMARY:
 ** 0 of 176 failed
VERIFICATION:- SUCCESSFUL
Verification Time: 0.4257169s
Checking harness tlv::proofs::strict_rejects_trailing...
SUMMARY:
 ** 0 of 293 failed (11 unreachable)
VERIFICATION:- SUCCESSFUL
Verification Time: 0.27974868s
Checking harness tlv::proofs::tlv_truncated_value_is_classified...
SUMMARY:
 ** 0 of 298 failed (11 unreachable)
VERIFICATION:- SUCCESSFUL
Verification Time: 0.25520822s
Checking harness tlv::proofs::tlv_roundtrip_small...
SUMMARY:
 ** 0 of 223 failed (21 unreachable)
VERIFICATION:- SUCCESSFUL
Verification Time: 1.839391s
Checking harness tlv::proofs::decode_tlv_structure...
SUMMARY:
 ** 0 of 129 failed
VERIFICATION:- SUCCESSFUL
Verification Time: 1.9041075s
Checking harness tlv::proofs::decode_tlv_never_panics...
SUMMARY:
 ** 0 of 95 failed
 ** 3 of 3 cover properties satisfied
VERIFICATION:- SUCCESSFUL
Verification Time: 0.64337975s
Checking harness utc_time::proofs::full_year_pivot_is_correct...
SUMMARY:
 ** 0 of 24 failed
VERIFICATION:- SUCCESSFUL
Verification Time: 0.014031741s
Checking harness utc_time::proofs::decode_postcondition_fields_in_range...
SUMMARY:
 ** 0 of 104 failed
 ** 2 of 2 cover properties satisfied
VERIFICATION:- SUCCESSFUL
Verification Time: 0.2888649s
Checking harness utc_time::proofs::second_range_is_classified...
SUMMARY:
 ** 0 of 201 failed
VERIFICATION:- SUCCESSFUL
Verification Time: 0.060605284s
Checking harness utc_time::proofs::minute_range_is_classified...
SUMMARY:
 ** 0 of 201 failed
VERIFICATION:- SUCCESSFUL
Verification Time: 0.061031703s
Checking harness utc_time::proofs::hour_range_is_classified...
SUMMARY:
 ** 0 of 201 failed
VERIFICATION:- SUCCESSFUL
Verification Time: 0.060789283s
Checking harness utc_time::proofs::day_range_is_classified...
SUMMARY:
 ** 0 of 201 failed
VERIFICATION:- SUCCESSFUL
Verification Time: 0.061073925s
Checking harness utc_time::proofs::month_range_is_classified...
SUMMARY:
 ** 0 of 201 failed
VERIFICATION:- SUCCESSFUL
Verification Time: 0.061177425s
Checking harness utc_time::proofs::not_zulu_is_classified...
SUMMARY:
 ** 0 of 182 failed (7 unreachable)
VERIFICATION:- SUCCESSFUL
Verification Time: 0.037975755s
Checking harness utc_time::proofs::non_digit_is_classified...
SUMMARY:
 ** 0 of 188 failed (8 unreachable)
VERIFICATION:- SUCCESSFUL
Verification Time: 0.054813936s
Checking harness utc_time::proofs::wrong_length_is_bad_length...
SUMMARY:
 ** 0 of 194 failed (10 unreachable)
VERIFICATION:- SUCCESSFUL
Verification Time: 0.1109565s
Checking harness utc_time::proofs::accepted_iff_canonical_oracle...
SUMMARY:
 ** 0 of 173 failed
VERIFICATION:- SUCCESSFUL
Verification Time: 0.59250957s
Checking harness utc_time::proofs::decode_accepts_only_canonical...
SUMMARY:
 ** 0 of 189 failed
VERIFICATION:- SUCCESSFUL
Verification Time: 0.3488796s
Checking harness utc_time::proofs::decode_never_panics...
SUMMARY:
 ** 0 of 60 failed
 ** 1 of 1 cover properties satisfied
VERIFICATION:- SUCCESSFUL
Verification Time: 0.15726416s
Checking harness utc_time::proofs::roundtrip_all_fields...
SUMMARY:
 ** 0 of 309 failed
VERIFICATION:- SUCCESSFUL
Verification Time: 0.23621039s
Checking harness utf8_string::proofs::ill_formed_reports_position...
SUMMARY:
 ** 0 of 216 failed
VERIFICATION:- SUCCESSFUL
Verification Time: 30.616703s
Checking harness utf8_string::proofs::wrong_tag_is_classified...
SUMMARY:
 ** 0 of 422 failed (19 unreachable)
VERIFICATION:- SUCCESSFUL
Verification Time: 13.499128s
Checking harness utf8_string::proofs::accepted_identifier_is_canonical...
SUMMARY:
 ** 0 of 202 failed
VERIFICATION:- SUCCESSFUL
Verification Time: 24.294157s
Checking harness utf8_string::proofs::constructed_form_is_rejected...
SUMMARY:
 ** 0 of 422 failed (19 unreachable)
VERIFICATION:- SUCCESSFUL
Verification Time: 13.134625s
Checking harness utf8_string::proofs::decode_never_panics...
SUMMARY:
 ** 0 of 201 failed
 ** 2 of 2 cover properties satisfied
VERIFICATION:- SUCCESSFUL
Verification Time: 22.651781s
Checking harness utf8_string::proofs::roundtrip...
SUMMARY:
 ** 0 of 413 failed (38 unreachable)
VERIFICATION:- SUCCESSFUL
Verification Time: 109.11161s
Checking harness utf8_string::proofs::validate_iff_std...
SUMMARY:
 ** 0 of 233 failed (7 unreachable)
VERIFICATION:- SUCCESSFUL
Verification Time: 3.6158853s
Checking harness utf8_string::proofs::validate_iff_oracle_multi...
SUMMARY:
 ** 0 of 216 failed
VERIFICATION:- SUCCESSFUL
Verification Time: 12.935595s
Checking harness utf8_string::proofs::validate_iff_oracle...
SUMMARY:
 ** 0 of 216 failed
VERIFICATION:- SUCCESSFUL
Verification Time: 6.4031286s
Checking harness x509_algorithm_identifier::proofs::parse_algorithm_identifier_never_panics...
SUMMARY:
 ** 0 of 175 failed
 ** 3 of 3 cover properties satisfied
VERIFICATION:- SUCCESSFUL
Verification Time: 7.9125896s
Checking harness x509_certificate::proofs::parse_certificate_never_panics...
SUMMARY:
 ** 0 of 253 failed (4 unreachable)
 ** 1 of 1 cover properties satisfied
VERIFICATION:- SUCCESSFUL
Verification Time: 47.92109s
Checking harness x509_extension::proofs::validate_extensions_ok_path_witnessed...
SUMMARY:
 ** 0 of 245 failed (12 unreachable)
 ** 1 of 1 cover properties satisfied
VERIFICATION:- SUCCESSFUL
Verification Time: 194.27347s
Checking harness x509_extension::proofs::validate_extensions_never_panics...
SUMMARY:
 ** 0 of 254 failed
 ** 0 of 1 cover properties satisfied
VERIFICATION:- SUCCESSFUL
Verification Time: 412.05994s
Checking harness x509_extension::proofs::parse_extension_never_panics...
SUMMARY:
 ** 0 of 218 failed
 ** 1 of 1 cover properties satisfied
VERIFICATION:- SUCCESSFUL
Verification Time: 12.160876s
Checking harness x509_name::proofs::validate_never_panics...
SUMMARY:
 ** 0 of 138 failed
 ** 1 of 1 cover properties satisfied
VERIFICATION:- SUCCESSFUL
Verification Time: 6.004109s
Checking harness x509_name::proofs::validate_rdn_never_panics...
SUMMARY:
 ** 0 of 299 failed (2 unreachable)
VERIFICATION:- SUCCESSFUL
Verification Time: 509.22293s
Checking harness x509_spki::proofs::parse_never_panics...
SUMMARY:
 ** 0 of 240 failed
 ** 1 of 1 cover properties satisfied
VERIFICATION:- SUCCESSFUL
Verification Time: 19.493002s
Checking harness x509_tbs_certificate::proofs::parse_tbs_certificate_ok_path_witnessed...
SUMMARY:
 ** 0 of 411 failed (14 unreachable)
 ** 1 of 1 cover properties satisfied
VERIFICATION:- SUCCESSFUL
Verification Time: 202.158s
Checking harness x509_tbs_certificate::proofs::parse_tbs_certificate_never_panics...
SUMMARY:
 ** 0 of 550 failed (41 unreachable)
 ** 0 of 1 cover properties satisfied
VERIFICATION:- SUCCESSFUL
Verification Time: 101.97337s
Checking harness x509_validity::proofs::parse_validity_ok_path_witnessed...
SUMMARY:
 ** 0 of 265 failed (29 unreachable)
 ** 1 of 1 cover properties satisfied
VERIFICATION:- SUCCESSFUL
Verification Time: 5.7068024s
Checking harness x509_validity::proofs::parse_never_panics...
SUMMARY:
 ** 0 of 265 failed (28 unreachable)
 ** 0 of 1 cover properties satisfied
VERIFICATION:- SUCCESSFUL
Verification Time: 12.181918s
Manual Harness Summary:
Complete - 191 successfully verified harnesses, 0 failures, 191 total.
== lean lid :: der-verified length/big_integer/oid codecs (L4, unbounded; guarded) ==
== lean lid: re-extract (charon -> aeneas) + drift check ==
== lean lid: lake build (checking unbounded any-length proofs) ==
== lean lid: PASS (sorry-free) ==
== lean lid: checking lean/lid-source-state.txt (fast-gate tripwire) for changes ==
== lean lid: lid-source-state.txt unchanged (hashes identical) ==
== lid-staleness gate: self-test (the gate's own gate; pure stdlib) ==
== lid-staleness gate --strict (after the Lean gate, which just refreshed the state on green) ==
PASS check_lid_staleness: 6 lid-covered source(s) match the recorded state
== check.sh: PASS ==
