# der-verified full-gate run (./check.sh)
# commit: 69bbc9f
# dirty-tracked-paths-at-completion: 0 (`git status --porcelain` immediately after the run was empty)
# NOTE ON PROVENANCE: this run was NOT sampled for dirtiness at launch, so the usual
#   "verifies exactly this commit's bytes" line is deliberately not claimed here. What IS
#   measured, in this log: the proof-manifest gate, the verification-map gate and the strict
#   lid-staleness gate all passed inside the run, and the last of those hashes the 6 lid-covered
#   sources against the committed state — so the verified source seen by this run matches the
#   commit. Treat the untracked-file margin as unmeasured rather than proven zero.
# host: Linux 7.0.0-29-generic x86_64, 16 cores, 30 GB RAM
# cgroup cap: MemoryMax=25G MemorySwapMax=0 (systemd-run --user, transient service unit) — fixed documented literal, not computed
# cbmc    : 6.8.0 (cbmc-6.8.0) [kani-0.67.0 BUNDLED, not localbin]
# kani    : cargo-kani 0.67.0
# cargo   : 1.93.1 (083ac5135 2025-12-15) (built from a source tarball) (system PATH; kani harnesses use kani's own bundled toolchain regardless — the L3 floor is unaffected)
# NOTE: kani harnesses run SEQUENTIALLY (no -j) — parallel harnesses multiply peak RSS.
#
# check.sh exit: 0
# wall-clock: 3791s (~63m) ; measured cgroup memory.peak: 22474231808 bytes (20.9 GiB)
#
# WHAT THIS RUN CONFIRMS. It is the confirmation run for the F1/F2/F3/F5 review findings
# (commits 5d07824, aa26c36, 080c8af). It was launched at 69bbc9f rather than 080c8af because
# 69bbc9f landed on the branch while an earlier attempt was still running; 69bbc9f adds only
# evidence/AXIOM-AUDIT-2026-08-18.md, and `git diff 080c8af..69bbc9f -- der-verified/src lean`
# is empty — so the verified source here is 080c8af's, byte for byte.
# Two earlier attempts stopped at ~182/191 harnesses with 0 failures observed; both were cut
# short by their supervising shell/cap, not by a proof. This run cleared all 191 with a
# 20.9 GiB peak under a 25G cap.
#
# ---- THIS FILE IS A DISTILLATION, NOT THE RAW LOG ----
# The complete raw log is committed alongside it, gzipped, at evidence/raw/check-69bbc9f.log.gz
# (raw: 35750183 bytes, 326815 lines, sha256 360369ba5682a902a42d12018116665e2f8aa853116c0977d1714a448d8932fa).
# This file is exactly that log passed through:
#     grep -E "^(Checking harness|VERIFICATION:|Verification Time:|Manual Harness Summary|Complete - |== |SUMMARY:|test result:|running [0-9]+ test|PASS|FAIL|error)|^ +\*\* [0-9]+ of [0-9]+ (failed|cover propert)"
# Nothing is edited, reordered or summarised by hand: every line below appears verbatim in the
# raw log. Kani's per-check listings (hundreds of lines per harness) are what the filter drops.
#
== hygiene gate (doc links; pure stdlib) ==
PASS check_links: 21 curated doc files, all relative links resolve
== proof-manifest gate: self-test (the gate's own gate; pure stdlib) ==
== proof-manifest gate (PROOF_MANIFEST.md vs source; pure stdlib) ==
== proof-manifest gate: PASS (generated regions + 6 guarded count-claims current) ==
== verification-map gate: self-test (the gate's own gate; pure stdlib) ==
== verification-map gate (README.md's mermaid map vs source; pure stdlib) ==
== verification-map gate: PASS (README.md verification map current) ==
== cargo test (workspace) ==
running 472 tests
test result: ok. 472 passed; 0 failed; 0 ignored; 0 measured; 0 filtered out; finished in 0.00s
running 33 tests
test result: ok. 33 passed; 0 failed; 0 ignored; 0 measured; 0 filtered out; finished in 0.38s
== doctest-count gate: self-test (the gate's own gate; pure stdlib except its own two real-cargo tests) ==
== doctest-count gate (gen_proof_manifest.py's static scan vs cargo's own count — structural backstop against any doc-attribute shape the static regexes don't recognise) ==
PASS check_doctest_count: static scan (33) matches cargo's own doctest count (ground truth, via `cargo test --doc -p der-verified -- --list`)
== tier-parity gate (+ its self-test): the LIGHT/HEAVY split is data, so gate it ==
== cargo kani :: der-verified (L3 proof floor) ==
Checking harness big_integer::proofs::strips_redundant_padding...
SUMMARY:
 ** 0 of 214 failed (7 unreachable)
VERIFICATION:- SUCCESSFUL
Verification Time: 0.37112132s
Checking harness big_integer::proofs::is_negative_matches_sign_bit...
SUMMARY:
 ** 0 of 27 failed
VERIFICATION:- SUCCESSFUL
Verification Time: 0.072515436s
Checking harness big_integer::proofs::redundant_negative_padding_is_non_minimal_at_length...
SUMMARY:
 ** 0 of 87 failed
VERIFICATION:- SUCCESSFUL
Verification Time: 0.02039361s
Checking harness big_integer::proofs::redundant_positive_padding_is_non_minimal_at_length...
SUMMARY:
 ** 0 of 87 failed
VERIFICATION:- SUCCESSFUL
Verification Time: 0.0202302s
Checking harness big_integer::proofs::redundant_negative_padding_is_non_minimal...
SUMMARY:
 ** 0 of 83 failed
VERIFICATION:- SUCCESSFUL
Verification Time: 0.015837776s
Checking harness big_integer::proofs::redundant_positive_padding_is_non_minimal...
SUMMARY:
 ** 0 of 83 failed
VERIFICATION:- SUCCESSFUL
Verification Time: 0.015505194s
Checking harness big_integer::proofs::empty_is_empty...
SUMMARY:
 ** 0 of 184 failed (15 unreachable)
VERIFICATION:- SUCCESSFUL
Verification Time: 0.062545285s
Checking harness big_integer::proofs::encode_never_panics...
SUMMARY:
 ** 0 of 80 failed (4 unreachable)
 ** 2 of 2 cover properties satisfied
VERIFICATION:- SUCCESSFUL
Verification Time: 0.37038037s
Checking harness big_integer::proofs::validate_never_panics...
SUMMARY:
 ** 0 of 35 failed
 ** 2 of 2 cover properties satisfied
VERIFICATION:- SUCCESSFUL
Verification Time: 0.07892674s
Checking harness big_integer::proofs::minimality_is_local...
SUMMARY:
 ** 0 of 105 failed
VERIFICATION:- SUCCESSFUL
Verification Time: 0.101104975s
Checking harness big_integer::proofs::minimizer_output_is_always_minimal...
SUMMARY:
 ** 0 of 96 failed (4 unreachable)
VERIFICATION:- SUCCESSFUL
Verification Time: 0.41712826s
Checking harness big_integer::proofs::accepted_is_fixed_point_of_minimizer...
SUMMARY:
 ** 0 of 145 failed (6 unreachable)
VERIFICATION:- SUCCESSFUL
Verification Time: 0.48466018s
Checking harness big_integer::proofs::validate_iff_minimal_oracle...
SUMMARY:
 ** 0 of 50 failed
VERIFICATION:- SUCCESSFUL
Verification Time: 0.079989634s
Checking harness bit_string::proofs::octet_aligned_iff_unused_zero...
SUMMARY:
 ** 0 of 74 failed
VERIFICATION:- SUCCESSFUL
Verification Time: 0.1418897s
Checking harness bit_string::proofs::empty_nonzero_unused_is_classified...
SUMMARY:
 ** 0 of 132 failed (4 unreachable)
VERIFICATION:- SUCCESSFUL
Verification Time: 0.023423826s
Checking harness bit_string::proofs::nonzero_padding_is_classified...
SUMMARY:
 ** 0 of 134 failed
VERIFICATION:- SUCCESSFUL
Verification Time: 0.030137304s
Checking harness bit_string::proofs::unused_too_large_is_classified...
SUMMARY:
 ** 0 of 133 failed (4 unreachable)
VERIFICATION:- SUCCESSFUL
Verification Time: 0.035174713s
Checking harness bit_string::proofs::empty_is_classified...
SUMMARY:
 ** 0 of 132 failed (4 unreachable)
VERIFICATION:- SUCCESSFUL
Verification Time: 0.018782612s
Checking harness bit_string::proofs::decode_accepts_only_canonical...
SUMMARY:
 ** 0 of 101 failed (4 unreachable)
VERIFICATION:- SUCCESSFUL
Verification Time: 0.2599599s
Checking harness bit_string::proofs::decode_never_panics...
SUMMARY:
 ** 0 of 45 failed
 ** 2 of 2 cover properties satisfied
VERIFICATION:- SUCCESSFUL
Verification Time: 0.1006477s
Checking harness bit_string::proofs::roundtrip_canonical...
SUMMARY:
 ** 0 of 119 failed (4 unreachable)
VERIFICATION:- SUCCESSFUL
Verification Time: 0.30602914s
Checking harness boolean::proofs::wrong_length_is_bad_length...
SUMMARY:
 ** 0 of 89 failed (1 unreachable)
VERIFICATION:- SUCCESSFUL
Verification Time: 0.022612883s
Checking harness boolean::proofs::roundtrip...
SUMMARY:
 ** 0 of 87 failed
VERIFICATION:- SUCCESSFUL
Verification Time: 0.016979052s
Checking harness boolean::proofs::one_octet_is_canonical...
SUMMARY:
 ** 0 of 23 failed
VERIFICATION:- SUCCESSFUL
Verification Time: 0.01488242s
Checking harness context_tag::proofs::decode_explicit_context_never_panics...
SUMMARY:
 ** 0 of 123 failed
 ** 2 of 2 cover properties satisfied
VERIFICATION:- SUCCESSFUL
Verification Time: 1.2761852s
Checking harness ec_private_key::proofs::parse_ok_path_witnessed...
SUMMARY:
 ** 0 of 374 failed (13 unreachable)
 ** 1 of 1 cover properties satisfied
VERIFICATION:- SUCCESSFUL
Verification Time: 19.360067s
Checking harness ec_private_key::proofs::parse_strict_never_panics...
SUMMARY:
 ** 0 of 307 failed
 ** 2 of 2 cover properties satisfied
VERIFICATION:- SUCCESSFUL
Verification Time: 34.700153s
Checking harness ec_private_key::proofs::parse_never_panics...
SUMMARY:
 ** 0 of 989 failed
 ** 17 of 17 cover properties satisfied
VERIFICATION:- SUCCESSFUL
Verification Time: 49.85505s
Checking harness ecdsa_sig_value::proofs::parse_strict_ok_path_witnessed_high_bit_r...
SUMMARY:
 ** 0 of 193 failed (11 unreachable)
 ** 1 of 1 cover properties satisfied
VERIFICATION:- SUCCESSFUL
Verification Time: 3.5158606s
Checking harness ecdsa_sig_value::proofs::parse_strict_never_panics...
SUMMARY:
 ** 0 of 195 failed
 ** 2 of 2 cover properties satisfied
VERIFICATION:- SUCCESSFUL
Verification Time: 8.234231s
Checking harness ecdsa_sig_value::proofs::parse_never_panics...
SUMMARY:
 ** 0 of 668 failed
 ** 15 of 15 cover properties satisfied
VERIFICATION:- SUCCESSFUL
Verification Time: 11.294381s
Checking harness encrypted_private_key_info::proofs::parse_ok_path_witnessed...
SUMMARY:
 ** 0 of 250 failed (11 unreachable)
 ** 1 of 1 cover properties satisfied
VERIFICATION:- SUCCESSFUL
Verification Time: 7.9803367s
Checking harness encrypted_private_key_info::proofs::parse_strict_never_panics...
SUMMARY:
 ** 0 of 227 failed
 ** 2 of 2 cover properties satisfied
VERIFICATION:- SUCCESSFUL
Verification Time: 44.674305s
Checking harness encrypted_private_key_info::proofs::parse_never_panics...
SUMMARY:
 ** 0 of 678 failed
 ** 9 of 9 cover properties satisfied
VERIFICATION:- SUCCESSFUL
Verification Time: 19.494713s
Checking harness enumerated::proofs::roundtrip...
SUMMARY:
 ** 0 of 144 failed
VERIFICATION:- SUCCESSFUL
Verification Time: 0.18409729s
Checking harness enumerated::proofs::encode_delegates_to_integer...
SUMMARY:
 ** 0 of 48 failed
 ** 3 of 3 cover properties satisfied
VERIFICATION:- SUCCESSFUL
Verification Time: 0.25419804s
Checking harness enumerated::proofs::decode_delegates_to_integer...
SUMMARY:
 ** 0 of 138 failed
 ** 7 of 7 cover properties satisfied
VERIFICATION:- SUCCESSFUL
Verification Time: 0.25917172s
Checking harness generalized_time::proofs::fraction_non_digit_is_classified...
SUMMARY:
 ** 0 of 257 failed (3 unreachable)
VERIFICATION:- SUCCESSFUL
Verification Time: 0.1201682s
Checking harness generalized_time::proofs::fraction_trailing_zero_is_classified...
SUMMARY:
 ** 0 of 257 failed
VERIFICATION:- SUCCESSFUL
Verification Time: 0.13056786s
Checking harness generalized_time::proofs::fraction_empty_is_classified...
SUMMARY:
 ** 0 of 255 failed (4 unreachable)
VERIFICATION:- SUCCESSFUL
Verification Time: 0.107051484s
Checking harness generalized_time::proofs::bad_fraction_separator_is_classified...
SUMMARY:
 ** 0 of 257 failed (4 unreachable)
VERIFICATION:- SUCCESSFUL
Verification Time: 0.114988595s
Checking harness generalized_time::proofs::second_range_is_classified...
SUMMARY:
 ** 0 of 276 failed (5 unreachable)
VERIFICATION:- SUCCESSFUL
Verification Time: 0.13110946s
Checking harness generalized_time::proofs::minute_range_is_classified...
SUMMARY:
 ** 0 of 276 failed (5 unreachable)
VERIFICATION:- SUCCESSFUL
Verification Time: 0.13210338s
Checking harness generalized_time::proofs::hour_range_is_classified...
SUMMARY:
 ** 0 of 276 failed (5 unreachable)
VERIFICATION:- SUCCESSFUL
Verification Time: 0.1285635s
Checking harness generalized_time::proofs::day_range_is_classified...
SUMMARY:
 ** 0 of 276 failed (5 unreachable)
VERIFICATION:- SUCCESSFUL
Verification Time: 0.12974489s
Checking harness generalized_time::proofs::month_range_is_classified...
SUMMARY:
 ** 0 of 276 failed (5 unreachable)
VERIFICATION:- SUCCESSFUL
Verification Time: 0.13340199s
Checking harness generalized_time::proofs::not_zulu_is_classified...
SUMMARY:
 ** 0 of 257 failed (14 unreachable)
VERIFICATION:- SUCCESSFUL
Verification Time: 0.09613675s
Checking harness generalized_time::proofs::non_digit_is_classified...
SUMMARY:
 ** 0 of 263 failed (16 unreachable)
VERIFICATION:- SUCCESSFUL
Verification Time: 0.12447612s
Checking harness generalized_time::proofs::short_length_is_bad_length...
SUMMARY:
 ** 0 of 256 failed (18 unreachable)
VERIFICATION:- SUCCESSFUL
Verification Time: 0.23344159s
Checking harness generalized_time::proofs::accepted_iff_canonical_oracle...
SUMMARY:
 ** 0 of 238 failed
VERIFICATION:- SUCCESSFUL
Verification Time: 1.254202s
Checking harness generalized_time::proofs::decode_accepts_only_canonical...
SUMMARY:
 ** 0 of 367 failed
VERIFICATION:- SUCCESSFUL
Verification Time: 1.6540651s
Checking harness generalized_time::proofs::decode_never_panics...
SUMMARY:
 ** 0 of 95 failed
 ** 3 of 3 cover properties satisfied
VERIFICATION:- SUCCESSFUL
Verification Time: 0.47973776s
Checking harness generalized_time::proofs::roundtrip_all_fields...
SUMMARY:
 ** 0 of 456 failed
VERIFICATION:- SUCCESSFUL
Verification Time: 1.4087092s
Checking harness integer::proofs::nine_octets_is_too_large...
SUMMARY:
 ** 0 of 126 failed (4 unreachable)
VERIFICATION:- SUCCESSFUL
Verification Time: 0.02034507s
Checking harness integer::proofs::redundant_negative_padding_is_non_minimal...
SUMMARY:
 ** 0 of 110 failed (4 unreachable)
VERIFICATION:- SUCCESSFUL
Verification Time: 0.019788945s
Checking harness integer::proofs::redundant_positive_padding_is_non_minimal...
SUMMARY:
 ** 0 of 110 failed (4 unreachable)
VERIFICATION:- SUCCESSFUL
Verification Time: 0.019499267s
Checking harness integer::proofs::empty_is_classified...
SUMMARY:
 ** 0 of 110 failed (6 unreachable)
VERIFICATION:- SUCCESSFUL
Verification Time: 0.015031742s
Checking harness integer::proofs::decode_accepts_only_minimal...
SUMMARY:
 ** 0 of 85 failed
VERIFICATION:- SUCCESSFUL
Verification Time: 0.3304022s
Checking harness integer::proofs::decode_never_panics...
SUMMARY:
 ** 0 of 51 failed
 ** 2 of 2 cover properties satisfied
VERIFICATION:- SUCCESSFUL
Verification Time: 0.10078757s
Checking harness integer::proofs::roundtrip_all_i64...
SUMMARY:
 ** 0 of 144 failed
VERIFICATION:- SUCCESSFUL
Verification Time: 0.17933288s
Checking harness length::proofs::too_large_is_classified...
SUMMARY:
 ** 0 of 134 failed (4 unreachable)
VERIFICATION:- SUCCESSFUL
Verification Time: 0.0670162s
Checking harness length::proofs::truncated_long_form_is_classified...
SUMMARY:
 ** 0 of 135 failed (6 unreachable)
VERIFICATION:- SUCCESSFUL
Verification Time: 0.09999996s
Checking harness length::proofs::long_form_of_short_value_is_non_minimal...
SUMMARY:
 ** 0 of 134 failed (1 unreachable)
VERIFICATION:- SUCCESSFUL
Verification Time: 0.07298616s
Checking harness length::proofs::leading_zero_is_non_minimal...
SUMMARY:
 ** 0 of 141 failed (4 unreachable)
VERIFICATION:- SUCCESSFUL
Verification Time: 0.11226358s
Checking harness length::proofs::reserved_is_classified...
SUMMARY:
 ** 0 of 137 failed (7 unreachable)
VERIFICATION:- SUCCESSFUL
Verification Time: 0.1002205s
Checking harness length::proofs::indefinite_is_classified...
SUMMARY:
 ** 0 of 137 failed (7 unreachable)
VERIFICATION:- SUCCESSFUL
Verification Time: 0.099265605s
Checking harness length::proofs::decode_accepts_only_canonical...
SUMMARY:
 ** 0 of 80 failed
VERIFICATION:- SUCCESSFUL
Verification Time: 0.2536348s
Checking harness length::proofs::decode_never_panics...
SUMMARY:
 ** 0 of 49 failed
 ** 1 of 1 cover properties satisfied
VERIFICATION:- SUCCESSFUL
Verification Time: 0.11495589s
Checking harness length::proofs::roundtrip_all_u32...
SUMMARY:
 ** 0 of 151 failed
VERIFICATION:- SUCCESSFUL
Verification Time: 0.1927884s
Checking harness null::proofs::only_empty_is_valid...
SUMMARY:
 ** 0 of 59 failed
VERIFICATION:- SUCCESSFUL
Verification Time: 0.024688952s
Checking harness octet_string::proofs::accepted_identifier_is_canonical_0x04...
SUMMARY:
 ** 0 of 121 failed
VERIFICATION:- SUCCESSFUL
Verification Time: 0.67250985s
Checking harness octet_string::proofs::non_octet_string_tag_is_wrong_tag...
SUMMARY:
 ** 0 of 347 failed (11 unreachable)
VERIFICATION:- SUCCESSFUL
Verification Time: 0.33603275s
Checking harness octet_string::proofs::constructed_form_is_rejected...
SUMMARY:
 ** 0 of 347 failed (11 unreachable)
VERIFICATION:- SUCCESSFUL
Verification Time: 0.3054075s
Checking harness octet_string::proofs::accepted_content_is_the_tlv_value...
SUMMARY:
 ** 0 of 151 failed
VERIFICATION:- SUCCESSFUL
Verification Time: 1.5822303s
Checking harness octet_string::proofs::decode_never_panics...
SUMMARY:
 ** 0 of 120 failed
 ** 2 of 2 cover properties satisfied
VERIFICATION:- SUCCESSFUL
Verification Time: 0.66531324s
Checking harness octet_string::proofs::roundtrip_small...
SUMMARY:
 ** 0 of 210 failed (38 unreachable)
VERIFICATION:- SUCCESSFUL
Verification Time: 1.234809s
Checking harness oid::proofs::unterminated_is_truncated...
SUMMARY:
 ** 0 of 87 failed
VERIFICATION:- SUCCESSFUL
Verification Time: 0.027509768s
Checking harness oid::proofs::later_0x80_is_non_minimal...
SUMMARY:
 ** 0 of 81 failed
VERIFICATION:- SUCCESSFUL
Verification Time: 0.023242015s
Checking harness oid::proofs::leading_0x80_is_non_minimal...
SUMMARY:
 ** 0 of 79 failed (1 unreachable)
VERIFICATION:- SUCCESSFUL
Verification Time: 0.023740567s
Checking harness oid::proofs::empty_is_classified...
SUMMARY:
 ** 0 of 77 failed (2 unreachable)
VERIFICATION:- SUCCESSFUL
Verification Time: 0.013264301s
Checking harness oid::proofs::validate_never_panics...
SUMMARY:
 ** 0 of 89 failed (1 unreachable)
 ** 2 of 2 cover properties satisfied
VERIFICATION:- SUCCESSFUL
Verification Time: 0.12513155s
Checking harness pkcs8::proofs::parse_ok_path_witnessed...
SUMMARY:
 ** 0 of 318 failed (13 unreachable)
 ** 1 of 1 cover properties satisfied
VERIFICATION:- SUCCESSFUL
Verification Time: 16.172167s
Checking harness pkcs8::proofs::parse_strict_never_panics...
SUMMARY:
 ** 0 of 294 failed
 ** 2 of 2 cover properties satisfied
VERIFICATION:- SUCCESSFUL
Verification Time: 83.479836s
Checking harness pkcs8::proofs::parse_never_panics...
SUMMARY:
 ** 0 of 911 failed
 ** 16 of 16 cover properties satisfied
VERIFICATION:- SUCCESSFUL
Verification Time: 43.457428s
Checking harness profile::proofs::validate_profile_never_panics...
SUMMARY:
 ** 0 of 92 failed
 ** 2 of 2 cover properties satisfied
VERIFICATION:- SUCCESSFUL
Verification Time: 0.10100335s
Checking harness profile::proofs::error_precedence_follows_declaration_order...
SUMMARY:
 ** 0 of 160 failed
 ** 3 of 3 cover properties satisfied
VERIFICATION:- SUCCESSFUL
Verification Time: 0.11777981s
Checking harness profile::proofs::rule3_generalized_too_early_iff_year_le_2049...
SUMMARY:
 ** 0 of 161 failed
 ** 4 of 4 cover properties satisfied
VERIFICATION:- SUCCESSFUL
Verification Time: 0.11447724s
Checking harness profile::proofs::rule2_requires_v3_iff_extensions_present_and_not_v3...
SUMMARY:
 ** 0 of 159 failed
 ** 3 of 3 cover properties satisfied
VERIFICATION:- SUCCESSFUL
Verification Time: 0.06493801s
Checking harness profile::proofs::rule1_mismatch_iff_algorithms_differ...
SUMMARY:
 ** 0 of 159 failed
 ** 2 of 2 cover properties satisfied
VERIFICATION:- SUCCESSFUL
Verification Time: 0.11759109s
Checking harness profile::proofs::utc_time_can_never_denote_2050_or_later...
SUMMARY:
 ** 0 of 22 failed
 ** 2 of 2 cover properties satisfied
VERIFICATION:- SUCCESSFUL
Verification Time: 0.015539374s
Checking harness restricted_string::proofs::wrong_tag_is_classified_visible...
SUMMARY:
 ** 0 of 483 failed (13 unreachable)
VERIFICATION:- SUCCESSFUL
Verification Time: 0.4439564s
Checking harness restricted_string::proofs::wrong_tag_is_classified_numeric...
SUMMARY:
 ** 0 of 428 failed (13 unreachable)
VERIFICATION:- SUCCESSFUL
Verification Time: 0.43667403s
Checking harness restricted_string::proofs::wrong_tag_is_classified_ia5...
SUMMARY:
 ** 0 of 428 failed (13 unreachable)
VERIFICATION:- SUCCESSFUL
Verification Time: 0.4318364s
Checking harness restricted_string::proofs::wrong_tag_is_classified_printable...
SUMMARY:
 ** 0 of 428 failed (13 unreachable)
VERIFICATION:- SUCCESSFUL
Verification Time: 0.47573942s
Checking harness restricted_string::proofs::out_of_charset_reports_position...
SUMMARY:
 ** 0 of 186 failed (1 unreachable)
VERIFICATION:- SUCCESSFUL
Verification Time: 0.25178257s
Checking harness restricted_string::proofs::accepted_identifier_is_canonical_visible...
SUMMARY:
 ** 0 of 184 failed
VERIFICATION:- SUCCESSFUL
Verification Time: 0.8383973s
Checking harness restricted_string::proofs::accepted_identifier_is_canonical_numeric...
SUMMARY:
 ** 0 of 184 failed
VERIFICATION:- SUCCESSFUL
Verification Time: 0.8376481s
Checking harness restricted_string::proofs::accepted_identifier_is_canonical_ia5...
SUMMARY:
 ** 0 of 184 failed
VERIFICATION:- SUCCESSFUL
Verification Time: 0.8489331s
Checking harness restricted_string::proofs::accepted_identifier_is_canonical_printable...
SUMMARY:
 ** 0 of 184 failed
VERIFICATION:- SUCCESSFUL
Verification Time: 0.863923s
Checking harness restricted_string::proofs::constructed_form_is_rejected_visible...
SUMMARY:
 ** 0 of 427 failed (13 unreachable)
VERIFICATION:- SUCCESSFUL
Verification Time: 0.38643232s
Checking harness restricted_string::proofs::constructed_form_is_rejected_numeric...
SUMMARY:
 ** 0 of 427 failed (13 unreachable)
VERIFICATION:- SUCCESSFUL
Verification Time: 0.39497286s
Checking harness restricted_string::proofs::constructed_form_is_rejected_ia5...
SUMMARY:
 ** 0 of 427 failed (13 unreachable)
VERIFICATION:- SUCCESSFUL
Verification Time: 0.39196575s
Checking harness restricted_string::proofs::constructed_form_is_rejected_printable...
SUMMARY:
 ** 0 of 427 failed (13 unreachable)
VERIFICATION:- SUCCESSFUL
Verification Time: 0.42531595s
Checking harness restricted_string::proofs::decode_never_panics...
SUMMARY:
 ** 0 of 194 failed
 ** 4 of 4 cover properties satisfied
VERIFICATION:- SUCCESSFUL
Verification Time: 1.0343434s
Checking harness restricted_string::proofs::roundtrip_visible...
SUMMARY:
 ** 0 of 418 failed (38 unreachable)
VERIFICATION:- SUCCESSFUL
Verification Time: 2.1066446s
Checking harness restricted_string::proofs::roundtrip_numeric...
SUMMARY:
 ** 0 of 363 failed (38 unreachable)
VERIFICATION:- SUCCESSFUL
Verification Time: 1.7853186s
Checking harness restricted_string::proofs::roundtrip_ia5...
SUMMARY:
 ** 0 of 363 failed (38 unreachable)
VERIFICATION:- SUCCESSFUL
Verification Time: 1.744306s
Checking harness restricted_string::proofs::roundtrip_printable...
SUMMARY:
 ** 0 of 363 failed (38 unreachable)
VERIFICATION:- SUCCESSFUL
Verification Time: 1.9586325s
Checking harness restricted_string::proofs::validate_iff_all_in_charset_visible...
SUMMARY:
 ** 0 of 223 failed (1 unreachable)
VERIFICATION:- SUCCESSFUL
Verification Time: 0.20541054s
Checking harness restricted_string::proofs::validate_iff_all_in_charset_numeric...
SUMMARY:
 ** 0 of 168 failed (1 unreachable)
VERIFICATION:- SUCCESSFUL
Verification Time: 0.15592393s
Checking harness restricted_string::proofs::validate_iff_all_in_charset_ia5...
SUMMARY:
 ** 0 of 168 failed (1 unreachable)
VERIFICATION:- SUCCESSFUL
Verification Time: 0.15218863s
Checking harness restricted_string::proofs::validate_iff_all_in_charset_printable...
SUMMARY:
 ** 0 of 168 failed (1 unreachable)
VERIFICATION:- SUCCESSFUL
Verification Time: 0.19458875s
Checking harness restricted_string::proofs::charset_exactly_matches_oracle_visible...
SUMMARY:
 ** 0 of 105 failed
VERIFICATION:- SUCCESSFUL
Verification Time: 0.01660321s
Checking harness restricted_string::proofs::charset_exactly_matches_oracle_numeric...
SUMMARY:
 ** 0 of 50 failed
VERIFICATION:- SUCCESSFUL
Verification Time: 0.010147605s
Checking harness restricted_string::proofs::charset_exactly_matches_oracle_ia5...
SUMMARY:
 ** 0 of 50 failed
VERIFICATION:- SUCCESSFUL
Verification Time: 0.010049114s
Checking harness restricted_string::proofs::charset_exactly_matches_oracle_printable...
SUMMARY:
 ** 0 of 50 failed
VERIFICATION:- SUCCESSFUL
Verification Time: 0.01636822s
Checking harness rsa_private_key::proofs::validate_other_prime_info_never_panics...
SUMMARY:
 ** 0 of 583 failed (1 unreachable)
 ** 4 of 4 cover properties satisfied
VERIFICATION:- SUCCESSFUL
Verification Time: 6.089597s
Checking harness rsa_private_key::proofs::validate_other_prime_infos_never_panics...
SUMMARY:
 ** 0 of 141 failed
 ** 2 of 2 cover properties satisfied
VERIFICATION:- SUCCESSFUL
Verification Time: 72.63937s
Checking harness rsa_private_key::proofs::parse_ok_2prime_witnessed...
SUMMARY:
 ** 0 of 305 failed (5 unreachable)
 ** 1 of 1 cover properties satisfied
VERIFICATION:- SUCCESSFUL
Verification Time: 42.631046s
Checking harness rsa_private_key::proofs::parse_strict_never_panics...
SUMMARY:
 ** 0 of 245 failed
VERIFICATION:- SUCCESSFUL
Verification Time: 56.126484s
Checking harness rsa_private_key::proofs::parse_never_panics...
SUMMARY:
 ** 0 of 850 failed
 ** 11 of 11 cover properties satisfied
VERIFICATION:- SUCCESSFUL
Verification Time: 73.515495s
Checking harness rsa_public_key::proofs::parse_strict_ok_path_witnessed_rsa_2048_shaped...
SUMMARY:
 ** 0 of 218 failed (4 unreachable)
 ** 1 of 1 cover properties satisfied
VERIFICATION:- SUCCESSFUL
Verification Time: 3.9754949s
Checking harness rsa_public_key::proofs::parse_strict_never_panics...
SUMMARY:
 ** 0 of 195 failed
 ** 2 of 2 cover properties satisfied
VERIFICATION:- SUCCESSFUL
Verification Time: 7.34347s
Checking harness rsa_public_key::proofs::parse_never_panics...
SUMMARY:
 ** 0 of 668 failed
 ** 15 of 15 cover properties satisfied
VERIFICATION:- SUCCESSFUL
Verification Time: 10.551692s
Checking harness sequence::proofs::strict_rejects_trailing...
SUMMARY:
 ** 0 of 322 failed (11 unreachable)
VERIFICATION:- SUCCESSFUL
Verification Time: 0.3607312s
Checking harness sequence::proofs::accepted_identifier_is_canonical_0x30...
SUMMARY:
 ** 0 of 119 failed
VERIFICATION:- SUCCESSFUL
Verification Time: 0.6669343s
Checking harness sequence::proofs::tag_correctness...
SUMMARY:
 ** 0 of 330 failed (11 unreachable)
VERIFICATION:- SUCCESSFUL
Verification Time: 1.0384878s
Checking harness sequence::proofs::roundtrip_two_children...
SUMMARY:
 ** 0 of 476 failed (38 unreachable)
VERIFICATION:- SUCCESSFUL
Verification Time: 35.65268s
Checking harness sequence::proofs::ok_implies_exact_tiling...
SUMMARY:
 ** 0 of 144 failed
VERIFICATION:- SUCCESSFUL
Verification Time: 79.2794s
Checking harness sequence::proofs::no_over_read...
SUMMARY:
 ** 0 of 96 failed
VERIFICATION:- SUCCESSFUL
Verification Time: 31.053347s
Checking harness sequence::proofs::iterate_never_panics...
SUMMARY:
 ** 0 of 321 failed
 ** 2 of 2 cover properties satisfied
VERIFICATION:- SUCCESSFUL
Verification Time: 41.751984s
Checking harness set_of::proofs::roundtrip_two_sorted_children...
SUMMARY:
 ** 0 of 482 failed (41 unreachable)
VERIFICATION:- SUCCESSFUL
Verification Time: 128.84451s
Checking harness set_of::proofs::strict_rejects_trailing...
SUMMARY:
 ** 0 of 431 failed (22 unreachable)
VERIFICATION:- SUCCESSFUL
Verification Time: 38.29512s
Checking harness set_of::proofs::accepted_identifier_is_canonical_0x31...
SUMMARY:
 ** 0 of 200 failed (2 unreachable)
VERIFICATION:- SUCCESSFUL
Verification Time: 198.5319s
Checking harness set_of::proofs::tag_correctness...
SUMMARY:
 ** 0 of 429 failed (19 unreachable)
VERIFICATION:- SUCCESSFUL
Verification Time: 153.12949s
Checking harness set_of::proofs::duplicate_adjacent_encodings_are_accepted...
SUMMARY:
 ** 0 of 361 failed (16 unreachable)
VERIFICATION:- SUCCESSFUL
Verification Time: 34.95076s
Checking harness set_of::proofs::unsorted_reports_first_violation_index_depth_four...
SUMMARY:
 ** 0 of 361 failed (13 unreachable)
VERIFICATION:- SUCCESSFUL
Verification Time: 47.216625s
Checking harness set_of::proofs::unsorted_reports_first_violation_index...
SUMMARY:
 ** 0 of 361 failed (13 unreachable)
VERIFICATION:- SUCCESSFUL
Verification Time: 48.523617s
Checking harness set_of::proofs::unsorted_children_are_rejected...
SUMMARY:
 ** 0 of 361 failed (13 unreachable)
VERIFICATION:- SUCCESSFUL
Verification Time: 36.480667s
Checking harness set_of::proofs::cmp_padded_matches_oracle...
SUMMARY:
 ** 0 of 106 failed
VERIFICATION:- SUCCESSFUL
Verification Time: 0.36188266s
Checking harness set_of::proofs::ordering_iff_oracle...
SUMMARY:
 ** 0 of 202 failed (13 unreachable)
VERIFICATION:- SUCCESSFUL
Verification Time: 54.801304s
Checking harness set_of::proofs::ok_implies_exact_tiling...
SUMMARY:
 ** 0 of 179 failed (2 unreachable)
VERIFICATION:- SUCCESSFUL
Verification Time: 203.57202s
Checking harness set_of::proofs::no_over_read...
SUMMARY:
 ** 0 of 96 failed
VERIFICATION:- SUCCESSFUL
Verification Time: 32.71007s
Checking harness set_of::proofs::iterate_never_panics...
SUMMARY:
 ** 0 of 362 failed (2 unreachable)
 ** 2 of 2 cover properties satisfied
VERIFICATION:- SUCCESSFUL
Verification Time: 105.59932s
Checking harness tag::proofs::too_large_tag_is_classified...
SUMMARY:
 ** 0 of 142 failed
VERIFICATION:- SUCCESSFUL
Verification Time: 0.038963795s
Checking harness tag::proofs::truncated_high_tag_is_classified...
SUMMARY:
 ** 0 of 142 failed (4 unreachable)
VERIFICATION:- SUCCESSFUL
Verification Time: 0.030821202s
Checking harness tag::proofs::leading_zero_high_tag_is_non_minimal...
SUMMARY:
 ** 0 of 142 failed (4 unreachable)
VERIFICATION:- SUCCESSFUL
Verification Time: 0.029949369s
Checking harness tag::proofs::high_tag_of_small_number_is_non_minimal...
SUMMARY:
 ** 0 of 142 failed
VERIFICATION:- SUCCESSFUL
Verification Time: 0.044333693s
Checking harness tag::proofs::decode_tag_accepts_only_canonical...
SUMMARY:
 ** 0 of 81 failed
VERIFICATION:- SUCCESSFUL
Verification Time: 0.30570444s
Checking harness tag::proofs::decode_tag_never_panics...
SUMMARY:
 ** 0 of 34 failed
 ** 2 of 2 cover properties satisfied
VERIFICATION:- SUCCESSFUL
Verification Time: 0.07344597s
Checking harness tag::proofs::roundtrip_all_tags...
SUMMARY:
 ** 0 of 176 failed
VERIFICATION:- SUCCESSFUL
Verification Time: 0.43422934s
Checking harness tlv::proofs::strict_rejects_trailing...
SUMMARY:
 ** 0 of 293 failed (11 unreachable)
VERIFICATION:- SUCCESSFUL
Verification Time: 0.2860309s
Checking harness tlv::proofs::tlv_truncated_value_is_classified...
SUMMARY:
 ** 0 of 298 failed (11 unreachable)
VERIFICATION:- SUCCESSFUL
Verification Time: 0.2633562s
Checking harness tlv::proofs::tlv_roundtrip_small...
SUMMARY:
 ** 0 of 223 failed (21 unreachable)
VERIFICATION:- SUCCESSFUL
Verification Time: 1.8931017s
Checking harness tlv::proofs::decode_tlv_structure...
SUMMARY:
 ** 0 of 129 failed
VERIFICATION:- SUCCESSFUL
Verification Time: 1.8748662s
Checking harness tlv::proofs::decode_tlv_never_panics...
SUMMARY:
 ** 0 of 95 failed
 ** 3 of 3 cover properties satisfied
VERIFICATION:- SUCCESSFUL
Verification Time: 0.63560826s
Checking harness utc_time::proofs::full_year_pivot_is_correct...
SUMMARY:
 ** 0 of 24 failed
VERIFICATION:- SUCCESSFUL
Verification Time: 0.014244874s
Checking harness utc_time::proofs::decode_postcondition_fields_in_range...
SUMMARY:
 ** 0 of 104 failed
 ** 2 of 2 cover properties satisfied
VERIFICATION:- SUCCESSFUL
Verification Time: 0.29829735s
Checking harness utc_time::proofs::second_range_is_classified...
SUMMARY:
 ** 0 of 201 failed
VERIFICATION:- SUCCESSFUL
Verification Time: 0.06054292s
Checking harness utc_time::proofs::minute_range_is_classified...
SUMMARY:
 ** 0 of 201 failed
VERIFICATION:- SUCCESSFUL
Verification Time: 0.06273801s
Checking harness utc_time::proofs::hour_range_is_classified...
SUMMARY:
 ** 0 of 201 failed
VERIFICATION:- SUCCESSFUL
Verification Time: 0.062322877s
Checking harness utc_time::proofs::day_range_is_classified...
SUMMARY:
 ** 0 of 201 failed
VERIFICATION:- SUCCESSFUL
Verification Time: 0.064011104s
Checking harness utc_time::proofs::month_range_is_classified...
SUMMARY:
 ** 0 of 201 failed
VERIFICATION:- SUCCESSFUL
Verification Time: 0.06321608s
Checking harness utc_time::proofs::not_zulu_is_classified...
SUMMARY:
 ** 0 of 182 failed (7 unreachable)
VERIFICATION:- SUCCESSFUL
Verification Time: 0.039705627s
Checking harness utc_time::proofs::non_digit_is_classified...
SUMMARY:
 ** 0 of 188 failed (8 unreachable)
VERIFICATION:- SUCCESSFUL
Verification Time: 0.05686616s
Checking harness utc_time::proofs::wrong_length_is_bad_length...
SUMMARY:
 ** 0 of 194 failed (10 unreachable)
VERIFICATION:- SUCCESSFUL
Verification Time: 0.11547561s
Checking harness utc_time::proofs::accepted_iff_canonical_oracle...
SUMMARY:
 ** 0 of 173 failed
VERIFICATION:- SUCCESSFUL
Verification Time: 0.60319674s
Checking harness utc_time::proofs::decode_accepts_only_canonical...
SUMMARY:
 ** 0 of 189 failed
VERIFICATION:- SUCCESSFUL
Verification Time: 0.35642618s
Checking harness utc_time::proofs::decode_never_panics...
SUMMARY:
 ** 0 of 60 failed
 ** 1 of 1 cover properties satisfied
VERIFICATION:- SUCCESSFUL
Verification Time: 0.16571583s
Checking harness utc_time::proofs::roundtrip_all_fields...
SUMMARY:
 ** 0 of 309 failed
VERIFICATION:- SUCCESSFUL
Verification Time: 0.24902949s
Checking harness utf8_string::proofs::ill_formed_reports_position...
SUMMARY:
 ** 0 of 216 failed
VERIFICATION:- SUCCESSFUL
Verification Time: 30.476337s
Checking harness utf8_string::proofs::wrong_tag_is_classified...
SUMMARY:
 ** 0 of 422 failed (19 unreachable)
VERIFICATION:- SUCCESSFUL
Verification Time: 13.538083s
Checking harness utf8_string::proofs::accepted_identifier_is_canonical...
SUMMARY:
 ** 0 of 202 failed
VERIFICATION:- SUCCESSFUL
Verification Time: 27.635567s
Checking harness utf8_string::proofs::constructed_form_is_rejected...
SUMMARY:
 ** 0 of 422 failed (19 unreachable)
VERIFICATION:- SUCCESSFUL
Verification Time: 13.117919s
Checking harness utf8_string::proofs::decode_never_panics...
SUMMARY:
 ** 0 of 201 failed
 ** 2 of 2 cover properties satisfied
VERIFICATION:- SUCCESSFUL
Verification Time: 22.96096s
Checking harness utf8_string::proofs::roundtrip...
SUMMARY:
 ** 0 of 413 failed (38 unreachable)
VERIFICATION:- SUCCESSFUL
Verification Time: 109.98665s
Checking harness utf8_string::proofs::validate_iff_std...
SUMMARY:
 ** 0 of 233 failed (7 unreachable)
VERIFICATION:- SUCCESSFUL
Verification Time: 3.868031s
Checking harness utf8_string::proofs::validate_iff_oracle_multi...
SUMMARY:
 ** 0 of 216 failed
VERIFICATION:- SUCCESSFUL
Verification Time: 13.52779s
Checking harness utf8_string::proofs::validate_iff_oracle...
SUMMARY:
 ** 0 of 216 failed
VERIFICATION:- SUCCESSFUL
Verification Time: 6.880392s
Checking harness x509_algorithm_identifier::proofs::parse_algorithm_identifier_never_panics...
SUMMARY:
 ** 0 of 175 failed
 ** 3 of 3 cover properties satisfied
VERIFICATION:- SUCCESSFUL
Verification Time: 7.626739s
Checking harness x509_certificate::proofs::parse_certificate_never_panics...
SUMMARY:
 ** 0 of 253 failed (4 unreachable)
 ** 1 of 1 cover properties satisfied
VERIFICATION:- SUCCESSFUL
Verification Time: 49.099674s
Checking harness x509_extension::proofs::validate_extensions_ok_path_witnessed...
SUMMARY:
 ** 0 of 245 failed (12 unreachable)
 ** 1 of 1 cover properties satisfied
VERIFICATION:- SUCCESSFUL
Verification Time: 198.63712s
Checking harness x509_extension::proofs::validate_extensions_never_panics...
SUMMARY:
 ** 0 of 254 failed
 ** 0 of 1 cover properties satisfied
VERIFICATION:- SUCCESSFUL
Verification Time: 440.5297s
Checking harness x509_extension::proofs::parse_extension_never_panics...
SUMMARY:
 ** 0 of 218 failed
 ** 1 of 1 cover properties satisfied
VERIFICATION:- SUCCESSFUL
Verification Time: 13.002992s
Checking harness x509_name::proofs::validate_never_panics...
SUMMARY:
 ** 0 of 138 failed
 ** 1 of 1 cover properties satisfied
VERIFICATION:- SUCCESSFUL
Verification Time: 5.6189137s
Checking harness x509_name::proofs::validate_rdn_never_panics...
SUMMARY:
 ** 0 of 299 failed (2 unreachable)
VERIFICATION:- SUCCESSFUL
Verification Time: 501.70935s
Checking harness x509_spki::proofs::parse_never_panics...
SUMMARY:
 ** 0 of 240 failed
 ** 1 of 1 cover properties satisfied
VERIFICATION:- SUCCESSFUL
Verification Time: 18.36726s
Checking harness x509_tbs_certificate::proofs::parse_tbs_certificate_ok_path_witnessed...
SUMMARY:
 ** 0 of 411 failed (14 unreachable)
 ** 1 of 1 cover properties satisfied
VERIFICATION:- SUCCESSFUL
Verification Time: 200.5543s
Checking harness x509_tbs_certificate::proofs::parse_tbs_certificate_never_panics...
SUMMARY:
 ** 0 of 550 failed (41 unreachable)
 ** 0 of 1 cover properties satisfied
VERIFICATION:- SUCCESSFUL
Verification Time: 97.205086s
Checking harness x509_validity::proofs::parse_validity_ok_path_witnessed...
SUMMARY:
 ** 0 of 265 failed (29 unreachable)
 ** 1 of 1 cover properties satisfied
VERIFICATION:- SUCCESSFUL
Verification Time: 5.7579246s
Checking harness x509_validity::proofs::parse_never_panics...
SUMMARY:
 ** 0 of 265 failed (28 unreachable)
 ** 0 of 1 cover properties satisfied
VERIFICATION:- SUCCESSFUL
Verification Time: 9.170407s
Manual Harness Summary:
Complete - 191 successfully verified harnesses, 0 failures, 191 total.
== lean lid :: der-verified length/big_integer/oid codecs (L4, unbounded; guarded) ==
== lean lid: re-extract (charon -> aeneas) + drift check ==
== lean lid: lake build (checking unbounded any-length proofs) ==
== lean lid: PASS (sorry-free) ==
== lean lid: checking lean/lid-source-state.txt (fast-gate tripwire) for changes ==
== lean lid: lid-source-state.txt unchanged (hashes identical) ==
== lid-staleness gate: self-test (the gate's own gate; pure stdlib) ==
== lid-staleness gate --strict (after the Lean gate, which just refreshed the state on green) ==
PASS check_lid_staleness: 6 lid-covered source(s) match the recorded state
== check.sh: PASS ==
