Running as unit: run-p71977-i94251.scope; invocation ID: 87e7370236924578b756d02ebd2757dd
Kani Rust Verifier 0.67.0 (cargo plugin)
   Compiling der-verified v0.1.1 (/home/ivo/repo/rs-verified-der/der-verified)
    Finished `dev` profile [unoptimized + debuginfo] target(s) in 0.23s
Checking harness restricted_string::proofs::charset_exactly_matches_oracle_visible...
CBMC 6.8.0 (cbmc-6.8.0)
CBMC version 6.8.0 (cbmc-6.8.0) 64-bit x86_64 linux
Reading GOTO program from file /home/ivo/repo/rs-verified-der/target/kani/x86_64-unknown-linux-gnu/debug/deps/der_verified-35f1754b774ca9b0__RNvNtNtCs8Uhk9se0wUe_12der_verified17restricted_string6proofs38charset_exactly_matches_oracle_visible.out
Generating GOTO Program
Adding CPROVER library (x86_64)
Removal of function pointers and virtual functions
Generic Property Instrumentation
Running with 16 object bits, 48 offset bits (user-specified)
Starting Bounded Model Checking
Runtime Symex: 0.00447238s
size of program expression: 355 steps
slicing removed 222 assignments
Generated 56 VCC(s), 2 remaining after simplification
Runtime Postprocess Equation: 2.739e-05s
Passing problem to propositional reduction
converting SSA
Runtime Convert SSA: 0.000324252s
Running propositional reduction
Post-processing
Runtime Post-process: 3.04e-06s
Solving with CaDiCaL 2.0.0
989 variables, 1062 clauses
SAT checker: instance is SATISFIABLE
Runtime Solver: 5.4101e-05s
Runtime decision procedure: 0.000403933s
Running propositional reduction
Solving with CaDiCaL 2.0.0
990 variables, 1063 clauses
SAT checker: instance is UNSATISFIABLE
Runtime Solver: 7.3e-06s
Runtime decision procedure: 1.361e-05s

RESULTS:
Check 1: <std::ops::RangeInclusive<u8> as std::ops::RangeBounds<u8>>::contains::<u8>.unreachable.1
	 - Status: SUCCESS
	 - Description: "unreachable code"
	 - Location: der-verified/src/lib.rs:0:0 in function <std::ops::RangeInclusive<u8> as std::ops::RangeBounds<u8>>::contains::<u8>

Check 2: restricted_string::Charset::contains.unreachable.1
	 - Status: SUCCESS
	 - Description: "unreachable code"
	 - Location: der-verified/src/restricted_string.rs:94:15 in function restricted_string::Charset::contains

Check 3: restricted_string::proofs::charset_exactly_matches_oracle_visible.assertion.1
	 - Status: SUCCESS
	 - Description: "assertion failed: Charset::Visible.contains(b) == oracle_visible(b)"
	 - Location: der-verified/src/restricted_string.rs:300:9 in function restricted_string::proofs::charset_exactly_matches_oracle_visible

Check 4: std::cmp::impls::<impl std::cmp::PartialOrd for &u8>::le.pointer_dereference.1
	 - Status: SUCCESS
	 - Description: "dereference failure: pointer NULL"
	 - Location: ../../../runner/.rustup/toolchains/nightly-2025-11-21-x86_64-unknown-linux-gnu/lib/rustlib/src/rust/library/core/src/cmp.rs:2113:28 in function std::cmp::impls::<impl std::cmp::PartialOrd for &u8>::le

Check 5: std::cmp::impls::<impl std::cmp::PartialOrd for &u8>::le.pointer_dereference.2
	 - Status: SUCCESS
	 - Description: "dereference failure: pointer invalid"
	 - Location: ../../../runner/.rustup/toolchains/nightly-2025-11-21-x86_64-unknown-linux-gnu/lib/rustlib/src/rust/library/core/src/cmp.rs:2113:28 in function std::cmp::impls::<impl std::cmp::PartialOrd for &u8>::le

Check 6: std::cmp::impls::<impl std::cmp::PartialOrd for &u8>::le.pointer_dereference.3
	 - Status: SUCCESS
	 - Description: "dereference failure: deallocated dynamic object"
	 - Location: ../../../runner/.rustup/toolchains/nightly-2025-11-21-x86_64-unknown-linux-gnu/lib/rustlib/src/rust/library/core/src/cmp.rs:2113:28 in function std::cmp::impls::<impl std::cmp::PartialOrd for &u8>::le

Check 7: std::cmp::impls::<impl std::cmp::PartialOrd for &u8>::le.pointer_dereference.4
	 - Status: SUCCESS
	 - Description: "dereference failure: dead object"
	 - Location: ../../../runner/.rustup/toolchains/nightly-2025-11-21-x86_64-unknown-linux-gnu/lib/rustlib/src/rust/library/core/src/cmp.rs:2113:28 in function std::cmp::impls::<impl std::cmp::PartialOrd for &u8>::le

Check 8: std::cmp::impls::<impl std::cmp::PartialOrd for &u8>::le.pointer_dereference.5
	 - Status: SUCCESS
	 - Description: "dereference failure: pointer outside object bounds"
	 - Location: ../../../runner/.rustup/toolchains/nightly-2025-11-21-x86_64-unknown-linux-gnu/lib/rustlib/src/rust/library/core/src/cmp.rs:2113:28 in function std::cmp::impls::<impl std::cmp::PartialOrd for &u8>::le

Check 9: std::cmp::impls::<impl std::cmp::PartialOrd for &u8>::le.pointer_dereference.6
	 - Status: SUCCESS
	 - Description: "dereference failure: invalid integer address"
	 - Location: ../../../runner/.rustup/toolchains/nightly-2025-11-21-x86_64-unknown-linux-gnu/lib/rustlib/src/rust/library/core/src/cmp.rs:2113:28 in function std::cmp::impls::<impl std::cmp::PartialOrd for &u8>::le

Check 10: std::cmp::impls::<impl std::cmp::PartialOrd for &u8>::le.pointer_dereference.7
	 - Status: SUCCESS
	 - Description: "dereference failure: pointer NULL"
	 - Location: ../../../runner/.rustup/toolchains/nightly-2025-11-21-x86_64-unknown-linux-gnu/lib/rustlib/src/rust/library/core/src/cmp.rs:2113:35 in function std::cmp::impls::<impl std::cmp::PartialOrd for &u8>::le

Check 11: std::cmp::impls::<impl std::cmp::PartialOrd for &u8>::le.pointer_dereference.8
	 - Status: SUCCESS
	 - Description: "dereference failure: pointer invalid"
	 - Location: ../../../runner/.rustup/toolchains/nightly-2025-11-21-x86_64-unknown-linux-gnu/lib/rustlib/src/rust/library/core/src/cmp.rs:2113:35 in function std::cmp::impls::<impl std::cmp::PartialOrd for &u8>::le

Check 12: std::cmp::impls::<impl std::cmp::PartialOrd for &u8>::le.pointer_dereference.9
	 - Status: SUCCESS
	 - Description: "dereference failure: deallocated dynamic object"
	 - Location: ../../../runner/.rustup/toolchains/nightly-2025-11-21-x86_64-unknown-linux-gnu/lib/rustlib/src/rust/library/core/src/cmp.rs:2113:35 in function std::cmp::impls::<impl std::cmp::PartialOrd for &u8>::le

Check 13: std::cmp::impls::<impl std::cmp::PartialOrd for &u8>::le.pointer_dereference.10
	 - Status: SUCCESS
	 - Description: "dereference failure: dead object"
	 - Location: ../../../runner/.rustup/toolchains/nightly-2025-11-21-x86_64-unknown-linux-gnu/lib/rustlib/src/rust/library/core/src/cmp.rs:2113:35 in function std::cmp::impls::<impl std::cmp::PartialOrd for &u8>::le

Check 14: std::cmp::impls::<impl std::cmp::PartialOrd for &u8>::le.pointer_dereference.11
	 - Status: SUCCESS
	 - Description: "dereference failure: pointer outside object bounds"
	 - Location: ../../../runner/.rustup/toolchains/nightly-2025-11-21-x86_64-unknown-linux-gnu/lib/rustlib/src/rust/library/core/src/cmp.rs:2113:35 in function std::cmp::impls::<impl std::cmp::PartialOrd for &u8>::le

Check 15: std::cmp::impls::<impl std::cmp::PartialOrd for &u8>::le.pointer_dereference.12
	 - Status: SUCCESS
	 - Description: "dereference failure: invalid integer address"
	 - Location: ../../../runner/.rustup/toolchains/nightly-2025-11-21-x86_64-unknown-linux-gnu/lib/rustlib/src/rust/library/core/src/cmp.rs:2113:35 in function std::cmp::impls::<impl std::cmp::PartialOrd for &u8>::le

Check 16: std::cmp::impls::<impl std::cmp::PartialOrd for u8>::lt.pointer_dereference.1
	 - Status: SUCCESS
	 - Description: "dereference failure: pointer NULL"
	 - Location: ../../../runner/.rustup/toolchains/nightly-2025-11-21-x86_64-unknown-linux-gnu/lib/rustlib/src/rust/library/core/src/cmp.rs:1903:50 in function std::cmp::impls::<impl std::cmp::PartialOrd for u8>::lt

Check 17: std::cmp::impls::<impl std::cmp::PartialOrd for u8>::lt.pointer_dereference.2
	 - Status: SUCCESS
	 - Description: "dereference failure: pointer invalid"
	 - Location: ../../../runner/.rustup/toolchains/nightly-2025-11-21-x86_64-unknown-linux-gnu/lib/rustlib/src/rust/library/core/src/cmp.rs:1903:50 in function std::cmp::impls::<impl std::cmp::PartialOrd for u8>::lt

Check 18: std::cmp::impls::<impl std::cmp::PartialOrd for u8>::lt.pointer_dereference.3
	 - Status: SUCCESS
	 - Description: "dereference failure: deallocated dynamic object"
	 - Location: ../../../runner/.rustup/toolchains/nightly-2025-11-21-x86_64-unknown-linux-gnu/lib/rustlib/src/rust/library/core/src/cmp.rs:1903:50 in function std::cmp::impls::<impl std::cmp::PartialOrd for u8>::lt

Check 19: std::cmp::impls::<impl std::cmp::PartialOrd for u8>::lt.pointer_dereference.4
	 - Status: SUCCESS
	 - Description: "dereference failure: dead object"
	 - Location: ../../../runner/.rustup/toolchains/nightly-2025-11-21-x86_64-unknown-linux-gnu/lib/rustlib/src/rust/library/core/src/cmp.rs:1903:50 in function std::cmp::impls::<impl std::cmp::PartialOrd for u8>::lt

Check 20: std::cmp::impls::<impl std::cmp::PartialOrd for u8>::lt.pointer_dereference.5
	 - Status: SUCCESS
	 - Description: "dereference failure: pointer outside object bounds"
	 - Location: ../../../runner/.rustup/toolchains/nightly-2025-11-21-x86_64-unknown-linux-gnu/lib/rustlib/src/rust/library/core/src/cmp.rs:1903:50 in function std::cmp::impls::<impl std::cmp::PartialOrd for u8>::lt

Check 21: std::cmp::impls::<impl std::cmp::PartialOrd for u8>::lt.pointer_dereference.6
	 - Status: SUCCESS
	 - Description: "dereference failure: invalid integer address"
	 - Location: ../../../runner/.rustup/toolchains/nightly-2025-11-21-x86_64-unknown-linux-gnu/lib/rustlib/src/rust/library/core/src/cmp.rs:1903:50 in function std::cmp::impls::<impl std::cmp::PartialOrd for u8>::lt

Check 22: std::cmp::impls::<impl std::cmp::PartialOrd for u8>::lt.pointer_dereference.7
	 - Status: SUCCESS
	 - Description: "dereference failure: pointer NULL"
	 - Location: ../../../runner/.rustup/toolchains/nightly-2025-11-21-x86_64-unknown-linux-gnu/lib/rustlib/src/rust/library/core/src/cmp.rs:1903:59 in function std::cmp::impls::<impl std::cmp::PartialOrd for u8>::lt

Check 23: std::cmp::impls::<impl std::cmp::PartialOrd for u8>::lt.pointer_dereference.8
	 - Status: SUCCESS
	 - Description: "dereference failure: pointer invalid"
	 - Location: ../../../runner/.rustup/toolchains/nightly-2025-11-21-x86_64-unknown-linux-gnu/lib/rustlib/src/rust/library/core/src/cmp.rs:1903:59 in function std::cmp::impls::<impl std::cmp::PartialOrd for u8>::lt

Check 24: std::cmp::impls::<impl std::cmp::PartialOrd for u8>::lt.pointer_dereference.9
	 - Status: SUCCESS
	 - Description: "dereference failure: deallocated dynamic object"
	 - Location: ../../../runner/.rustup/toolchains/nightly-2025-11-21-x86_64-unknown-linux-gnu/lib/rustlib/src/rust/library/core/src/cmp.rs:1903:59 in function std::cmp::impls::<impl std::cmp::PartialOrd for u8>::lt

Check 25: std::cmp::impls::<impl std::cmp::PartialOrd for u8>::lt.pointer_dereference.10
	 - Status: SUCCESS
	 - Description: "dereference failure: dead object"
	 - Location: ../../../runner/.rustup/toolchains/nightly-2025-11-21-x86_64-unknown-linux-gnu/lib/rustlib/src/rust/library/core/src/cmp.rs:1903:59 in function std::cmp::impls::<impl std::cmp::PartialOrd for u8>::lt

Check 26: std::cmp::impls::<impl std::cmp::PartialOrd for u8>::lt.pointer_dereference.11
	 - Status: SUCCESS
	 - Description: "dereference failure: pointer outside object bounds"
	 - Location: ../../../runner/.rustup/toolchains/nightly-2025-11-21-x86_64-unknown-linux-gnu/lib/rustlib/src/rust/library/core/src/cmp.rs:1903:59 in function std::cmp::impls::<impl std::cmp::PartialOrd for u8>::lt

Check 27: std::cmp::impls::<impl std::cmp::PartialOrd for u8>::lt.pointer_dereference.12
	 - Status: SUCCESS
	 - Description: "dereference failure: invalid integer address"
	 - Location: ../../../runner/.rustup/toolchains/nightly-2025-11-21-x86_64-unknown-linux-gnu/lib/rustlib/src/rust/library/core/src/cmp.rs:1903:59 in function std::cmp::impls::<impl std::cmp::PartialOrd for u8>::lt

Check 28: core::num::<impl u8>::is_ascii_alphanumeric.pointer_dereference.1
	 - Status: SUCCESS
	 - Description: "dereference failure: pointer NULL"
	 - Location: ../../../runner/.rustup/toolchains/nightly-2025-11-21-x86_64-unknown-linux-gnu/lib/rustlib/src/rust/library/core/src/num/mod.rs:784:25 in function core::num::<impl u8>::is_ascii_alphanumeric

Check 29: core::num::<impl u8>::is_ascii_alphanumeric.pointer_dereference.2
	 - Status: SUCCESS
	 - Description: "dereference failure: pointer invalid"
	 - Location: ../../../runner/.rustup/toolchains/nightly-2025-11-21-x86_64-unknown-linux-gnu/lib/rustlib/src/rust/library/core/src/num/mod.rs:784:25 in function core::num::<impl u8>::is_ascii_alphanumeric

Check 30: core::num::<impl u8>::is_ascii_alphanumeric.pointer_dereference.3
	 - Status: SUCCESS
	 - Description: "dereference failure: deallocated dynamic object"
	 - Location: ../../../runner/.rustup/toolchains/nightly-2025-11-21-x86_64-unknown-linux-gnu/lib/rustlib/src/rust/library/core/src/num/mod.rs:784:25 in function core::num::<impl u8>::is_ascii_alphanumeric

Check 31: core::num::<impl u8>::is_ascii_alphanumeric.pointer_dereference.4
	 - Status: SUCCESS
	 - Description: "dereference failure: dead object"
	 - Location: ../../../runner/.rustup/toolchains/nightly-2025-11-21-x86_64-unknown-linux-gnu/lib/rustlib/src/rust/library/core/src/num/mod.rs:784:25 in function core::num::<impl u8>::is_ascii_alphanumeric

Check 32: core::num::<impl u8>::is_ascii_alphanumeric.pointer_dereference.5
	 - Status: SUCCESS
	 - Description: "dereference failure: pointer outside object bounds"
	 - Location: ../../../runner/.rustup/toolchains/nightly-2025-11-21-x86_64-unknown-linux-gnu/lib/rustlib/src/rust/library/core/src/num/mod.rs:784:25 in function core::num::<impl u8>::is_ascii_alphanumeric

Check 33: core::num::<impl u8>::is_ascii_alphanumeric.pointer_dereference.6
	 - Status: SUCCESS
	 - Description: "dereference failure: invalid integer address"
	 - Location: ../../../runner/.rustup/toolchains/nightly-2025-11-21-x86_64-unknown-linux-gnu/lib/rustlib/src/rust/library/core/src/num/mod.rs:784:25 in function core::num::<impl u8>::is_ascii_alphanumeric

Check 34: core::num::<impl u8>::is_ascii_alphanumeric.pointer_dereference.7
	 - Status: SUCCESS
	 - Description: "dereference failure: pointer NULL"
	 - Location: ../../../runner/.rustup/toolchains/nightly-2025-11-21-x86_64-unknown-linux-gnu/lib/rustlib/src/rust/library/core/src/num/mod.rs:784:25 in function core::num::<impl u8>::is_ascii_alphanumeric

Check 35: core::num::<impl u8>::is_ascii_alphanumeric.pointer_dereference.8
	 - Status: SUCCESS
	 - Description: "dereference failure: pointer invalid"
	 - Location: ../../../runner/.rustup/toolchains/nightly-2025-11-21-x86_64-unknown-linux-gnu/lib/rustlib/src/rust/library/core/src/num/mod.rs:784:25 in function core::num::<impl u8>::is_ascii_alphanumeric

Check 36: core::num::<impl u8>::is_ascii_alphanumeric.pointer_dereference.9
	 - Status: SUCCESS
	 - Description: "dereference failure: deallocated dynamic object"
	 - Location: ../../../runner/.rustup/toolchains/nightly-2025-11-21-x86_64-unknown-linux-gnu/lib/rustlib/src/rust/library/core/src/num/mod.rs:784:25 in function core::num::<impl u8>::is_ascii_alphanumeric

Check 37: core::num::<impl u8>::is_ascii_alphanumeric.pointer_dereference.10
	 - Status: SUCCESS
	 - Description: "dereference failure: dead object"
	 - Location: ../../../runner/.rustup/toolchains/nightly-2025-11-21-x86_64-unknown-linux-gnu/lib/rustlib/src/rust/library/core/src/num/mod.rs:784:25 in function core::num::<impl u8>::is_ascii_alphanumeric

Check 38: core::num::<impl u8>::is_ascii_alphanumeric.pointer_dereference.11
	 - Status: SUCCESS
	 - Description: "dereference failure: pointer outside object bounds"
	 - Location: ../../../runner/.rustup/toolchains/nightly-2025-11-21-x86_64-unknown-linux-gnu/lib/rustlib/src/rust/library/core/src/num/mod.rs:784:25 in function core::num::<impl u8>::is_ascii_alphanumeric

Check 39: core::num::<impl u8>::is_ascii_alphanumeric.pointer_dereference.12
	 - Status: SUCCESS
	 - Description: "dereference failure: invalid integer address"
	 - Location: ../../../runner/.rustup/toolchains/nightly-2025-11-21-x86_64-unknown-linux-gnu/lib/rustlib/src/rust/library/core/src/num/mod.rs:784:25 in function core::num::<impl u8>::is_ascii_alphanumeric

Check 40: core::num::<impl u8>::is_ascii_alphanumeric.pointer_dereference.13
	 - Status: SUCCESS
	 - Description: "dereference failure: pointer NULL"
	 - Location: ../../../runner/.rustup/toolchains/nightly-2025-11-21-x86_64-unknown-linux-gnu/lib/rustlib/src/rust/library/core/src/num/mod.rs:784:56 in function core::num::<impl u8>::is_ascii_alphanumeric

Check 41: core::num::<impl u8>::is_ascii_alphanumeric.pointer_dereference.14
	 - Status: SUCCESS
	 - Description: "dereference failure: pointer invalid"
	 - Location: ../../../runner/.rustup/toolchains/nightly-2025-11-21-x86_64-unknown-linux-gnu/lib/rustlib/src/rust/library/core/src/num/mod.rs:784:56 in function core::num::<impl u8>::is_ascii_alphanumeric

Check 42: core::num::<impl u8>::is_ascii_alphanumeric.pointer_dereference.15
	 - Status: SUCCESS
	 - Description: "dereference failure: deallocated dynamic object"
	 - Location: ../../../runner/.rustup/toolchains/nightly-2025-11-21-x86_64-unknown-linux-gnu/lib/rustlib/src/rust/library/core/src/num/mod.rs:784:56 in function core::num::<impl u8>::is_ascii_alphanumeric

Check 43: core::num::<impl u8>::is_ascii_alphanumeric.pointer_dereference.16
	 - Status: SUCCESS
	 - Description: "dereference failure: dead object"
	 - Location: ../../../runner/.rustup/toolchains/nightly-2025-11-21-x86_64-unknown-linux-gnu/lib/rustlib/src/rust/library/core/src/num/mod.rs:784:56 in function core::num::<impl u8>::is_ascii_alphanumeric

Check 44: core::num::<impl u8>::is_ascii_alphanumeric.pointer_dereference.17
	 - Status: SUCCESS
	 - Description: "dereference failure: pointer outside object bounds"
	 - Location: ../../../runner/.rustup/toolchains/nightly-2025-11-21-x86_64-unknown-linux-gnu/lib/rustlib/src/rust/library/core/src/num/mod.rs:784:56 in function core::num::<impl u8>::is_ascii_alphanumeric

Check 45: core::num::<impl u8>::is_ascii_alphanumeric.pointer_dereference.18
	 - Status: SUCCESS
	 - Description: "dereference failure: invalid integer address"
	 - Location: ../../../runner/.rustup/toolchains/nightly-2025-11-21-x86_64-unknown-linux-gnu/lib/rustlib/src/rust/library/core/src/num/mod.rs:784:56 in function core::num::<impl u8>::is_ascii_alphanumeric

Check 46: core::num::<impl u8>::is_ascii_alphanumeric.pointer_dereference.19
	 - Status: SUCCESS
	 - Description: "dereference failure: pointer NULL"
	 - Location: ../../../runner/.rustup/toolchains/nightly-2025-11-21-x86_64-unknown-linux-gnu/lib/rustlib/src/rust/library/core/src/num/mod.rs:784:56 in function core::num::<impl u8>::is_ascii_alphanumeric

Check 47: core::num::<impl u8>::is_ascii_alphanumeric.pointer_dereference.20
	 - Status: SUCCESS
	 - Description: "dereference failure: pointer invalid"
	 - Location: ../../../runner/.rustup/toolchains/nightly-2025-11-21-x86_64-unknown-linux-gnu/lib/rustlib/src/rust/library/core/src/num/mod.rs:784:56 in function core::num::<impl u8>::is_ascii_alphanumeric

Check 48: core::num::<impl u8>::is_ascii_alphanumeric.pointer_dereference.21
	 - Status: SUCCESS
	 - Description: "dereference failure: deallocated dynamic object"
	 - Location: ../../../runner/.rustup/toolchains/nightly-2025-11-21-x86_64-unknown-linux-gnu/lib/rustlib/src/rust/library/core/src/num/mod.rs:784:56 in function core::num::<impl u8>::is_ascii_alphanumeric

Check 49: core::num::<impl u8>::is_ascii_alphanumeric.pointer_dereference.22
	 - Status: SUCCESS
	 - Description: "dereference failure: dead object"
	 - Location: ../../../runner/.rustup/toolchains/nightly-2025-11-21-x86_64-unknown-linux-gnu/lib/rustlib/src/rust/library/core/src/num/mod.rs:784:56 in function core::num::<impl u8>::is_ascii_alphanumeric

Check 50: core::num::<impl u8>::is_ascii_alphanumeric.pointer_dereference.23
	 - Status: SUCCESS
	 - Description: "dereference failure: pointer outside object bounds"
	 - Location: ../../../runner/.rustup/toolchains/nightly-2025-11-21-x86_64-unknown-linux-gnu/lib/rustlib/src/rust/library/core/src/num/mod.rs:784:56 in function core::num::<impl u8>::is_ascii_alphanumeric

Check 51: core::num::<impl u8>::is_ascii_alphanumeric.pointer_dereference.24
	 - Status: SUCCESS
	 - Description: "dereference failure: invalid integer address"
	 - Location: ../../../runner/.rustup/toolchains/nightly-2025-11-21-x86_64-unknown-linux-gnu/lib/rustlib/src/rust/library/core/src/num/mod.rs:784:56 in function core::num::<impl u8>::is_ascii_alphanumeric

Check 52: core::num::<impl u8>::is_ascii_alphanumeric.pointer_dereference.25
	 - Status: SUCCESS
	 - Description: "dereference failure: pointer NULL"
	 - Location: ../../../runner/.rustup/toolchains/nightly-2025-11-21-x86_64-unknown-linux-gnu/lib/rustlib/src/rust/library/core/src/num/mod.rs:784:87 in function core::num::<impl u8>::is_ascii_alphanumeric

Check 53: core::num::<impl u8>::is_ascii_alphanumeric.pointer_dereference.26
	 - Status: SUCCESS
	 - Description: "dereference failure: pointer invalid"
	 - Location: ../../../runner/.rustup/toolchains/nightly-2025-11-21-x86_64-unknown-linux-gnu/lib/rustlib/src/rust/library/core/src/num/mod.rs:784:87 in function core::num::<impl u8>::is_ascii_alphanumeric

Check 54: core::num::<impl u8>::is_ascii_alphanumeric.pointer_dereference.27
	 - Status: SUCCESS
	 - Description: "dereference failure: deallocated dynamic object"
	 - Location: ../../../runner/.rustup/toolchains/nightly-2025-11-21-x86_64-unknown-linux-gnu/lib/rustlib/src/rust/library/core/src/num/mod.rs:784:87 in function core::num::<impl u8>::is_ascii_alphanumeric

Check 55: core::num::<impl u8>::is_ascii_alphanumeric.pointer_dereference.28
	 - Status: SUCCESS
	 - Description: "dereference failure: dead object"
	 - Location: ../../../runner/.rustup/toolchains/nightly-2025-11-21-x86_64-unknown-linux-gnu/lib/rustlib/src/rust/library/core/src/num/mod.rs:784:87 in function core::num::<impl u8>::is_ascii_alphanumeric

Check 56: core::num::<impl u8>::is_ascii_alphanumeric.pointer_dereference.29
	 - Status: SUCCESS
	 - Description: "dereference failure: pointer outside object bounds"
	 - Location: ../../../runner/.rustup/toolchains/nightly-2025-11-21-x86_64-unknown-linux-gnu/lib/rustlib/src/rust/library/core/src/num/mod.rs:784:87 in function core::num::<impl u8>::is_ascii_alphanumeric

Check 57: core::num::<impl u8>::is_ascii_alphanumeric.pointer_dereference.30
	 - Status: SUCCESS
	 - Description: "dereference failure: invalid integer address"
	 - Location: ../../../runner/.rustup/toolchains/nightly-2025-11-21-x86_64-unknown-linux-gnu/lib/rustlib/src/rust/library/core/src/num/mod.rs:784:87 in function core::num::<impl u8>::is_ascii_alphanumeric

Check 58: core::num::<impl u8>::is_ascii_alphanumeric.pointer_dereference.31
	 - Status: SUCCESS
	 - Description: "dereference failure: pointer NULL"
	 - Location: ../../../runner/.rustup/toolchains/nightly-2025-11-21-x86_64-unknown-linux-gnu/lib/rustlib/src/rust/library/core/src/num/mod.rs:784:87 in function core::num::<impl u8>::is_ascii_alphanumeric

Check 59: core::num::<impl u8>::is_ascii_alphanumeric.pointer_dereference.32
	 - Status: SUCCESS
	 - Description: "dereference failure: pointer invalid"
	 - Location: ../../../runner/.rustup/toolchains/nightly-2025-11-21-x86_64-unknown-linux-gnu/lib/rustlib/src/rust/library/core/src/num/mod.rs:784:87 in function core::num::<impl u8>::is_ascii_alphanumeric

Check 60: core::num::<impl u8>::is_ascii_alphanumeric.pointer_dereference.33
	 - Status: SUCCESS
	 - Description: "dereference failure: deallocated dynamic object"
	 - Location: ../../../runner/.rustup/toolchains/nightly-2025-11-21-x86_64-unknown-linux-gnu/lib/rustlib/src/rust/library/core/src/num/mod.rs:784:87 in function core::num::<impl u8>::is_ascii_alphanumeric

Check 61: core::num::<impl u8>::is_ascii_alphanumeric.pointer_dereference.34
	 - Status: SUCCESS
	 - Description: "dereference failure: dead object"
	 - Location: ../../../runner/.rustup/toolchains/nightly-2025-11-21-x86_64-unknown-linux-gnu/lib/rustlib/src/rust/library/core/src/num/mod.rs:784:87 in function core::num::<impl u8>::is_ascii_alphanumeric

Check 62: core::num::<impl u8>::is_ascii_alphanumeric.pointer_dereference.35
	 - Status: SUCCESS
	 - Description: "dereference failure: pointer outside object bounds"
	 - Location: ../../../runner/.rustup/toolchains/nightly-2025-11-21-x86_64-unknown-linux-gnu/lib/rustlib/src/rust/library/core/src/num/mod.rs:784:87 in function core::num::<impl u8>::is_ascii_alphanumeric

Check 63: core::num::<impl u8>::is_ascii_alphanumeric.pointer_dereference.36
	 - Status: SUCCESS
	 - Description: "dereference failure: invalid integer address"
	 - Location: ../../../runner/.rustup/toolchains/nightly-2025-11-21-x86_64-unknown-linux-gnu/lib/rustlib/src/rust/library/core/src/num/mod.rs:784:87 in function core::num::<impl u8>::is_ascii_alphanumeric

Check 64: <std::ops::RangeInclusive<u8> as std::ops::RangeBounds<u8>>::end_bound.pointer_dereference.1
	 - Status: SUCCESS
	 - Description: "dereference failure: pointer NULL"
	 - Location: ../../../runner/.rustup/toolchains/nightly-2025-11-21-x86_64-unknown-linux-gnu/lib/rustlib/src/rust/library/core/src/ops/range.rs:1129:12 in function <std::ops::RangeInclusive<u8> as std::ops::RangeBounds<u8>>::end_bound

Check 65: <std::ops::RangeInclusive<u8> as std::ops::RangeBounds<u8>>::end_bound.pointer_dereference.2
	 - Status: SUCCESS
	 - Description: "dereference failure: pointer invalid"
	 - Location: ../../../runner/.rustup/toolchains/nightly-2025-11-21-x86_64-unknown-linux-gnu/lib/rustlib/src/rust/library/core/src/ops/range.rs:1129:12 in function <std::ops::RangeInclusive<u8> as std::ops::RangeBounds<u8>>::end_bound

Check 66: <std::ops::RangeInclusive<u8> as std::ops::RangeBounds<u8>>::end_bound.pointer_dereference.3
	 - Status: SUCCESS
	 - Description: "dereference failure: deallocated dynamic object"
	 - Location: ../../../runner/.rustup/toolchains/nightly-2025-11-21-x86_64-unknown-linux-gnu/lib/rustlib/src/rust/library/core/src/ops/range.rs:1129:12 in function <std::ops::RangeInclusive<u8> as std::ops::RangeBounds<u8>>::end_bound

Check 67: <std::ops::RangeInclusive<u8> as std::ops::RangeBounds<u8>>::end_bound.pointer_dereference.4
	 - Status: SUCCESS
	 - Description: "dereference failure: dead object"
	 - Location: ../../../runner/.rustup/toolchains/nightly-2025-11-21-x86_64-unknown-linux-gnu/lib/rustlib/src/rust/library/core/src/ops/range.rs:1129:12 in function <std::ops::RangeInclusive<u8> as std::ops::RangeBounds<u8>>::end_bound

Check 68: <std::ops::RangeInclusive<u8> as std::ops::RangeBounds<u8>>::end_bound.pointer_dereference.5
	 - Status: SUCCESS
	 - Description: "dereference failure: pointer outside object bounds"
	 - Location: ../../../runner/.rustup/toolchains/nightly-2025-11-21-x86_64-unknown-linux-gnu/lib/rustlib/src/rust/library/core/src/ops/range.rs:1129:12 in function <std::ops::RangeInclusive<u8> as std::ops::RangeBounds<u8>>::end_bound

Check 69: <std::ops::RangeInclusive<u8> as std::ops::RangeBounds<u8>>::end_bound.pointer_dereference.6
	 - Status: SUCCESS
	 - Description: "dereference failure: invalid integer address"
	 - Location: ../../../runner/.rustup/toolchains/nightly-2025-11-21-x86_64-unknown-linux-gnu/lib/rustlib/src/rust/library/core/src/ops/range.rs:1129:12 in function <std::ops::RangeInclusive<u8> as std::ops::RangeBounds<u8>>::end_bound

Check 70: std::cmp::impls::<impl std::cmp::PartialOrd for &u8>::lt.pointer_dereference.1
	 - Status: SUCCESS
	 - Description: "dereference failure: pointer NULL"
	 - Location: ../../../runner/.rustup/toolchains/nightly-2025-11-21-x86_64-unknown-linux-gnu/lib/rustlib/src/rust/library/core/src/cmp.rs:2109:28 in function std::cmp::impls::<impl std::cmp::PartialOrd for &u8>::lt

Check 71: std::cmp::impls::<impl std::cmp::PartialOrd for &u8>::lt.pointer_dereference.2
	 - Status: SUCCESS
	 - Description: "dereference failure: pointer invalid"
	 - Location: ../../../runner/.rustup/toolchains/nightly-2025-11-21-x86_64-unknown-linux-gnu/lib/rustlib/src/rust/library/core/src/cmp.rs:2109:28 in function std::cmp::impls::<impl std::cmp::PartialOrd for &u8>::lt

Check 72: std::cmp::impls::<impl std::cmp::PartialOrd for &u8>::lt.pointer_dereference.3
	 - Status: SUCCESS
	 - Description: "dereference failure: deallocated dynamic object"
	 - Location: ../../../runner/.rustup/toolchains/nightly-2025-11-21-x86_64-unknown-linux-gnu/lib/rustlib/src/rust/library/core/src/cmp.rs:2109:28 in function std::cmp::impls::<impl std::cmp::PartialOrd for &u8>::lt

Check 73: std::cmp::impls::<impl std::cmp::PartialOrd for &u8>::lt.pointer_dereference.4
	 - Status: SUCCESS
	 - Description: "dereference failure: dead object"
	 - Location: ../../../runner/.rustup/toolchains/nightly-2025-11-21-x86_64-unknown-linux-gnu/lib/rustlib/src/rust/library/core/src/cmp.rs:2109:28 in function std::cmp::impls::<impl std::cmp::PartialOrd for &u8>::lt

Check 74: std::cmp::impls::<impl std::cmp::PartialOrd for &u8>::lt.pointer_dereference.5
	 - Status: SUCCESS
	 - Description: "dereference failure: pointer outside object bounds"
	 - Location: ../../../runner/.rustup/toolchains/nightly-2025-11-21-x86_64-unknown-linux-gnu/lib/rustlib/src/rust/library/core/src/cmp.rs:2109:28 in function std::cmp::impls::<impl std::cmp::PartialOrd for &u8>::lt

Check 75: std::cmp::impls::<impl std::cmp::PartialOrd for &u8>::lt.pointer_dereference.6
	 - Status: SUCCESS
	 - Description: "dereference failure: invalid integer address"
	 - Location: ../../../runner/.rustup/toolchains/nightly-2025-11-21-x86_64-unknown-linux-gnu/lib/rustlib/src/rust/library/core/src/cmp.rs:2109:28 in function std::cmp::impls::<impl std::cmp::PartialOrd for &u8>::lt

Check 76: std::cmp::impls::<impl std::cmp::PartialOrd for &u8>::lt.pointer_dereference.7
	 - Status: SUCCESS
	 - Description: "dereference failure: pointer NULL"
	 - Location: ../../../runner/.rustup/toolchains/nightly-2025-11-21-x86_64-unknown-linux-gnu/lib/rustlib/src/rust/library/core/src/cmp.rs:2109:35 in function std::cmp::impls::<impl std::cmp::PartialOrd for &u8>::lt

Check 77: std::cmp::impls::<impl std::cmp::PartialOrd for &u8>::lt.pointer_dereference.8
	 - Status: SUCCESS
	 - Description: "dereference failure: pointer invalid"
	 - Location: ../../../runner/.rustup/toolchains/nightly-2025-11-21-x86_64-unknown-linux-gnu/lib/rustlib/src/rust/library/core/src/cmp.rs:2109:35 in function std::cmp::impls::<impl std::cmp::PartialOrd for &u8>::lt

Check 78: std::cmp::impls::<impl std::cmp::PartialOrd for &u8>::lt.pointer_dereference.9
	 - Status: SUCCESS
	 - Description: "dereference failure: deallocated dynamic object"
	 - Location: ../../../runner/.rustup/toolchains/nightly-2025-11-21-x86_64-unknown-linux-gnu/lib/rustlib/src/rust/library/core/src/cmp.rs:2109:35 in function std::cmp::impls::<impl std::cmp::PartialOrd for &u8>::lt

Check 79: std::cmp::impls::<impl std::cmp::PartialOrd for &u8>::lt.pointer_dereference.10
	 - Status: SUCCESS
	 - Description: "dereference failure: dead object"
	 - Location: ../../../runner/.rustup/toolchains/nightly-2025-11-21-x86_64-unknown-linux-gnu/lib/rustlib/src/rust/library/core/src/cmp.rs:2109:35 in function std::cmp::impls::<impl std::cmp::PartialOrd for &u8>::lt

Check 80: std::cmp::impls::<impl std::cmp::PartialOrd for &u8>::lt.pointer_dereference.11
	 - Status: SUCCESS
	 - Description: "dereference failure: pointer outside object bounds"
	 - Location: ../../../runner/.rustup/toolchains/nightly-2025-11-21-x86_64-unknown-linux-gnu/lib/rustlib/src/rust/library/core/src/cmp.rs:2109:35 in function std::cmp::impls::<impl std::cmp::PartialOrd for &u8>::lt

Check 81: std::cmp::impls::<impl std::cmp::PartialOrd for &u8>::lt.pointer_dereference.12
	 - Status: SUCCESS
	 - Description: "dereference failure: invalid integer address"
	 - Location: ../../../runner/.rustup/toolchains/nightly-2025-11-21-x86_64-unknown-linux-gnu/lib/rustlib/src/rust/library/core/src/cmp.rs:2109:35 in function std::cmp::impls::<impl std::cmp::PartialOrd for &u8>::lt

Check 82: std::cmp::impls::<impl std::cmp::PartialOrd for u8>::le.pointer_dereference.1
	 - Status: SUCCESS
	 - Description: "dereference failure: pointer NULL"
	 - Location: ../../../runner/.rustup/toolchains/nightly-2025-11-21-x86_64-unknown-linux-gnu/lib/rustlib/src/rust/library/core/src/cmp.rs:1905:50 in function std::cmp::impls::<impl std::cmp::PartialOrd for u8>::le

Check 83: std::cmp::impls::<impl std::cmp::PartialOrd for u8>::le.pointer_dereference.2
	 - Status: SUCCESS
	 - Description: "dereference failure: pointer invalid"
	 - Location: ../../../runner/.rustup/toolchains/nightly-2025-11-21-x86_64-unknown-linux-gnu/lib/rustlib/src/rust/library/core/src/cmp.rs:1905:50 in function std::cmp::impls::<impl std::cmp::PartialOrd for u8>::le

Check 84: std::cmp::impls::<impl std::cmp::PartialOrd for u8>::le.pointer_dereference.3
	 - Status: SUCCESS
	 - Description: "dereference failure: deallocated dynamic object"
	 - Location: ../../../runner/.rustup/toolchains/nightly-2025-11-21-x86_64-unknown-linux-gnu/lib/rustlib/src/rust/library/core/src/cmp.rs:1905:50 in function std::cmp::impls::<impl std::cmp::PartialOrd for u8>::le

Check 85: std::cmp::impls::<impl std::cmp::PartialOrd for u8>::le.pointer_dereference.4
	 - Status: SUCCESS
	 - Description: "dereference failure: dead object"
	 - Location: ../../../runner/.rustup/toolchains/nightly-2025-11-21-x86_64-unknown-linux-gnu/lib/rustlib/src/rust/library/core/src/cmp.rs:1905:50 in function std::cmp::impls::<impl std::cmp::PartialOrd for u8>::le

Check 86: std::cmp::impls::<impl std::cmp::PartialOrd for u8>::le.pointer_dereference.5
	 - Status: SUCCESS
	 - Description: "dereference failure: pointer outside object bounds"
	 - Location: ../../../runner/.rustup/toolchains/nightly-2025-11-21-x86_64-unknown-linux-gnu/lib/rustlib/src/rust/library/core/src/cmp.rs:1905:50 in function std::cmp::impls::<impl std::cmp::PartialOrd for u8>::le

Check 87: std::cmp::impls::<impl std::cmp::PartialOrd for u8>::le.pointer_dereference.6
	 - Status: SUCCESS
	 - Description: "dereference failure: invalid integer address"
	 - Location: ../../../runner/.rustup/toolchains/nightly-2025-11-21-x86_64-unknown-linux-gnu/lib/rustlib/src/rust/library/core/src/cmp.rs:1905:50 in function std::cmp::impls::<impl std::cmp::PartialOrd for u8>::le

Check 88: std::cmp::impls::<impl std::cmp::PartialOrd for u8>::le.pointer_dereference.7
	 - Status: SUCCESS
	 - Description: "dereference failure: pointer NULL"
	 - Location: ../../../runner/.rustup/toolchains/nightly-2025-11-21-x86_64-unknown-linux-gnu/lib/rustlib/src/rust/library/core/src/cmp.rs:1905:59 in function std::cmp::impls::<impl std::cmp::PartialOrd for u8>::le

Check 89: std::cmp::impls::<impl std::cmp::PartialOrd for u8>::le.pointer_dereference.8
	 - Status: SUCCESS
	 - Description: "dereference failure: pointer invalid"
	 - Location: ../../../runner/.rustup/toolchains/nightly-2025-11-21-x86_64-unknown-linux-gnu/lib/rustlib/src/rust/library/core/src/cmp.rs:1905:59 in function std::cmp::impls::<impl std::cmp::PartialOrd for u8>::le

Check 90: std::cmp::impls::<impl std::cmp::PartialOrd for u8>::le.pointer_dereference.9
	 - Status: SUCCESS
	 - Description: "dereference failure: deallocated dynamic object"
	 - Location: ../../../runner/.rustup/toolchains/nightly-2025-11-21-x86_64-unknown-linux-gnu/lib/rustlib/src/rust/library/core/src/cmp.rs:1905:59 in function std::cmp::impls::<impl std::cmp::PartialOrd for u8>::le

Check 91: std::cmp::impls::<impl std::cmp::PartialOrd for u8>::le.pointer_dereference.10
	 - Status: SUCCESS
	 - Description: "dereference failure: dead object"
	 - Location: ../../../runner/.rustup/toolchains/nightly-2025-11-21-x86_64-unknown-linux-gnu/lib/rustlib/src/rust/library/core/src/cmp.rs:1905:59 in function std::cmp::impls::<impl std::cmp::PartialOrd for u8>::le

Check 92: std::cmp::impls::<impl std::cmp::PartialOrd for u8>::le.pointer_dereference.11
	 - Status: SUCCESS
	 - Description: "dereference failure: pointer outside object bounds"
	 - Location: ../../../runner/.rustup/toolchains/nightly-2025-11-21-x86_64-unknown-linux-gnu/lib/rustlib/src/rust/library/core/src/cmp.rs:1905:59 in function std::cmp::impls::<impl std::cmp::PartialOrd for u8>::le

Check 93: std::cmp::impls::<impl std::cmp::PartialOrd for u8>::le.pointer_dereference.12
	 - Status: SUCCESS
	 - Description: "dereference failure: invalid integer address"
	 - Location: ../../../runner/.rustup/toolchains/nightly-2025-11-21-x86_64-unknown-linux-gnu/lib/rustlib/src/rust/library/core/src/cmp.rs:1905:59 in function std::cmp::impls::<impl std::cmp::PartialOrd for u8>::le

Check 94: core::num::<impl u8>::is_ascii_digit.pointer_dereference.1
	 - Status: SUCCESS
	 - Description: "dereference failure: pointer NULL"
	 - Location: ../../../runner/.rustup/toolchains/nightly-2025-11-21-x86_64-unknown-linux-gnu/lib/rustlib/src/rust/library/core/src/num/mod.rs:818:25 in function core::num::<impl u8>::is_ascii_digit

Check 95: core::num::<impl u8>::is_ascii_digit.pointer_dereference.2
	 - Status: SUCCESS
	 - Description: "dereference failure: pointer invalid"
	 - Location: ../../../runner/.rustup/toolchains/nightly-2025-11-21-x86_64-unknown-linux-gnu/lib/rustlib/src/rust/library/core/src/num/mod.rs:818:25 in function core::num::<impl u8>::is_ascii_digit

Check 96: core::num::<impl u8>::is_ascii_digit.pointer_dereference.3
	 - Status: SUCCESS
	 - Description: "dereference failure: deallocated dynamic object"
	 - Location: ../../../runner/.rustup/toolchains/nightly-2025-11-21-x86_64-unknown-linux-gnu/lib/rustlib/src/rust/library/core/src/num/mod.rs:818:25 in function core::num::<impl u8>::is_ascii_digit

Check 97: core::num::<impl u8>::is_ascii_digit.pointer_dereference.4
	 - Status: SUCCESS
	 - Description: "dereference failure: dead object"
	 - Location: ../../../runner/.rustup/toolchains/nightly-2025-11-21-x86_64-unknown-linux-gnu/lib/rustlib/src/rust/library/core/src/num/mod.rs:818:25 in function core::num::<impl u8>::is_ascii_digit

Check 98: core::num::<impl u8>::is_ascii_digit.pointer_dereference.5
	 - Status: SUCCESS
	 - Description: "dereference failure: pointer outside object bounds"
	 - Location: ../../../runner/.rustup/toolchains/nightly-2025-11-21-x86_64-unknown-linux-gnu/lib/rustlib/src/rust/library/core/src/num/mod.rs:818:25 in function core::num::<impl u8>::is_ascii_digit

Check 99: core::num::<impl u8>::is_ascii_digit.pointer_dereference.6
	 - Status: SUCCESS
	 - Description: "dereference failure: invalid integer address"
	 - Location: ../../../runner/.rustup/toolchains/nightly-2025-11-21-x86_64-unknown-linux-gnu/lib/rustlib/src/rust/library/core/src/num/mod.rs:818:25 in function core::num::<impl u8>::is_ascii_digit

Check 100: core::num::<impl u8>::is_ascii_digit.pointer_dereference.7
	 - Status: SUCCESS
	 - Description: "dereference failure: pointer NULL"
	 - Location: ../../../runner/.rustup/toolchains/nightly-2025-11-21-x86_64-unknown-linux-gnu/lib/rustlib/src/rust/library/core/src/num/mod.rs:818:25 in function core::num::<impl u8>::is_ascii_digit

Check 101: core::num::<impl u8>::is_ascii_digit.pointer_dereference.8
	 - Status: SUCCESS
	 - Description: "dereference failure: pointer invalid"
	 - Location: ../../../runner/.rustup/toolchains/nightly-2025-11-21-x86_64-unknown-linux-gnu/lib/rustlib/src/rust/library/core/src/num/mod.rs:818:25 in function core::num::<impl u8>::is_ascii_digit

Check 102: core::num::<impl u8>::is_ascii_digit.pointer_dereference.9
	 - Status: SUCCESS
	 - Description: "dereference failure: deallocated dynamic object"
	 - Location: ../../../runner/.rustup/toolchains/nightly-2025-11-21-x86_64-unknown-linux-gnu/lib/rustlib/src/rust/library/core/src/num/mod.rs:818:25 in function core::num::<impl u8>::is_ascii_digit

Check 103: core::num::<impl u8>::is_ascii_digit.pointer_dereference.10
	 - Status: SUCCESS
	 - Description: "dereference failure: dead object"
	 - Location: ../../../runner/.rustup/toolchains/nightly-2025-11-21-x86_64-unknown-linux-gnu/lib/rustlib/src/rust/library/core/src/num/mod.rs:818:25 in function core::num::<impl u8>::is_ascii_digit

Check 104: core::num::<impl u8>::is_ascii_digit.pointer_dereference.11
	 - Status: SUCCESS
	 - Description: "dereference failure: pointer outside object bounds"
	 - Location: ../../../runner/.rustup/toolchains/nightly-2025-11-21-x86_64-unknown-linux-gnu/lib/rustlib/src/rust/library/core/src/num/mod.rs:818:25 in function core::num::<impl u8>::is_ascii_digit

Check 105: core::num::<impl u8>::is_ascii_digit.pointer_dereference.12
	 - Status: SUCCESS
	 - Description: "dereference failure: invalid integer address"
	 - Location: ../../../runner/.rustup/toolchains/nightly-2025-11-21-x86_64-unknown-linux-gnu/lib/rustlib/src/rust/library/core/src/num/mod.rs:818:25 in function core::num::<impl u8>::is_ascii_digit


SUMMARY:
 ** 0 of 105 failed

VERIFICATION:- SUCCESSFUL
Verification Time: 0.016451297s

Manual Harness Summary:
Complete - 1 successfully verified harnesses, 0 failures, 1 total.
	Command being timed: "cargo kani --manifest-path der-verified/Cargo.toml --harness restricted_string::proofs::charset_exactly_matches_oracle_visible --exact -Z stubbing"
	User time (seconds): 0.28
	System time (seconds): 0.04
	Percent of CPU this job got: 100%
	Elapsed (wall clock) time (h:mm:ss or m:ss): 0:00.32
	Average shared text size (kbytes): 0
	Average unshared data size (kbytes): 0
	Average stack size (kbytes): 0
	Average total size (kbytes): 0
	Maximum resident set size (kbytes): 164488
	Average resident set size (kbytes): 0
	Major (requiring I/O) page faults: 0
	Minor (reclaiming a frame) page faults: 45221
	Voluntary context switches: 207
	Involuntary context switches: 20
	Swaps: 0
	File system inputs: 0
	File system outputs: 30544
	Socket messages sent: 0
	Socket messages received: 0
	Signals delivered: 0
	Page size (bytes): 4096
	Exit status: 0
