Running as unit: run-p72872-i94341.scope; invocation ID: 5cdf0b50602b4ed99edee259a039676d
Kani Rust Verifier 0.67.0 (cargo plugin)
   Compiling der-verified v0.1.1 (/home/ivo/repo/rs-verified-der/der-verified)
    Finished `dev` profile [unoptimized + debuginfo] target(s) in 0.24s
Checking harness boolean::proofs::one_octet_is_canonical...
CBMC 6.8.0 (cbmc-6.8.0)
CBMC version 6.8.0 (cbmc-6.8.0) 64-bit x86_64 linux
Reading GOTO program from file /home/ivo/repo/rs-verified-der/target/kani/x86_64-unknown-linux-gnu/debug/deps/der_verified-7fdfec57197496c7__RNvNtNtCs8Uhk9se0wUe_12der_verified7boolean6proofs22one_octet_is_canonical.out
Generating GOTO Program
Adding CPROVER library (x86_64)
Removal of function pointers and virtual functions
Generic Property Instrumentation
Running with 16 object bits, 48 offset bits (user-specified)
Starting Bounded Model Checking
aborting path on assume(false) at file der-verified/src/boolean.rs line 60 column 15 function boolean::proofs::one_octet_is_canonical thread 0
Runtime Symex: 0.00471432s
size of program expression: 588 steps
slicing removed 351 assignments
Generated 27 VCC(s), 8 remaining after simplification
Runtime Postprocess Equation: 3.829e-05s
Passing problem to propositional reduction
converting SSA
Runtime Convert SSA: 0.000290552s
Running propositional reduction
Post-processing
Runtime Post-process: 3.07e-06s
Solving with CaDiCaL 2.0.0
344 variables, 502 clauses
SAT checker: instance is SATISFIABLE
Runtime Solver: 2.802e-05s
Runtime decision procedure: 0.000346272s
Running propositional reduction
Solving with CaDiCaL 2.0.0
345 variables, 503 clauses
SAT checker: instance is SATISFIABLE
Runtime Solver: 2.475e-05s
Runtime decision procedure: 3.434e-05s
Running propositional reduction
Solving with CaDiCaL 2.0.0
346 variables, 504 clauses
SAT checker: instance is SATISFIABLE
Runtime Solver: 1.42e-05s
Runtime decision procedure: 2.099e-05s
Running propositional reduction
Solving with CaDiCaL 2.0.0
347 variables, 505 clauses
SAT checker: instance is UNSATISFIABLE
Runtime Solver: 5.34e-06s
Runtime decision procedure: 1.006e-05s

RESULTS:
Check 1: boolean::proofs::one_octet_is_canonical.unreachable.1
	 - Status: SUCCESS
	 - Description: "unreachable code"
	 - Location: der-verified/src/boolean.rs:60:15 in function boolean::proofs::one_octet_is_canonical

Check 2: boolean::proofs::one_octet_is_canonical.assertion.1
	 - Status: SUCCESS
	 - Description: "assertion failed: e == BoolError::NonCanonical"
	 - Location: der-verified/src/boolean.rs:63:17 in function boolean::proofs::one_octet_is_canonical

Check 3: boolean::proofs::one_octet_is_canonical.assertion.2
	 - Status: SUCCESS
	 - Description: "assertion failed: b != 0x00 && b != 0xFF"
	 - Location: der-verified/src/boolean.rs:64:17 in function boolean::proofs::one_octet_is_canonical

Check 4: boolean::proofs::one_octet_is_canonical.assertion.3
	 - Status: FAILURE
	 - Description: "assertion failed: b == encode_bool(v)"
	 - Location: der-verified/src/boolean.rs:61:22 in function boolean::proofs::one_octet_is_canonical

Check 5: boolean::decode_bool.assertion.1
	 - Status: SUCCESS
	 - Description: "index out of bounds: the length is less than or equal to the given index"
	 - Location: der-verified/src/boolean.rs:45:11 in function boolean::decode_bool

Check 6: <boolean::BoolError as std::cmp::PartialEq>::eq.pointer_dereference.1
	 - Status: SUCCESS
	 - Description: "dereference failure: pointer NULL"
	 - Location: der-verified/src/boolean.rs:23:17 in function <boolean::BoolError as std::cmp::PartialEq>::eq

Check 7: <boolean::BoolError as std::cmp::PartialEq>::eq.pointer_dereference.2
	 - Status: SUCCESS
	 - Description: "dereference failure: pointer invalid"
	 - Location: der-verified/src/boolean.rs:23:17 in function <boolean::BoolError as std::cmp::PartialEq>::eq

Check 8: <boolean::BoolError as std::cmp::PartialEq>::eq.pointer_dereference.3
	 - Status: SUCCESS
	 - Description: "dereference failure: deallocated dynamic object"
	 - Location: der-verified/src/boolean.rs:23:17 in function <boolean::BoolError as std::cmp::PartialEq>::eq

Check 9: <boolean::BoolError as std::cmp::PartialEq>::eq.pointer_dereference.4
	 - Status: SUCCESS
	 - Description: "dereference failure: dead object"
	 - Location: der-verified/src/boolean.rs:23:17 in function <boolean::BoolError as std::cmp::PartialEq>::eq

Check 10: <boolean::BoolError as std::cmp::PartialEq>::eq.pointer_dereference.5
	 - Status: SUCCESS
	 - Description: "dereference failure: pointer outside object bounds"
	 - Location: der-verified/src/boolean.rs:23:17 in function <boolean::BoolError as std::cmp::PartialEq>::eq

Check 11: <boolean::BoolError as std::cmp::PartialEq>::eq.pointer_dereference.6
	 - Status: SUCCESS
	 - Description: "dereference failure: invalid integer address"
	 - Location: der-verified/src/boolean.rs:23:17 in function <boolean::BoolError as std::cmp::PartialEq>::eq

Check 12: <boolean::BoolError as std::cmp::PartialEq>::eq.pointer_dereference.7
	 - Status: SUCCESS
	 - Description: "dereference failure: pointer NULL"
	 - Location: der-verified/src/boolean.rs:23:17 in function <boolean::BoolError as std::cmp::PartialEq>::eq

Check 13: <boolean::BoolError as std::cmp::PartialEq>::eq.pointer_dereference.8
	 - Status: SUCCESS
	 - Description: "dereference failure: pointer invalid"
	 - Location: der-verified/src/boolean.rs:23:17 in function <boolean::BoolError as std::cmp::PartialEq>::eq

Check 14: <boolean::BoolError as std::cmp::PartialEq>::eq.pointer_dereference.9
	 - Status: SUCCESS
	 - Description: "dereference failure: deallocated dynamic object"
	 - Location: der-verified/src/boolean.rs:23:17 in function <boolean::BoolError as std::cmp::PartialEq>::eq

Check 15: <boolean::BoolError as std::cmp::PartialEq>::eq.pointer_dereference.10
	 - Status: SUCCESS
	 - Description: "dereference failure: dead object"
	 - Location: der-verified/src/boolean.rs:23:17 in function <boolean::BoolError as std::cmp::PartialEq>::eq

Check 16: <boolean::BoolError as std::cmp::PartialEq>::eq.pointer_dereference.11
	 - Status: SUCCESS
	 - Description: "dereference failure: pointer outside object bounds"
	 - Location: der-verified/src/boolean.rs:23:17 in function <boolean::BoolError as std::cmp::PartialEq>::eq

Check 17: <boolean::BoolError as std::cmp::PartialEq>::eq.pointer_dereference.12
	 - Status: SUCCESS
	 - Description: "dereference failure: invalid integer address"
	 - Location: der-verified/src/boolean.rs:23:17 in function <boolean::BoolError as std::cmp::PartialEq>::eq

Check 18: boolean::decode_bool.pointer_dereference.1
	 - Status: SUCCESS
	 - Description: "dereference failure: pointer NULL"
	 - Location: der-verified/src/boolean.rs:45:5 in function boolean::decode_bool

Check 19: boolean::decode_bool.pointer_dereference.2
	 - Status: SUCCESS
	 - Description: "dereference failure: pointer invalid"
	 - Location: der-verified/src/boolean.rs:45:5 in function boolean::decode_bool

Check 20: boolean::decode_bool.pointer_dereference.3
	 - Status: SUCCESS
	 - Description: "dereference failure: deallocated dynamic object"
	 - Location: der-verified/src/boolean.rs:45:5 in function boolean::decode_bool

Check 21: boolean::decode_bool.pointer_dereference.4
	 - Status: SUCCESS
	 - Description: "dereference failure: dead object"
	 - Location: der-verified/src/boolean.rs:45:5 in function boolean::decode_bool

Check 22: boolean::decode_bool.pointer_dereference.5
	 - Status: SUCCESS
	 - Description: "dereference failure: pointer outside object bounds"
	 - Location: der-verified/src/boolean.rs:45:5 in function boolean::decode_bool

Check 23: boolean::decode_bool.pointer_dereference.6
	 - Status: SUCCESS
	 - Description: "dereference failure: invalid integer address"
	 - Location: der-verified/src/boolean.rs:45:5 in function boolean::decode_bool


SUMMARY:
 ** 1 of 23 failed
Failed Checks: assertion failed: b == encode_bool(v)
 File: "der-verified/src/boolean.rs", line 61, in boolean::proofs::one_octet_is_canonical

VERIFICATION:- FAILED
Verification Time: 0.015804963s

Manual Harness Summary:
Verification failed for - boolean::proofs::one_octet_is_canonical
Complete - 0 successfully verified harnesses, 1 failures, 1 total.
Command exited with non-zero status 1
	Command being timed: "cargo kani --manifest-path der-verified/Cargo.toml --harness boolean::proofs::one_octet_is_canonical --exact -Z stubbing"
	User time (seconds): 0.26
	System time (seconds): 0.06
	Percent of CPU this job got: 100%
	Elapsed (wall clock) time (h:mm:ss or m:ss): 0:00.32
	Average shared text size (kbytes): 0
	Average unshared data size (kbytes): 0
	Average stack size (kbytes): 0
	Average total size (kbytes): 0
	Maximum resident set size (kbytes): 169852
	Average resident set size (kbytes): 0
	Major (requiring I/O) page faults: 0
	Minor (reclaiming a frame) page faults: 44244
	Voluntary context switches: 215
	Involuntary context switches: 13
	Swaps: 0
	File system inputs: 0
	File system outputs: 30176
	Socket messages sent: 0
	Socket messages received: 0
	Signals delivered: 0
	Page size (bytes): 4096
	Exit status: 1
